Component: Arm Compiler for Embedded 6.24 Tool: armlink [5f371500]

==============================================================================

Section Cross References

    fsp_led.o(.text.FSP_LED_Init) refers to common_data.o(.rodata.g_ioport) for g_ioport
    fsp_led.o(.text.FSP_LED_Init) refers to common_data.o(.bss.g_ioport_ctrl) for g_ioport_ctrl
    fsp_led.o(.text.FSP_LED_Init) refers to r_ioport.o(.text.R_IOPORT_Open) for R_IOPORT_Open
    fsp_led.o(.ARM.exidx.text.FSP_LED_Init) refers to fsp_led.o(.text.FSP_LED_Init) for [Anonymous Symbol]
    fsp_button.o(.text.FSP_Button_Init) refers to common_data.o(.rodata.g_ioport) for g_ioport
    fsp_button.o(.text.FSP_Button_Init) refers to common_data.o(.bss.g_ioport_ctrl) for g_ioport_ctrl
    fsp_button.o(.text.FSP_Button_Init) refers to r_ioport.o(.text.R_IOPORT_Open) for R_IOPORT_Open
    fsp_button.o(.ARM.exidx.text.FSP_Button_Init) refers to fsp_button.o(.text.FSP_Button_Init) for [Anonymous Symbol]
    fsp_button.o(.text.FSP_Scan_Key) refers to common_data.o(.bss.g_ioport_ctrl) for g_ioport_ctrl
    fsp_button.o(.text.FSP_Scan_Key) refers to r_ioport.o(.text.R_IOPORT_PinRead) for R_IOPORT_PinRead
    fsp_button.o(.ARM.exidx.text.FSP_Scan_Key) refers to fsp_button.o(.text.FSP_Scan_Key) for [Anonymous Symbol]
    fsp_icu_key.o(.text.Key_IRQ_Init) refers to common_data.o(.bss.irq9_ctrl) for irq9_ctrl
    fsp_icu_key.o(.text.Key_IRQ_Init) refers to common_data.o(.rodata.irq9_cfg) for irq9_cfg
    fsp_icu_key.o(.text.Key_IRQ_Init) refers to r_icu.o(.text.R_ICU_ExternalIrqOpen) for R_ICU_ExternalIrqOpen
    fsp_icu_key.o(.text.Key_IRQ_Init) refers to common_data.o(.bss.irq10_ctrl) for irq10_ctrl
    fsp_icu_key.o(.text.Key_IRQ_Init) refers to common_data.o(.rodata.irq10_cfg) for irq10_cfg
    fsp_icu_key.o(.text.Key_IRQ_Init) refers to r_icu.o(.text.R_ICU_ExternalIrqEnable) for R_ICU_ExternalIrqEnable
    fsp_icu_key.o(.text.Key_IRQ_Init) refers to bsp_common.o(.text.__aeabi_assert) for __aeabi_assert
    fsp_icu_key.o(.ARM.exidx.text.Key_IRQ_Init) refers to fsp_icu_key.o(.text.Key_IRQ_Init) for [Anonymous Symbol]
    fsp_icu_key.o(.text.key_external_irq) refers to fsp_icu_key.o(.bss.key2_sw3_press) for key2_sw3_press
    fsp_icu_key.o(.text.key_external_irq) refers to fsp_icu_key.o(.bss.key1_sw2_press) for key1_sw2_press
    fsp_icu_key.o(.ARM.exidx.text.key_external_irq) refers to fsp_icu_key.o(.text.key_external_irq) for [Anonymous Symbol]
    fsp_systick.o(.text.FSP_Systick_Init) refers to system.o(.bss.SystemCoreClock) for SystemCoreClock
    fsp_systick.o(.text.FSP_Systick_Init) refers to fsp_systick.o(.bss.FSP_Systick_period) for FSP_Systick_period
    fsp_systick.o(.ARM.exidx.text.FSP_Systick_Init) refers to fsp_systick.o(.text.FSP_Systick_Init) for [Anonymous Symbol]
    fsp_systick.o(.text.FSP_Delay_Systick) refers to fsp_systick.o(.bss.FSP_Systick_period) for FSP_Systick_period
    fsp_systick.o(.text.FSP_Delay_Systick) refers to fsp_systick.o(.bss.FSP_Delay_Nums) for FSP_Delay_Nums
    fsp_systick.o(.ARM.exidx.text.FSP_Delay_Systick) refers to fsp_systick.o(.text.FSP_Delay_Systick) for [Anonymous Symbol]
    fsp_systick.o(.text.SysTick_Handler) refers to fsp_systick.o(.bss.FSP_Delay_Nums) for FSP_Delay_Nums
    fsp_systick.o(.ARM.exidx.text.SysTick_Handler) refers to fsp_systick.o(.text.SysTick_Handler) for [Anonymous Symbol]
    fsp_uart.o(.text.FSP_UART_Init) refers to hal_data.o(.bss.UART_4_ctrl) for UART_4_ctrl
    fsp_uart.o(.text.FSP_UART_Init) refers to hal_data.o(.rodata.UART_4_cfg) for UART_4_cfg
    fsp_uart.o(.text.FSP_UART_Init) refers to r_sci_uart.o(.text.R_SCI_UART_Open) for R_SCI_UART_Open
    fsp_uart.o(.text.FSP_UART_Init) refers to bsp_common.o(.text.__aeabi_assert) for __aeabi_assert
    fsp_uart.o(.ARM.exidx.text.FSP_UART_Init) refers to fsp_uart.o(.text.FSP_UART_Init) for [Anonymous Symbol]
    fsp_uart.o(.text.UART4_Int_Callback) refers to circular_queue.o(.bss.Circular_queue) for Circular_queue
    fsp_uart.o(.text.UART4_Int_Callback) refers to circular_queue.o(.text.Queue_Wirte) for Queue_Wirte
    fsp_uart.o(.text.UART4_Int_Callback) refers to fsp_uart.o(.bss.Uart_Send_Seccuse_Ack) for Uart_Send_Seccuse_Ack
    fsp_uart.o(.ARM.exidx.text.UART4_Int_Callback) refers to fsp_uart.o(.text.UART4_Int_Callback) for [Anonymous Symbol]
    fsp_uart.o(.text.fputc) refers to hal_data.o(.bss.UART_4_ctrl) for UART_4_ctrl
    fsp_uart.o(.text.fputc) refers to r_sci_uart.o(.text.R_SCI_UART_Write) for R_SCI_UART_Write
    fsp_uart.o(.text.fputc) refers to fsp_uart.o(.bss.Uart_Send_Seccuse_Ack) for Uart_Send_Seccuse_Ack
    fsp_uart.o(.ARM.exidx.text.fputc) refers to fsp_uart.o(.text.fputc) for [Anonymous Symbol]
    circular_queue.o(.text.Queue_Init) refers to memseta.o(.text) for __aeabi_memclr
    circular_queue.o(.ARM.exidx.text.Queue_Init) refers to circular_queue.o(.text.Queue_Init) for [Anonymous Symbol]
[...]
    printf6.o(i.__0fprintf$6) refers to fsp_uart.o(.text.fputc) for fputc
    printf6.o(i.__0printf$6) refers to printf6.o(i._printf_core) for _printf_core
    printf6.o(i.__0printf$6) refers to fsp_uart.o(.text.fputc) for fputc
    printf6.o(i.__0printf$6) refers to stdout.o(.data) for __stdout
    printf6.o(i.__0snprintf$6) refers to printf6.o(i._printf_core) for _printf_core
    printf6.o(i.__0snprintf$6) refers to printf6.o(i._snputc) for _snputc
    printf6.o(i.__0sprintf$6) refers to printf6.o(i._printf_core) for _printf_core
    printf6.o(i.__0sprintf$6) refers to printf6.o(i._sputc) for _sputc
    printf6.o(i.__0vfprintf$6) refers to printf6.o(i._printf_core) for _printf_core
    printf6.o(i.__0vfprintf$6) refers to fsp_uart.o(.text.fputc) for fputc
    printf6.o(i.__0vprintf$6) refers to printf6.o(i._printf_core) for _printf_core
    printf6.o(i.__0vprintf$6) refers to fsp_uart.o(.text.fputc) for fputc
    printf6.o(i.__0vprintf$6) refers to stdout.o(.data) for __stdout
    printf6.o(i.__0vsnprintf$6) refers to printf6.o(i._printf_core) for _printf_core
    printf6.o(i.__0vsnprintf$6) refers to printf6.o(i._snputc) for _snputc
    printf6.o(i.__0vsprintf$6) refers to printf6.o(i._printf_core) for _printf_core
    printf6.o(i.__0vsprintf$6) refers to printf6.o(i._sputc) for _sputc
    printf6.o(i._printf_core) refers to printf6.o(i._printf_pre_padding) for _printf_pre_padding
    printf6.o(i._printf_core) refers to uidiv.o(.text) for __aeabi_uidivmod
    printf6.o(i._printf_core) refers to printf6.o(i._printf_post_padding) for _printf_post_padding
    printf7.o(i.__0fprintf$7) refers to printf7.o(i._printf_core) for _printf_core
    printf7.o(i.__0fprintf$7) refers to fsp_uart.o(.text.fputc) for fputc
    printf7.o(i.__0printf$7) refers to printf7.o(i._printf_core) for _printf_core
    printf7.o(i.__0printf$7) refers to fsp_uart.o(.text.fputc) for fputc
    printf7.o(i.__0printf$7) refers to stdout.o(.data) for __stdout
    printf7.o(i.__0snprintf$7) refers to printf7.o(i._printf_core) for _printf_core
    printf7.o(i.__0snprintf$7) refers to printf7.o(i._snputc) for _snputc
    printf7.o(i.__0sprintf$7) refers to printf7.o(i._printf_core) for _printf_core
    printf7.o(i.__0sprintf$7) refers to printf7.o(i._sputc) for _sputc
    printf7.o(i.__0vfprintf$7) refers to printf7.o(i._printf_core) for _printf_core
    printf7.o(i.__0vfprintf$7) refers to fsp_uart.o(.text.fputc) for fputc
    printf7.o(i.__0vprintf$7) refers to printf7.o(i._printf_core) for _printf_core
    printf7.o(i.__0vprintf$7) refers to fsp_uart.o(.text.fputc) for fputc
    printf7.o(i.__0vprintf$7) refers to stdout.o(.data) for __stdout
    printf7.o(i.__0vsnprintf$7) refers to printf7.o(i._printf_core) for _printf_core
    printf7.o(i.__0vsnprintf$7) refers to printf7.o(i._snputc) for _snputc
    printf7.o(i.__0vsprintf$7) refers to printf7.o(i._printf_core) for _printf_core
    printf7.o(i.__0vsprintf$7) refers to printf7.o(i._sputc) for _sputc
    printf7.o(i._printf_core) refers to printf7.o(i._printf_pre_padding) for _printf_pre_padding
    printf7.o(i._printf_core) refers to uldiv.o(.text) for __aeabi_uldivmod
    printf7.o(i._printf_core) refers to printf7.o(i._printf_post_padding) for _printf_post_padding
    printf8.o(i.__0fprintf$8) refers to printf8.o(i._printf_core) for _printf_core
    printf8.o(i.__0fprintf$8) refers to fsp_uart.o(.text.fputc) for fputc
    printf8.o(i.__0printf$8) refers to printf8.o(i._printf_core) for _printf_core
    printf8.o(i.__0printf$8) refers to fsp_uart.o(.text.fputc) for fputc
    printf8.o(i.__0printf$8) refers to stdout.o(.data) for __stdout
    printf8.o(i.__0snprintf$8) refers to printf8.o(i._printf_core) for _printf_core
    printf8.o(i.__0snprintf$8) refers to printf8.o(i._snputc) for _snputc
    printf8.o(i.__0sprintf$8) refers to printf8.o(i._printf_core) for _printf_core
    printf8.o(i.__0sprintf$8) refers to printf8.o(i._sputc) for _sputc
    printf8.o(i.__0vfprintf$8) refers to printf8.o(i._printf_core) for _printf_core
    printf8.o(i.__0vfprintf$8) refers to fsp_uart.o(.text.fputc) for fputc
    printf8.o(i.__0vprintf$8) refers to printf8.o(i._printf_core) for _printf_core
    printf8.o(i.__0vprintf$8) refers to fsp_uart.o(.text.fputc) for fputc
    printf8.o(i.__0vprintf$8) refers to stdout.o(.data) for __stdout
    printf8.o(i.__0vsnprintf$8) refers to printf8.o(i._printf_core) for _printf_core
    printf8.o(i.__0vsnprintf$8) refers to printf8.o(i._snputc) for _snputc
    printf8.o(i.__0vsprintf$8) refers to printf8.o(i._printf_core) for _printf_core
    printf8.o(i.__0vsprintf$8) refers to printf8.o(i._sputc) for _sputc
    printf8.o(i._printf_core) refers to printf8.o(i._printf_pre_padding) for _printf_pre_padding
    printf8.o(i._printf_core) refers to uldiv.o(.text) for __aeabi_uldivmod
    printf8.o(i._printf_core) refers to printf8.o(i._printf_post_padding) for _printf_post_padding
    printfa.o(i.__0fprintf) refers (Special) to iusefp.o(.text) for __I$use$fp
    printfa.o(i.__0fprintf) refers to printfa.o(i._printf_core) for _printf_core
    printfa.o(i.__0fprintf) refers to fsp_uart.o(.text.fputc) for fputc
    printfa.o(i.__0printf) refers (Special) to iusefp.o(.text) for __I$use$fp
    printfa.o(i.__0printf) refers to printfa.o(i._printf_core) for _printf_core
    printfa.o(i.__0printf) refers to fsp_uart.o(.text.fputc) for fputc
    printfa.o(i.__0printf) refers to stdout.o(.data) for __stdout
    printfa.o(i.__0snprintf) refers (Special) to iusefp.o(.text) for __I$use$fp
    printfa.o(i.__0snprintf) refers to printfa.o(i._printf_core) for _printf_core
    printfa.o(i.__0snprintf) refers to printfa.o(i._snputc) for _snputc
    printfa.o(i.__0sprintf) refers (Special) to iusefp.o(.text) for __I$use$fp
    printfa.o(i.__0sprintf) refers to printfa.o(i._printf_core) for _printf_core
    printfa.o(i.__0sprintf) refers to printfa.o(i._sputc) for _sputc
    printfa.o(i.__0vfprintf) refers (Special) to iusefp.o(.text) for __I$use$fp
    printfa.o(i.__0vfprintf) refers to printfa.o(i._printf_core) for _printf_core
    printfa.o(i.__0vfprintf) refers to fsp_uart.o(.text.fputc) for fputc
    printfa.o(i.__0vprintf) refers (Special) to iusefp.o(.text) for __I$use$fp
    printfa.o(i.__0vprintf) refers to printfa.o(i._printf_core) for _printf_core
    printfa.o(i.__0vprintf) refers to fsp_uart.o(.text.fputc) for fputc
    printfa.o(i.__0vprintf) refers to stdout.o(.data) for __stdout
    printfa.o(i.__0vsnprintf) refers (Special) to iusefp.o(.text) for __I$use$fp
    printfa.o(i.__0vsnprintf) refers to printfa.o(i._printf_core) for _printf_core
    printfa.o(i.__0vsnprintf) refers to printfa.o(i._snputc) for _snputc
    printfa.o(i.__0vsprintf) refers (Special) to iusefp.o(.text) for __I$use$fp
    printfa.o(i.__0vsprintf) refers to printfa.o(i._printf_core) for _printf_core
    printfa.o(i.__0vsprintf) refers to printfa.o(i._sputc) for _sputc
    printfa.o(i._fp_digits) refers (Special) to iusefp.o(.text) for __I$use$fp
    printfa.o(i._fp_digits) refers to dmul.o(.text) for __aeabi_dmul
    printfa.o(i._fp_digits) refers to ddiv.o(.text) for __aeabi_ddiv
    printfa.o(i._fp_digits) refers to cdrcmple.o(.text) for __aeabi_cdrcmple
    printfa.o(i._fp_digits) refers to dadd.o(.text) for __aeabi_dadd
    printfa.o(i._fp_digits) refers to dfixul.o(.text) for __aeabi_d2ulz
    printfa.o(i._fp_digits) refers to uldiv.o(.text) for __aeabi_uldivmod
    printfa.o(i._printf_core) refers (Special) to iusefp.o(.text) for __I$use$fp
    printfa.o(i._printf_core) refers to printfa.o(i._printf_pre_padding) for _printf_pre_padding
    printfa.o(i._printf_core) refers to uldiv.o(.text) for __aeabi_uldivmod
    printfa.o(i._printf_core) refers to printfa.o(i._printf_post_padding) for _printf_post_padding
    printfa.o(i._printf_core) refers to printfa.o(i._fp_digits) for _fp_digits
    printfa.o(i._printf_core) refers to uidiv.o(.text) for __aeabi_uidivmod
    printfa.o(i._printf_post_padding) refers (Special) to iusefp.o(.text) for __I$use$fp
    printfa.o(i._printf_pre_padding) refers (Special) to iusefp.o(.text) for __I$use$fp
    printfa.o(i._snputc) refers (Special) to iusefp.o(.text) for __I$use$fp
    printfa.o(i._sputc) refers (Special) to iusefp.o(.text) for __I$use$fp
    uldiv.o(.text) refers to llushr.o(.text) for __aeabi_llsr
    uldiv.o(.text) refers to llshl.o(.text) for __aeabi_llsl
    dadd.o(.text) refers (Special) to iusefp.o(.text) for __I$use$fp
    dadd.o(.text) refers to llshl.o(.text) for __aeabi_llsl
    dadd.o(.text) refers to llsshr.o(.text) for __aeabi_lasr
    dadd.o(.text) refers to depilogue.o(.text) for _double_epilogue
    dmul.o(.text) refers (Special) to iusefp.o(.text) for __I$use$fp
    dmul.o(.text) refers to depilogue.o(.text) for _double_epilogue
    ddiv.o(.text) refers (Special) to iusefp.o(.text) for __I$use$fp
    ddiv.o(.text) refers to depilogue.o(.text) for _double_round
    dfixul.o(.text) refers (Special) to iusefp.o(.text) for __I$use$fp
    dfixul.o(.text) refers to llushr.o(.text) for __aeabi_llsr
    dfixul.o(.text) refers to llshl.o(.text) for __aeabi_llsl
    cdrcmple.o(.text) refers (Special) to iusefp.o(.text) for __I$use$fp
    depilogue.o(.text) refers (Special) to iusefp.o(.text) for __I$use$fp
    depilogue.o(.text) refers to llshl.o(.text) for __aeabi_llsl
    depilogue.o(.text) refers to llushr.o(.text) for __aeabi_llsr


==============================================================================

Removing Unused input sections from the image.

    Removing fsp_led.o(.text), (0 bytes).
    Removing fsp_led.o(.text.FSP_LED_Init), (22 bytes).
    Removing fsp_led.o(.ARM.exidx.text.FSP_LED_Init), (8 bytes).
    Removing fsp_button.o(.text), (0 bytes).
    Removing fsp_button.o(.ARM.exidx.text.FSP_Button_Init), (8 bytes).
    Removing fsp_button.o(.ARM.exidx.text.FSP_Scan_Key), (8 bytes).
    Removing fsp_icu_key.o(.text), (0 bytes).
    Removing fsp_icu_key.o(.text.Key_IRQ_Init), (108 bytes).
    Removing fsp_icu_key.o(.ARM.exidx.text.Key_IRQ_Init), (8 bytes).
    Removing fsp_icu_key.o(.text.key_external_irq), (36 bytes).
    Removing fsp_icu_key.o(.ARM.exidx.text.key_external_irq), (8 bytes).
    Removing fsp_icu_key.o(.bss.key1_sw2_press), (1 bytes).
    Removing fsp_icu_key.o(.bss.key2_sw3_press), (1 bytes).
    Removing fsp_systick.o(.text), (0 bytes).
    Removing fsp_systick.o(.text.FSP_Systick_Init), (66 bytes).
    Removing fsp_systick.o(.ARM.exidx.text.FSP_Systick_Init), (8 bytes).
    Removing fsp_systick.o(.text.FSP_Delay_Systick), (48 bytes).
    Removing fsp_systick.o(.ARM.exidx.text.FSP_Delay_Systick), (8 bytes).
    Removing fsp_systick.o(.ARM.exidx.text.SysTick_Handler), (8 bytes).
    Removing fsp_systick.o(.bss.FSP_Systick_period), (4 bytes).
    Removing fsp_uart.o(.text), (0 bytes).
    Removing fsp_uart.o(.ARM.exidx.text.FSP_UART_Init), (8 bytes).
    Removing fsp_uart.o(.ARM.exidx.text.UART4_Int_Callback), (8 bytes).
    Removing fsp_uart.o(.ARM.exidx.text.fputc), (8 bytes).
    Removing circular_queue.o(.text), (0 bytes).
    Removing circular_queue.o(.ARM.exidx.text.Queue_Init), (8 bytes).
    Removing circular_queue.o(.ARM.exidx.text.Queue_isEmpty), (8 bytes).
    Removing circular_queue.o(.text.Queue_isFull), (42 bytes).
    Removing circular_queue.o(.ARM.exidx.text.Queue_isFull), (8 bytes).
    Removing circular_queue.o(.ARM.exidx.text.Queue_HadUse), (8 bytes).
    Removing circular_queue.o(.text.Queue_NoUse), (52 bytes).
    Removing circular_queue.o(.ARM.exidx.text.Queue_NoUse), (8 bytes).
    Removing circular_queue.o(.ARM.exidx.text.Queue_Wirte), (8 bytes).
    Removing circular_queue.o(.ARM.exidx.text.Queue_Read), (8 bytes).
    Removing hal_entry.o(.text), (0 bytes).
    Removing hal_entry.o(.ARM.exidx.text.hal_entry), (8 bytes).
    Removing hal_entry.o(.ARM.exidx.text.R_BSP_WarmStart), (8 bytes).
    Removing startup.o(.text), (0 bytes).
    Removing startup.o(.ARM.exidx.text.Reset_Handler), (8 bytes).
    Removing startup.o(.ARM.exidx.text.Default_Handler), (8 bytes).
    Removing system.o(.text), (0 bytes).
    Removing system.o(.ARM.exidx.text.SystemInit), (8 bytes).
    Removing system.o(.text.R_BSP_WarmStart), (2 bytes).
    Removing system.o(.ARM.exidx.text.R_BSP_WarmStart), (8 bytes).
    Removing bsp_clocks.o(.text), (0 bytes).
    Removing bsp_clocks.o(.text.bsp_prv_operating_mode_set), (68 bytes).
    Removing bsp_clocks.o(.ARM.exidx.text.bsp_prv_operating_mode_set), (8 bytes).
    Removing bsp_clocks.o(.text.bsp_prv_prepare_pll), (12 bytes).
    Removing bsp_clocks.o(.ARM.exidx.text.bsp_prv_prepare_pll), (8 bytes).
    Removing bsp_clocks.o(.ARM.exidx.text.SystemCoreClockUpdate), (8 bytes).
    Removing bsp_clocks.o(.text.prv_clock_dividers_set), (12 bytes).
    Removing bsp_clocks.o(.ARM.exidx.text.prv_clock_dividers_set), (8 bytes).
    Removing bsp_clocks.o(.text.bsp_prv_clock_set), (204 bytes).
    Removing bsp_clocks.o(.ARM.exidx.text.bsp_prv_clock_set), (8 bytes).
    Removing bsp_clocks.o(.ARM.exidx.text.bsp_clock_init), (8 bytes).
    Removing bsp_clocks.o(.text.R_BSP_SubClockStabilizeWait), (8 bytes).
    Removing bsp_clocks.o(.ARM.exidx.text.R_BSP_SubClockStabilizeWait), (8 bytes).
    Removing bsp_clocks.o(.text.R_BSP_OctaclkUpdate), (78 bytes).
    Removing bsp_clocks.o(.ARM.exidx.text.R_BSP_OctaclkUpdate), (8 bytes).
    Removing bsp_clocks.o(.text.R_BSP_SourceClockHzGet), (14 bytes).
    Removing bsp_clocks.o(.ARM.exidx.text.R_BSP_SourceClockHzGet), (8 bytes).
    Removing bsp_clocks.o(.ARM.exidx.text.R_BSP_Init_RTC), (8 bytes).
    Removing bsp_common.o(.text), (0 bytes).
    Removing bsp_common.o(.ARM.exidx.text.bsp_init_internal), (8 bytes).
    Removing bsp_common.o(.text.R_FSP_VersionGet), (14 bytes).
    Removing bsp_common.o(.ARM.exidx.text.R_FSP_VersionGet), (8 bytes).
    Removing bsp_common.o(.ARM.exidx.text.__aeabi_assert), (8 bytes).
    Removing bsp_delay.o(.text), (0 bytes).
    Removing bsp_delay.o(.ARM.exidx.text.R_BSP_SoftwareDelay), (8 bytes).
    Removing bsp_delay.o(.ARM.exidx.text.bsp_prv_software_delay_loop), (8 bytes).
    Removing bsp_group_irq.o(.text), (0 bytes).
    Removing bsp_group_irq.o(.text.R_BSP_GroupIrqWrite), (18 bytes).
    Removing bsp_group_irq.o(.ARM.exidx.text.R_BSP_GroupIrqWrite), (8 bytes).
    Removing bsp_group_irq.o(.ARM.exidx.text.NMI_Handler), (8 bytes).
    Removing bsp_guard.o(.text), (0 bytes).
    Removing bsp_io.o(.text), (0 bytes).
    Removing bsp_irq.o(.text), (0 bytes).
    Removing bsp_irq.o(.ARM.exidx.text.bsp_irq_cfg), (8 bytes).
    Removing bsp_irq.o(.rodata.g_interrupt_event_link_select), (384 bytes).
    Removing bsp_register_protection.o(.text), (0 bytes).
    Removing bsp_register_protection.o(.ARM.exidx.text.R_BSP_RegisterProtectEnable), (8 bytes).
    Removing bsp_register_protection.o(.ARM.exidx.text.R_BSP_RegisterProtectDisable), (8 bytes).
    Removing bsp_rom_registers.o(.text), (0 bytes).
    Removing bsp_sbrk.o(.text), (0 bytes).
    Removing bsp_security.o(.text), (0 bytes).
    Removing bsp_security.o(.rodata.gp_start_of_nonsecure_flash), (4 bytes).
    Removing bsp_security.o(.rodata.gp_start_of_nonsecure_callable_flash), (4 bytes).
    Removing bsp_security.o(.rodata.gp_start_of_secure_flash), (4 bytes).
    Removing bsp_security.o(.rodata.gp_start_of_nonsecure_ram), (4 bytes).
    Removing bsp_security.o(.rodata.gp_start_of_nonsecure_callable_ram), (4 bytes).
    Removing bsp_security.o(.rodata.gp_start_of_secure_ram), (4 bytes).
    Removing bsp_security.o(.rodata.gp_start_of_nonsecure_data_flash), (4 bytes).
    Removing bsp_security.o(.rodata.gp_start_of_secure_data_flash), (4 bytes).
    Removing r_icu.o(.text), (0 bytes).
    Removing r_icu.o(.text.R_ICU_ExternalIrqOpen), (118 bytes).
    Removing r_icu.o(.ARM.exidx.text.R_ICU_ExternalIrqOpen), (8 bytes).
    Removing r_icu.o(.text.R_ICU_ExternalIrqEnable), (66 bytes).
    Removing r_icu.o(.ARM.exidx.text.R_ICU_ExternalIrqEnable), (8 bytes).
    Removing r_icu.o(.text.R_ICU_ExternalIrqDisable), (38 bytes).
    Removing r_icu.o(.ARM.exidx.text.R_ICU_ExternalIrqDisable), (8 bytes).
    Removing r_icu.o(.text.R_ICU_ExternalIrqCallbackSet), (10 bytes).
    Removing r_icu.o(.ARM.exidx.text.R_ICU_ExternalIrqCallbackSet), (8 bytes).
    Removing r_icu.o(.text.R_ICU_ExternalIrqClose), (64 bytes).
    Removing r_icu.o(.ARM.exidx.text.R_ICU_ExternalIrqClose), (8 bytes).
    Removing r_icu.o(.ARM.exidx.text.r_icu_isr), (8 bytes).
    Removing r_icu.o(.rodata.g_external_irq_on_icu), (20 bytes).
    Removing r_ioport.o(.text), (0 bytes).
    Removing r_ioport.o(.ARM.exidx.text.R_IOPORT_Open), (8 bytes).
    Removing r_ioport.o(.ARM.exidx.text.R_IOPORT_Close), (8 bytes).
    Removing r_ioport.o(.ARM.exidx.text.R_IOPORT_PinsCfg), (8 bytes).
    Removing r_ioport.o(.ARM.exidx.text.R_IOPORT_PinCfg), (8 bytes).
    Removing r_ioport.o(.ARM.exidx.text.R_IOPORT_PinEventInputRead), (8 bytes).
    Removing r_ioport.o(.ARM.exidx.text.R_IOPORT_PinEventOutputWrite), (8 bytes).
    Removing r_ioport.o(.ARM.exidx.text.R_IOPORT_PinRead), (8 bytes).
    Removing r_ioport.o(.ARM.exidx.text.R_IOPORT_PinWrite), (8 bytes).
    Removing r_ioport.o(.ARM.exidx.text.R_IOPORT_PortDirectionSet), (8 bytes).
    Removing r_ioport.o(.ARM.exidx.text.R_IOPORT_PortEventInputRead), (8 bytes).
    Removing r_ioport.o(.ARM.exidx.text.R_IOPORT_PortEventOutputWrite), (8 bytes).
    Removing r_ioport.o(.ARM.exidx.text.R_IOPORT_PortRead), (8 bytes).
    Removing r_ioport.o(.ARM.exidx.text.R_IOPORT_PortWrite), (8 bytes).
    Removing r_ioport.o(.ARM.exidx.text.r_ioport_pins_config), (8 bytes).
    Removing r_ioport.o(.ARM.exidx.text.bsp_vbatt_init), (8 bytes).
    Removing r_sci_uart.o(.text), (0 bytes).
    Removing r_sci_uart.o(.ARM.exidx.text.R_SCI_UART_Open), (8 bytes).
    Removing r_sci_uart.o(.text.R_SCI_UART_Read), (10 bytes).
    Removing r_sci_uart.o(.ARM.exidx.text.R_SCI_UART_Read), (8 bytes).
    Removing r_sci_uart.o(.ARM.exidx.text.R_SCI_UART_Write), (8 bytes).
    Removing r_sci_uart.o(.text.R_SCI_UART_BaudSet), (80 bytes).
    Removing r_sci_uart.o(.ARM.exidx.text.R_SCI_UART_BaudSet), (8 bytes).
    Removing r_sci_uart.o(.text.R_SCI_UART_InfoGet), (12 bytes).
    Removing r_sci_uart.o(.ARM.exidx.text.R_SCI_UART_InfoGet), (8 bytes).
    Removing r_sci_uart.o(.text.R_SCI_UART_Abort), (34 bytes).
    Removing r_sci_uart.o(.ARM.exidx.text.R_SCI_UART_Abort), (8 bytes).
    Removing r_sci_uart.o(.text.R_SCI_UART_CallbackSet), (14 bytes).
    Removing r_sci_uart.o(.ARM.exidx.text.R_SCI_UART_CallbackSet), (8 bytes).
    Removing r_sci_uart.o(.text.R_SCI_UART_Close), (166 bytes).
    Removing r_sci_uart.o(.ARM.exidx.text.R_SCI_UART_Close), (8 bytes).
    Removing r_sci_uart.o(.text.R_SCI_UART_ReadStop), (14 bytes).
    Removing r_sci_uart.o(.ARM.exidx.text.R_SCI_UART_ReadStop), (8 bytes).
    Removing r_sci_uart.o(.text.R_SCI_UART_BaudCalculate), (392 bytes).
    Removing r_sci_uart.o(.ARM.exidx.text.R_SCI_UART_BaudCalculate), (8 bytes).
    Removing r_sci_uart.o(.ARM.exidx.text.sci_uart_txi_isr), (8 bytes).
    Removing r_sci_uart.o(.ARM.exidx.text.r_sci_uart_call_callback), (8 bytes).
    Removing r_sci_uart.o(.ARM.exidx.text.sci_uart_rxi_isr), (8 bytes).
    Removing r_sci_uart.o(.ARM.exidx.text.sci_uart_tei_isr), (8 bytes).
    Removing r_sci_uart.o(.ARM.exidx.text.sci_uart_eri_isr), (8 bytes).
    Removing r_sci_uart.o(.rodata.g_uart_on_sci), (36 bytes).
    Removing r_sci_uart.o(.rodata.g_async_baud), (13 bytes).
    Removing r_sci_uart.o(.rodata.g_div_coefficient), (26 bytes).
    Removing common_data.o(.text), (0 bytes).
    Removing common_data.o(.text.g_common_init), (2 bytes).
    Removing common_data.o(.ARM.exidx.text.g_common_init), (8 bytes).
    Removing common_data.o(.rodata.irq10_cfg), (32 bytes).
    Removing common_data.o(.bss.irq10_ctrl), (20 bytes).
    Removing common_data.o(.rodata.irq10), (12 bytes).
    Removing common_data.o(.rodata.irq9_cfg), (32 bytes).
    Removing common_data.o(.bss.irq9_ctrl), (20 bytes).
    Removing common_data.o(.rodata.irq9), (12 bytes).
    Removing hal_data.o(.text), (0 bytes).
    Removing hal_data.o(.text.g_hal_init), (4 bytes).
    Removing hal_data.o(.ARM.exidx.text.g_hal_init), (8 bytes).
    Removing hal_data.o(.rodata.UART_4), (12 bytes).
    Removing main.o(.text), (0 bytes).
    Removing main.o(.ARM.exidx.text.main), (8 bytes).
    Removing main.o(.ARM.use_no_argv), (4 bytes).
    Removing pin_data.o(.text), (0 bytes).
    Removing vector_data.o(.text), (0 bytes).
    Removing dadd.o(.text), (334 bytes).
    Removing dmul.o(.text), (228 bytes).
    Removing ddiv.o(.text), (222 bytes).
    Removing dfixul.o(.text), (48 bytes).
    Removing cdrcmple.o(.text), (48 bytes).
    Removing depilogue.o(.text), (186 bytes).

173 unused section(s) (total 4219 bytes) removed from the image.

==============================================================================

Image Symbol Table

    Local Symbols

    Symbol Name                              Value     Ov Type        Size  Object(Section)

    ../clib/division.s                       0x00000000   Number         0  aeabi_sdiv.o ABSOLUTE
    ../clib/microlib/division.c              0x00000000   Number         0  ldiv.o ABSOLUTE
    ../clib/microlib/division.c              0x00000000   Number         0  uidiv.o ABSOLUTE
    ../clib/microlib/division.c              0x00000000   Number         0  uldiv.o ABSOLUTE
    ../clib/microlib/longlong.c              0x00000000   Number         0  llshl.o ABSOLUTE
    ../clib/microlib/longlong.c              0x00000000   Number         0  llushr.o ABSOLUTE
    ../clib/microlib/longlong.c              0x00000000   Number         0  llsshr.o ABSOLUTE
    ../clib/microlib/printf/printf.c         0x00000000   Number         0  printfb.o ABSOLUTE
    ../clib/microlib/printf/printf.c         0x00000000   Number         0  printf0.o ABSOLUTE
    ../clib/microlib/printf/printf.c         0x00000000   Number         0  printf1.o ABSOLUTE
    ../clib/microlib/printf/printf.c         0x00000000   Number         0  printf2.o ABSOLUTE
    ../clib/microlib/printf/printf.c         0x00000000   Number         0  printf3.o ABSOLUTE
    ../clib/microlib/printf/printf.c         0x00000000   Number         0  printf4.o ABSOLUTE
    ../clib/microlib/printf/printf.c         0x00000000   Number         0  printf5.o ABSOLUTE
    ../clib/microlib/printf/printf.c         0x00000000   Number         0  printf6.o ABSOLUTE
    ../clib/microlib/printf/printf.c         0x00000000   Number         0  printf7.o ABSOLUTE
    ../clib/microlib/printf/printf.c         0x00000000   Number         0  printf8.o ABSOLUTE
    ../clib/microlib/printf/printf.c         0x00000000   Number         0  printfa.o ABSOLUTE
    ../clib/microlib/printf/stubs.s          0x00000000   Number         0  printfstubs.o ABSOLUTE
    ../clib/microlib/stdio/puts.c            0x00000000   Number         0  puts.o ABSOLUTE
    ../clib/microlib/stdio/puts.c            0x00000000   Number         0  puts_e.o ABSOLUTE
    ../clib/microlib/stdio/streams.c         0x00000000   Number         0  stdout.o ABSOLUTE
    ../clib/microlib/string/memcpy.c         0x00000000   Number         0  memcpya.o ABSOLUTE
    ../clib/microlib/string/memcpy.c         0x00000000   Number         0  memcpyb.o ABSOLUTE
    ../clib/microlib/string/memset.c         0x00000000   Number         0  memseta.o ABSOLUTE
    ../clib/microlib/stubs.s                 0x00000000   Number         0  iusefp.o ABSOLUTE
    ../fplib/microlib/fpadd.c                0x00000000   Number         0  dadd.o ABSOLUTE
    ../fplib/microlib/fpdiv.c                0x00000000   Number         0  ddiv.o ABSOLUTE
    ../fplib/microlib/fpepilogue.c           0x00000000   Number         0  depilogue.o ABSOLUTE
    ../fplib/microlib/fpfix.c                0x00000000   Number         0  dfixul.o ABSOLUTE
    ../fplib/microlib/fpmul.c                0x00000000   Number         0  dmul.o ABSOLUTE
    FSP_Button.c                             0x00000000   Number         0  fsp_button.o ABSOLUTE
    FSP_ICU_key.c                            0x00000000   Number         0  fsp_icu_key.o ABSOLUTE
    FSP_LED.c                                0x00000000   Number         0  fsp_led.o ABSOLUTE
    FSP_Systick.c                            0x00000000   Number         0  fsp_systick.o ABSOLUTE
    FSP_UART.c                               0x00000000   Number         0  fsp_uart.o ABSOLUTE
    __tagsym$$used.1                         0x00000000   Number         0  startup.o(.fixed_vectors)
    bsp_clocks.c                             0x00000000   Number         0  bsp_clocks.o ABSOLUTE
    bsp_common.c                             0x00000000   Number         0  bsp_common.o ABSOLUTE
    bsp_delay.c                              0x00000000   Number         0  bsp_delay.o ABSOLUTE
    bsp_group_irq.c                          0x00000000   Number         0  bsp_group_irq.o ABSOLUTE
    bsp_guard.c                              0x00000000   Number         0  bsp_guard.o ABSOLUTE
    bsp_io.c                                 0x00000000   Number         0  bsp_io.o ABSOLUTE
    bsp_irq.c                                0x00000000   Number         0  bsp_irq.o ABSOLUTE
    bsp_register_protection.c                0x00000000   Number         0  bsp_register_protection.o ABSOLUTE
    bsp_rom_registers.c                      0x00000000   Number         0  bsp_rom_registers.o ABSOLUTE
    bsp_sbrk.c                               0x00000000   Number         0  bsp_sbrk.o ABSOLUTE
    bsp_security.c                           0x00000000   Number         0  bsp_security.o ABSOLUTE
    cdrcmple.s                               0x00000000   Number         0  cdrcmple.o ABSOLUTE
    circular_queue.c                         0x00000000   Number         0  circular_queue.o ABSOLUTE
    common_data.c                            0x00000000   Number         0  common_data.o ABSOLUTE
    dc.s                                     0x00000000   Number         0  dc.o ABSOLUTE
    hal_data.c                               0x00000000   Number         0  hal_data.o ABSOLUTE
    hal_entry.c                              0x00000000   Number         0  hal_entry.o ABSOLUTE
    main.c                                   0x00000000   Number         0  main.o ABSOLUTE
    pin_data.c                               0x00000000   Number         0  pin_data.o ABSOLUTE
    r_icu.c                                  0x00000000   Number         0  r_icu.o ABSOLUTE
    r_ioport.c                               0x00000000   Number         0  r_ioport.o ABSOLUTE
    r_sci_uart.c                             0x00000000   Number         0  r_sci_uart.o ABSOLUTE
    startup.c                                0x00000000   Number         0  startup.o ABSOLUTE
    system.c                                 0x00000000   Number         0  system.o ABSOLUTE
    vector_data.c                            0x00000000   Number         0  vector_data.o ABSOLUTE
    __tagsym$$used.0                         0x00000040   Number         0  vector_data.o(.application_vectors)
    .text                                    0x000001c0   Section        0  memcpya.o(.text)
    .text                                    0x000001e4   Section        0  memseta.o(.text)
    .text                                    0x00000208   Section        0  uidiv.o(.text)
    [Anonymous Symbol]                       0x00000234   Section        0  startup.o(.text.Default_Handler)
    [Anonymous Symbol]                       0x00000238   Section        0  fsp_button.o(.text.FSP_Button_Init)
    [Anonymous Symbol]                       0x00000250   Section        0  fsp_button.o(.text.FSP_Scan_Key)
    [Anonymous Symbol]                       0x00000294   Section        0  fsp_uart.o(.text.FSP_UART_Init)
    [Anonymous Symbol]                       0x000002d8   Section        0  bsp_group_irq.o(.text.NMI_Handler)
    [Anonymous Symbol]                       0x0000030e   Section        0  circular_queue.o(.text.Queue_HadUse)
    [Anonymous Symbol]                       0x00000338   Section        0  circular_queue.o(.text.Queue_Init)
    [Anonymous Symbol]                       0x00000354   Section        0  circular_queue.o(.text.Queue_Read)
    [Anonymous Symbol]                       0x000003c8   Section        0  circular_queue.o(.text.Queue_Wirte)
    [Anonymous Symbol]                       0x0000043c   Section        0  circular_queue.o(.text.Queue_isEmpty)
    [Anonymous Symbol]                       0x00000450   Section        0  bsp_clocks.o(.text.R_BSP_Init_RTC)
    [Anonymous Symbol]                       0x0000049e   Section        0  bsp_register_protection.o(.text.R_BSP_RegisterProtectDisable)
    [Anonymous Symbol]                       0x000004ec   Section        0  bsp_register_protection.o(.text.R_BSP_RegisterProtectEnable)
    [Anonymous Symbol]                       0x0000053e   Section        0  bsp_delay.o(.text.R_BSP_SoftwareDelay)
    [Anonymous Symbol]                       0x00000596   Section        0  hal_entry.o(.text.R_BSP_WarmStart)
    [Anonymous Symbol]                       0x000005b2   Section        0  r_ioport.o(.text.R_IOPORT_Close)
    [Anonymous Symbol]                       0x000005bc   Section        0  r_ioport.o(.text.R_IOPORT_Open)
    [Anonymous Symbol]                       0x000005d2   Section        0  r_ioport.o(.text.R_IOPORT_PinCfg)
    [Anonymous Symbol]                       0x00000684   Section        0  r_ioport.o(.text.R_IOPORT_PinEventInputRead)
    [Anonymous Symbol]                       0x000006ac   Section        0  r_ioport.o(.text.R_IOPORT_PinEventOutputWrite)
    [Anonymous Symbol]                       0x000006ee   Section        0  r_ioport.o(.text.R_IOPORT_PinRead)
    [Anonymous Symbol]                       0x00000710   Section        0  r_ioport.o(.text.R_IOPORT_PinWrite)
    [Anonymous Symbol]                       0x00000738   Section        0  r_ioport.o(.text.R_IOPORT_PinsCfg)
    [Anonymous Symbol]                       0x00000744   Section        0  r_ioport.o(.text.R_IOPORT_PortDirectionSet)
    [Anonymous Symbol]                       0x00000770   Section        0  r_ioport.o(.text.R_IOPORT_PortEventInputRead)
    [Anonymous Symbol]                       0x00000788   Section        0  r_ioport.o(.text.R_IOPORT_PortEventOutputWrite)
    [Anonymous Symbol]                       0x000007a8   Section        0  r_ioport.o(.text.R_IOPORT_PortRead)
    [Anonymous Symbol]                       0x000007be   Section        0  r_ioport.o(.text.R_IOPORT_PortWrite)
    [Anonymous Symbol]                       0x000007de   Section        0  r_sci_uart.o(.text.R_SCI_UART_Open)
    [Anonymous Symbol]                       0x00000afc   Section        0  r_sci_uart.o(.text.R_SCI_UART_Write)
    [Anonymous Symbol]                       0x00000b48   Section        0  startup.o(.text.Reset_Handler)
    [Anonymous Symbol]                       0x00000b52   Section        0  fsp_systick.o(.text.SysTick_Handler)
    [Anonymous Symbol]                       0x00000b66   Section        0  bsp_clocks.o(.text.SystemCoreClockUpdate)
    [Anonymous Symbol]                       0x00000b94   Section        0  system.o(.text.SystemInit)
    [Anonymous Symbol]                       0x00000c60   Section        0  fsp_uart.o(.text.UART4_Int_Callback)
    [Anonymous Symbol]                       0x00000c8c   Section        0  bsp_common.o(.text.__aeabi_assert)
    [Anonymous Symbol]                       0x00000c94   Section        0  bsp_clocks.o(.text.bsp_clock_init)
    [Anonymous Symbol]                       0x00000da4   Section        0  bsp_common.o(.text.bsp_init_internal)
    [Anonymous Symbol]                       0x00000da8   Section        0  bsp_irq.o(.text.bsp_irq_cfg)
    sw_delay_loop                            0x00000e3a   Number         0  bsp_delay.o(.text.bsp_prv_software_delay_loop)
    [Anonymous Symbol]                       0x00000e3a   Section        0  bsp_delay.o(.text.bsp_prv_software_delay_loop)
    bsp_vbatt_init                           0x00000e45   Thumb Code   132  r_ioport.o(.text.bsp_vbatt_init)
    [Anonymous Symbol]                       0x00000e44   Section        0  r_ioport.o(.text.bsp_vbatt_init)
    g_vbatt_pins_input                       0x00000ec8   Number         0  r_ioport.o(.text.bsp_vbatt_init)
    [Anonymous Symbol]                       0x00000ed4   Section        0  fsp_uart.o(.text.fputc)
    [Anonymous Symbol]                       0x00000f04   Section        0  hal_entry.o(.text.hal_entry)
    [Anonymous Symbol]                       0x00000fa8   Section        0  main.o(.text.main)
    [Anonymous Symbol]                       0x00000fb2   Section        0  r_icu.o(.text.r_icu_isr)
    r_ioport_pins_config                     0x00001025   Thumb Code   192  r_ioport.o(.text.r_ioport_pins_config)
    [Anonymous Symbol]                       0x00001024   Section        0  r_ioport.o(.text.r_ioport_pins_config)
    r_sci_uart_call_callback                 0x000010e5   Thumb Code    64  r_sci_uart.o(.text.r_sci_uart_call_callback)
    [Anonymous Symbol]                       0x000010e4   Section        0  r_sci_uart.o(.text.r_sci_uart_call_callback)
    [Anonymous Symbol]                       0x00001124   Section        0  r_sci_uart.o(.text.sci_uart_eri_isr)
    [Anonymous Symbol]                       0x0000118e   Section        0  r_sci_uart.o(.text.sci_uart_rxi_isr)
    [Anonymous Symbol]                       0x00001216   Section        0  r_sci_uart.o(.text.sci_uart_tei_isr)
    [Anonymous Symbol]                       0x00001260   Section        0  r_sci_uart.o(.text.sci_uart_txi_isr)
    i.__0printf$1                            0x000012e8   Section        0  printf1.o(i.__0printf$1)
    _printf_core                             0x00001309   Thumb Code   336  printf1.o(i._printf_core)
    i._printf_core                           0x00001308   Section        0  printf1.o(i._printf_core)
    i.puts                                   0x0000145c   Section        0  puts.o(i.puts)
    __tagsym$$used.8                         0x00001480   Number         0  bsp_rom_registers.o(.option_setting_bps_sec3)
    g_bsp_rom_bps_sec3                       0x00001480   Data           4  bsp_rom_registers.o(.option_setting_bps_sec3)
    [Anonymous Symbol]                       0x00001480   Section        0  bsp_rom_registers.o(.option_setting_bps_sec3)
    __tagsym$$used.18                        0x00001484   Number         0  bsp_rom_registers.o(.option_setting_bps_sel3)
    g_bsp_rom_bps_sel3                       0x00001484   Data           4  bsp_rom_registers.o(.option_setting_bps_sel3)
    [Anonymous Symbol]                       0x00001484   Section        0  bsp_rom_registers.o(.option_setting_bps_sel3)
    __tagsym$$used.12                        0x00001488   Number         0  bsp_rom_registers.o(.option_setting_pbps_sec3)
    g_bsp_rom_pbps_sec3                      0x00001488   Data           4  bsp_rom_registers.o(.option_setting_pbps_sec3)
    [Anonymous Symbol]                       0x00001488   Section        0  bsp_rom_registers.o(.option_setting_pbps_sec3)
    g_prcr_masks                             0x000014f8   Data           8  bsp_register_protection.o(.rodata.cst8)
    [Anonymous Symbol]                       0x000014f8   Section        0  bsp_register_protection.o(.rodata.cst8)
    __tagsym$$used.0                         0x00001710   Number         0  bsp_common.o(.version)
    g_fsp_version                            0x00001710   Data           4  bsp_common.o(.version)
    [Anonymous Symbol]                       0x00001710   Section        0  bsp_common.o(.version)
    __tagsym$$used.1                         0x00001714   Number         0  bsp_common.o(.version)
    g_fsp_version_string                     0x00001714   Data           6  bsp_common.o(.version)
    [Anonymous Symbol]                       0x00001714   Section        0  bsp_common.o(.version)
    __tagsym$$used.2                         0x0000171a   Number         0  bsp_common.o(.version)
    g_fsp_version_build_string               0x0000171a   Data          68  bsp_common.o(.version)
    [Anonymous Symbol]                       0x0000171a   Section        0  bsp_common.o(.version)
    __tagsym$$used.0                         0x0100a100   Number         0  bsp_rom_registers.o(.option_setting_ofs0)
    g_bsp_rom_ofs0                           0x0100a100   Data           4  bsp_rom_registers.o(.option_setting_ofs0)
    [Anonymous Symbol]                       0x0100a100   Section        0  bsp_rom_registers.o(.option_setting_ofs0)
    __tagsym$$used.1                         0x0100a110   Number         0  bsp_rom_registers.o(.option_setting_dualsel)
    g_bsp_rom_dualsel                        0x0100a110   Data           4  bsp_rom_registers.o(.option_setting_dualsel)
    [Anonymous Symbol]                       0x0100a110   Section        0  bsp_rom_registers.o(.option_setting_dualsel)
    __tagsym$$used.2                         0x0100a134   Number         0  bsp_rom_registers.o(.option_setting_sas)
    g_bsp_rom_sas                            0x0100a134   Data           4  bsp_rom_registers.o(.option_setting_sas)
    [Anonymous Symbol]                       0x0100a134   Section        0  bsp_rom_registers.o(.option_setting_sas)
    __tagsym$$used.3                         0x0100a200   Number         0  bsp_rom_registers.o(.option_setting_ofs1_sec)
    g_bsp_rom_ofs1_sec                       0x0100a200   Data           4  bsp_rom_registers.o(.option_setting_ofs1_sec)
    [Anonymous Symbol]                       0x0100a200   Section        0  bsp_rom_registers.o(.option_setting_ofs1_sec)
    __tagsym$$used.4                         0x0100a210   Number         0  bsp_rom_registers.o(.option_setting_banksel_sec)
    g_bsp_rom_banksel_sec                    0x0100a210   Data           4  bsp_rom_registers.o(.option_setting_banksel_sec)
    [Anonymous Symbol]                       0x0100a210   Section        0  bsp_rom_registers.o(.option_setting_banksel_sec)
    __tagsym$$used.5                         0x0100a240   Number         0  bsp_rom_registers.o(.option_setting_bps_sec0)
    g_bsp_rom_bps_sec0                       0x0100a240   Data           4  bsp_rom_registers.o(.option_setting_bps_sec0)
    [Anonymous Symbol]                       0x0100a240   Section        0  bsp_rom_registers.o(.option_setting_bps_sec0)
    __tagsym$$used.6                         0x0100a244   Number         0  bsp_rom_registers.o(.option_setting_bps_sec1)
    g_bsp_rom_bps_sec1                       0x0100a244   Data           4  bsp_rom_registers.o(.option_setting_bps_sec1)
    [Anonymous Symbol]                       0x0100a244   Section        0  bsp_rom_registers.o(.option_setting_bps_sec1)
    __tagsym$$used.7                         0x0100a248   Number         0  bsp_rom_registers.o(.option_setting_bps_sec2)
    g_bsp_rom_bps_sec2                       0x0100a248   Data           4  bsp_rom_registers.o(.option_setting_bps_sec2)
    [Anonymous Symbol]                       0x0100a248   Section        0  bsp_rom_registers.o(.option_setting_bps_sec2)
    __tagsym$$used.9                         0x0100a260   Number         0  bsp_rom_registers.o(.option_setting_pbps_sec0)
    g_bsp_rom_pbps_sec0                      0x0100a260   Data           4  bsp_rom_registers.o(.option_setting_pbps_sec0)
    [Anonymous Symbol]                       0x0100a260   Section        0  bsp_rom_registers.o(.option_setting_pbps_sec0)
    __tagsym$$used.10                        0x0100a264   Number         0  bsp_rom_registers.o(.option_setting_pbps_sec1)
    g_bsp_rom_pbps_sec1                      0x0100a264   Data           4  bsp_rom_registers.o(.option_setting_pbps_sec1)
    [Anonymous Symbol]                       0x0100a264   Section        0  bsp_rom_registers.o(.option_setting_pbps_sec1)
    __tagsym$$used.11                        0x0100a268   Number         0  bsp_rom_registers.o(.option_setting_pbps_sec2)
    g_bsp_rom_pbps_sec2                      0x0100a268   Data           4  bsp_rom_registers.o(.option_setting_pbps_sec2)
    [Anonymous Symbol]                       0x0100a268   Section        0  bsp_rom_registers.o(.option_setting_pbps_sec2)
    __tagsym$$used.13                        0x0100a280   Number         0  bsp_rom_registers.o(.option_setting_ofs1_sel)
    g_bsp_rom_ofs1_sel                       0x0100a280   Data           4  bsp_rom_registers.o(.option_setting_ofs1_sel)
    [Anonymous Symbol]                       0x0100a280   Section        0  bsp_rom_registers.o(.option_setting_ofs1_sel)
    __tagsym$$used.14                        0x0100a290   Number         0  bsp_rom_registers.o(.option_setting_banksel_sel)
    g_bsp_rom_banksel_sel                    0x0100a290   Data           4  bsp_rom_registers.o(.option_setting_banksel_sel)
    [Anonymous Symbol]                       0x0100a290   Section        0  bsp_rom_registers.o(.option_setting_banksel_sel)
    __tagsym$$used.15                        0x0100a2c0   Number         0  bsp_rom_registers.o(.option_setting_bps_sel0)
    g_bsp_rom_bps_sel0                       0x0100a2c0   Data           4  bsp_rom_registers.o(.option_setting_bps_sel0)
    [Anonymous Symbol]                       0x0100a2c0   Section        0  bsp_rom_registers.o(.option_setting_bps_sel0)
    __tagsym$$used.16                        0x0100a2c4   Number         0  bsp_rom_registers.o(.option_setting_bps_sel1)
    g_bsp_rom_bps_sel1                       0x0100a2c4   Data           4  bsp_rom_registers.o(.option_setting_bps_sel1)
    [Anonymous Symbol]                       0x0100a2c4   Section        0  bsp_rom_registers.o(.option_setting_bps_sel1)
    __tagsym$$used.17                        0x0100a2c8   Number         0  bsp_rom_registers.o(.option_setting_bps_sel2)
    g_bsp_rom_bps_sel2                       0x0100a2c8   Data           4  bsp_rom_registers.o(.option_setting_bps_sel2)
    [Anonymous Symbol]                       0x0100a2c8   Section        0  bsp_rom_registers.o(.option_setting_bps_sel2)
    .data                                    0x20000000   Section        4  stdout.o(.data)
    FSP_Delay_Nums                           0x20000138   Data           4  fsp_systick.o(.bss.FSP_Delay_Nums)
    [Anonymous Symbol]                       0x20000138   Section        0  fsp_systick.o(.bss.FSP_Delay_Nums)
    __tagsym$$used.0                         0x20000478   Number         0  bsp_clocks.o(.bss.noinit)
    g_clock_freq                             0x20000478   Data          28  bsp_clocks.o(.bss.noinit)
    [Anonymous Symbol]                       0x20000478   Section        0  bsp_clocks.o(.bss.noinit)
    __tagsym$$used.2                         0x20000498   Number         0  startup.o(.bss.heap)
    g_heap                                   0x20000498   Data        4096  startup.o(.bss.heap)
    [Anonymous Symbol]                       0x20000498   Section        0  startup.o(.bss.heap)
    __tagsym$$used.0                         0x20001498   Number         0  startup.o(.bss.stack)
    g_main_stack                             0x20001498   Data        2048  startup.o(.bss.stack)
    [Anonymous Symbol]                       0x20001498   Section        0  startup.o(.bss.stack)

    Global Symbols

    Symbol Name                              Value     Ov Type        Size  Object(Section)

    BuildAttributes$$THM_ISAv4$E$P$D$K$B$S$7EM$8M$VFPi5$EXTD16$VFPS$VFMA$PE$A:L22UL41UL21$X:L11$S22US41US21$IEEE1$IW$USESV6$~STKCKD$USESV7$WCHAR32$ENUMINT$~SHL$OSPACE$ROPI$MICROLIB$REQ8$PRES8$EABIv2 0x00000000   Number         0  anon$$obj.o ABSOLUTE
    Image$$__tz_FLASH_S$$Base                0x00000000   Number         0  anon$$obj.o ABSOLUTE
    __Vectors                                0x00000000   Data          64  startup.o(.fixed_vectors)
    _printf_a                                0x00000000   Number         0  printfstubs.o ABSOLUTE
    _printf_c                                0x00000000   Number         0  printfstubs.o ABSOLUTE
    _printf_charcount                        0x00000000   Number         0  printfstubs.o ABSOLUTE
    _printf_d                                0x00000000   Number         0  printfstubs.o ABSOLUTE
    _printf_e                                0x00000000   Number         0  printfstubs.o ABSOLUTE
    _printf_f                                0x00000000   Number         0  printfstubs.o ABSOLUTE
    _printf_flags                            0x00000000   Number         0  printfstubs.o ABSOLUTE
    _printf_fp_dec                           0x00000000   Number         0  printfstubs.o ABSOLUTE
    _printf_fp_hex                           0x00000000   Number         0  printfstubs.o ABSOLUTE
    _printf_g                                0x00000000   Number         0  printfstubs.o ABSOLUTE
    _printf_i                                0x00000000   Number         0  printfstubs.o ABSOLUTE
    _printf_int_dec                          0x00000000   Number         0  printfstubs.o ABSOLUTE
    _printf_l                                0x00000000   Number         0  printfstubs.o ABSOLUTE
    _printf_lc                               0x00000000   Number         0  printfstubs.o ABSOLUTE
    _printf_ll                               0x00000000   Number         0  printfstubs.o ABSOLUTE
    _printf_lld                              0x00000000   Number         0  printfstubs.o ABSOLUTE
    _printf_lli                              0x00000000   Number         0  printfstubs.o ABSOLUTE
    _printf_llo                              0x00000000   Number         0  printfstubs.o ABSOLUTE
    _printf_llu                              0x00000000   Number         0  printfstubs.o ABSOLUTE
    _printf_llx                              0x00000000   Number         0  printfstubs.o ABSOLUTE
    _printf_longlong_dec                     0x00000000   Number         0  printfstubs.o ABSOLUTE
    _printf_longlong_hex                     0x00000000   Number         0  printfstubs.o ABSOLUTE
    _printf_longlong_oct                     0x00000000   Number         0  printfstubs.o ABSOLUTE
    _printf_ls                               0x00000000   Number         0  printfstubs.o ABSOLUTE
    _printf_mbtowc                           0x00000000   Number         0  printfstubs.o ABSOLUTE
    _printf_n                                0x00000000   Number         0  printfstubs.o ABSOLUTE
    _printf_o                                0x00000000   Number         0  printfstubs.o ABSOLUTE
    _printf_p                                0x00000000   Number         0  printfstubs.o ABSOLUTE
    _printf_percent                          0x00000000   Number         0  printfstubs.o ABSOLUTE
    _printf_pre_padding                      0x00000000   Number         0  printfstubs.o ABSOLUTE
    _printf_return_value                     0x00000000   Number         0  printfstubs.o ABSOLUTE
    _printf_s                                0x00000000   Number         0  printfstubs.o ABSOLUTE
    _printf_sizespec                         0x00000000   Number         0  printfstubs.o ABSOLUTE
    _printf_str                              0x00000000   Number         0  printfstubs.o ABSOLUTE
    _printf_truncate_signed                  0x00000000   Number         0  printfstubs.o ABSOLUTE
    _printf_truncate_unsigned                0x00000000   Number         0  printfstubs.o ABSOLUTE
    _printf_u                                0x00000000   Number         0  printfstubs.o ABSOLUTE
    _printf_wc                               0x00000000   Number         0  printfstubs.o ABSOLUTE
    _printf_wctomb                           0x00000000   Number         0  printfstubs.o ABSOLUTE
    _printf_widthprec                        0x00000000   Number         0  printfstubs.o ABSOLUTE
    _printf_x                                0x00000000   Number         0  printfstubs.o ABSOLUTE
    Image$$DATA$$Length                      0x00000008   Number         0  anon$$obj.o ABSOLUTE
    g_vector_table                           0x00000040   Data         384  vector_data.o(.application_vectors)
    Image$$INIT_ARRAY$$Base                  0x000001c0   Number         0  anon$$obj.o ABSOLUTE
    Image$$INIT_ARRAY$$Limit                 0x000001c0   Number         0  anon$$obj.o ABSOLUTE
    __aeabi_memcpy                           0x000001c1   Thumb Code    36  memcpya.o(.text)
    __aeabi_memcpy4                          0x000001c1   Thumb Code     0  memcpya.o(.text)
    __aeabi_memcpy8                          0x000001c1   Thumb Code     0  memcpya.o(.text)
    __aeabi_memset                           0x000001e5   Thumb Code    14  memseta.o(.text)
    __aeabi_memset4                          0x000001e5   Thumb Code     0  memseta.o(.text)
    __aeabi_memset8                          0x000001e5   Thumb Code     0  memseta.o(.text)
    __aeabi_memclr                           0x000001f3   Thumb Code     4  memseta.o(.text)
    __aeabi_memclr4                          0x000001f3   Thumb Code     0  memseta.o(.text)
    __aeabi_memclr8                          0x000001f3   Thumb Code     0  memseta.o(.text)
    _memset$wrapper                          0x000001f7   Thumb Code    18  memseta.o(.text)
    __aeabi_uidiv                            0x00000209   Thumb Code     0  uidiv.o(.text)
    __aeabi_uidivmod                         0x00000209   Thumb Code    44  uidiv.o(.text)
    BusFault_Handler                         0x00000235   Thumb Code     4  startup.o(.text.Default_Handler)
    DebugMon_Handler                         0x00000235   Thumb Code     4  startup.o(.text.Default_Handler)
    Default_Handler                          0x00000235   Thumb Code     4  startup.o(.text.Default_Handler)
    HardFault_Handler                        0x00000235   Thumb Code     4  startup.o(.text.Default_Handler)
    MemManage_Handler                        0x00000235   Thumb Code     4  startup.o(.text.Default_Handler)
    PendSV_Handler                           0x00000235   Thumb Code     4  startup.o(.text.Default_Handler)
    SVC_Handler                              0x00000235   Thumb Code     4  startup.o(.text.Default_Handler)
    SecureFault_Handler                      0x00000235   Thumb Code     4  startup.o(.text.Default_Handler)
    UsageFault_Handler                       0x00000235   Thumb Code     4  startup.o(.text.Default_Handler)
    FSP_Button_Init                          0x00000239   Thumb Code    22  fsp_button.o(.text.FSP_Button_Init)
    FSP_Scan_Key                             0x00000251   Thumb Code    66  fsp_button.o(.text.FSP_Scan_Key)
    FSP_UART_Init                            0x00000295   Thumb Code    36  fsp_uart.o(.text.FSP_UART_Init)
    NMI_Handler                              0x000002d9   Thumb Code    54  bsp_group_irq.o(.text.NMI_Handler)
    Queue_HadUse                             0x0000030f   Thumb Code    42  circular_queue.o(.text.Queue_HadUse)
    Queue_Init                               0x00000339   Thumb Code    26  circular_queue.o(.text.Queue_Init)
    Queue_Read                               0x00000355   Thumb Code   116  circular_queue.o(.text.Queue_Read)
    Queue_Wirte                              0x000003c9   Thumb Code   116  circular_queue.o(.text.Queue_Wirte)
    Queue_isEmpty                            0x0000043d   Thumb Code    20  circular_queue.o(.text.Queue_isEmpty)
    R_BSP_Init_RTC                           0x00000451   Thumb Code    78  bsp_clocks.o(.text.R_BSP_Init_RTC)
    Image$$BSS$$ZI$$Length                   0x00000470   Number         0  anon$$obj.o ABSOLUTE
    R_BSP_RegisterProtectDisable             0x0000049f   Thumb Code    78  bsp_register_protection.o(.text.R_BSP_RegisterProtectDisable)
    R_BSP_RegisterProtectEnable              0x000004ed   Thumb Code    82  bsp_register_protection.o(.text.R_BSP_RegisterProtectEnable)
    R_BSP_SoftwareDelay                      0x0000053f   Thumb Code    88  bsp_delay.o(.text.R_BSP_SoftwareDelay)
    R_BSP_WarmStart                          0x00000597   Thumb Code    28  hal_entry.o(.text.R_BSP_WarmStart)
    R_IOPORT_Close                           0x000005b3   Thumb Code    10  r_ioport.o(.text.R_IOPORT_Close)
    R_IOPORT_Open                            0x000005bd   Thumb Code    22  r_ioport.o(.text.R_IOPORT_Open)
    R_IOPORT_PinCfg                          0x000005d3   Thumb Code   178  r_ioport.o(.text.R_IOPORT_PinCfg)
    R_IOPORT_PinEventInputRead               0x00000685   Thumb Code    40  r_ioport.o(.text.R_IOPORT_PinEventInputRead)
    R_IOPORT_PinEventOutputWrite             0x000006ad   Thumb Code    66  r_ioport.o(.text.R_IOPORT_PinEventOutputWrite)
    R_IOPORT_PinRead                         0x000006ef   Thumb Code    34  r_ioport.o(.text.R_IOPORT_PinRead)
    R_IOPORT_PinWrite                        0x00000711   Thumb Code    40  r_ioport.o(.text.R_IOPORT_PinWrite)
    R_IOPORT_PinsCfg                         0x00000739   Thumb Code    12  r_ioport.o(.text.R_IOPORT_PinsCfg)
    R_IOPORT_PortDirectionSet                0x00000745   Thumb Code    44  r_ioport.o(.text.R_IOPORT_PortDirectionSet)
    R_IOPORT_PortEventInputRead              0x00000771   Thumb Code    24  r_ioport.o(.text.R_IOPORT_PortEventInputRead)
    R_IOPORT_PortEventOutputWrite            0x00000789   Thumb Code    32  r_ioport.o(.text.R_IOPORT_PortEventOutputWrite)
    R_IOPORT_PortRead                        0x000007a9   Thumb Code    22  r_ioport.o(.text.R_IOPORT_PortRead)
    R_IOPORT_PortWrite                       0x000007bf   Thumb Code    32  r_ioport.o(.text.R_IOPORT_PortWrite)
    R_SCI_UART_Open                          0x000007df   Thumb Code   798  r_sci_uart.o(.text.R_SCI_UART_Open)
    R_SCI_UART_Write                         0x00000afd   Thumb Code    76  r_sci_uart.o(.text.R_SCI_UART_Write)
    Reset_Handler                            0x00000b49   Thumb Code    10  startup.o(.text.Reset_Handler)
    SysTick_Handler                          0x00000b53   Thumb Code    20  fsp_systick.o(.text.SysTick_Handler)
    SystemCoreClockUpdate                    0x00000b67   Thumb Code    44  bsp_clocks.o(.text.SystemCoreClockUpdate)
    SystemInit                               0x00000b95   Thumb Code   204  system.o(.text.SystemInit)
    UART4_Int_Callback                       0x00000c61   Thumb Code    44  fsp_uart.o(.text.UART4_Int_Callback)
    __aeabi_assert                           0x00000c8d   Thumb Code     6  bsp_common.o(.text.__aeabi_assert)
    bsp_clock_init                           0x00000c95   Thumb Code   272  bsp_clocks.o(.text.bsp_clock_init)
    bsp_init                                 0x00000da5   Thumb Code     2  bsp_common.o(.text.bsp_init_internal)
    bsp_init_internal                        0x00000da5   Thumb Code     2  bsp_common.o(.text.bsp_init_internal)
    bsp_irq_cfg                              0x00000da9   Thumb Code   146  bsp_irq.o(.text.bsp_irq_cfg)
    bsp_prv_software_delay_loop              0x00000e3b   Thumb Code     8  bsp_delay.o(.text.bsp_prv_software_delay_loop)
    fputc                                    0x00000ed5   Thumb Code    48  fsp_uart.o(.text.fputc)
    hal_entry                                0x00000f05   Thumb Code   136  hal_entry.o(.text.hal_entry)
    main                                     0x00000fa9   Thumb Code    10  main.o(.text.main)
    r_icu_isr                                0x00000fb3   Thumb Code   114  r_icu.o(.text.r_icu_isr)
    sci_uart_eri_isr                         0x00001125   Thumb Code   106  r_sci_uart.o(.text.sci_uart_eri_isr)
    sci_uart_rxi_isr                         0x0000118f   Thumb Code   136  r_sci_uart.o(.text.sci_uart_rxi_isr)
    sci_uart_tei_isr                         0x00001217   Thumb Code    74  r_sci_uart.o(.text.sci_uart_tei_isr)
    sci_uart_txi_isr                         0x00001261   Thumb Code   136  r_sci_uart.o(.text.sci_uart_txi_isr)
    __0printf$1                              0x000012e9   Thumb Code    22  printf1.o(i.__0printf$1)
    __1printf$1                              0x000012e9   Thumb Code     0  printf1.o(i.__0printf$1)
    __2printf                                0x000012e9   Thumb Code     0  printf1.o(i.__0printf$1)
    puts                                     0x0000145d   Thumb Code    30  puts.o(i.puts)
    UART_4_cfg                               0x0000148c   Data          68  hal_data.o(.rodata.UART_4_cfg)
    UART_4_cfg_extend                        0x000014d0   Data          40  hal_data.o(.rodata.UART_4_cfg_extend)
    g_bsp_pin_cfg                            0x00001500   Data           8  pin_data.o(.rodata.g_bsp_pin_cfg)
    g_bsp_pin_cfg_data                       0x00001508   Data          72  pin_data.o(.rodata.g_bsp_pin_cfg_data)
    g_interrupt_event_link_select            0x00001550   Data         384  vector_data.o(.rodata.g_interrupt_event_link_select)
    g_ioport                                 0x000016d0   Data          12  common_data.o(.rodata.g_ioport)
    g_ioport_on_ioport                       0x000016dc   Data          52  r_ioport.o(.rodata.g_ioport_on_ioport)
    Load$$DATA$$Base                         0x00001760   Number         0  anon$$obj.o ABSOLUTE
    Image$$__tz_FLASH_C$$Base                0x00008000   Number         0  anon$$obj.o ABSOLUTE
    Image$$__tz_FLASH_N$$Base                0x00008000   Number         0  anon$$obj.o ABSOLUTE
    Image$$__tz_DATA_FLASH_N$$Base           0x08000000   Number         0  anon$$obj.o ABSOLUTE
    Image$$__tz_DATA_FLASH_S$$Base           0x08000000   Number         0  anon$$obj.o ABSOLUTE
    Image$$DATA$$Base                        0x20000000   Number         0  anon$$obj.o ABSOLUTE
    Image$$__tz_RAM_S$$Base                  0x20000000   Number         0  anon$$obj.o ABSOLUTE
    __stdout                                 0x20000000   Data           4  stdout.o(.data)
    UART_4_baud_setting                      0x20000004   Data           4  hal_data.o(.data.UART_4_baud_setting)
    Circular_queue                           0x20000008   Data         304  circular_queue.o(.bss.Circular_queue)
    Image$$BSS$$ZI$$Base                     0x20000008   Number         0  anon$$obj.o ABSOLUTE
    Read_Buffer                              0x2000013c   Data         300  hal_entry.o(.bss.Read_Buffer)
    Read_Length                              0x20000268   Data           2  hal_entry.o(.bss.Read_Length)
    SystemCoreClock                          0x2000026c   Data           4  system.o(.bss.SystemCoreClock)
    UART_4_ctrl                              0x20000270   Data          48  hal_data.o(.bss.UART_4_ctrl)
    Uart_Send_Seccuse_Ack                    0x200002a0   Data           1  fsp_uart.o(.bss.Uart_Send_Seccuse_Ack)
    g_bsp_group_irq_sources                  0x200002a4   Data          64  bsp_group_irq.o(.bss.g_bsp_group_irq_sources)
    g_ioport_ctrl                            0x200002e4   Data           8  common_data.o(.bss.g_ioport_ctrl)
    g_protect_counters                       0x200002ec   Data           8  bsp_register_protection.o(.bss.g_protect_counters)
    g_protect_pfswe_counter                  0x200002f4   Data           4  bsp_io.o(.bss.g_protect_pfswe_counter)
    gp_renesas_isr_context                   0x200002f8   Data         384  bsp_irq.o(.bss.gp_renesas_isr_context)
    Image$$__tz_RAM_C$$Base                  0x20080000   Number         0  anon$$obj.o ABSOLUTE
    Image$$__tz_RAM_N$$Base                  0x20080000   Number         0  anon$$obj.o ABSOLUTE



==============================================================================

Memory Map of the image

  Image Entry point : 0x00000b49

  Load Region LOAD_REGION_FLASH (Base: 0x00000000, Size: 0x00001768, Max: 0x00200000, ABSOLUTE)

    Execution Region __tz_FLASH_S (Exec base: 0x00000000, Load base: 0x00000000, Size: 0x00000000, Max: 0x00000000, ABSOLUTE)

    Exec Addr    Load Addr    Size         Type   Attr      Idx    E Section Name        Object

    0x00000000        -       0x00000000   Zero   RW            1    __tz_FLASH_S.bss    anon$$obj.o


    Execution Region VECTORS (Exec base: 0x00000000, Load base: 0x00000000, Size: 0x000001c0, Max: 0xffffffff, ABSOLUTE, FIXED)

    Exec Addr    Load Addr    Size         Type   Attr      Idx    E Section Name        Object

    0x00000000   0x00000000   0x00000040   Data   RO          144    .fixed_vectors      startup.o
    0x00000040   0x00000040   0x00000180   Data   RO          453    .application_vectors  vector_data.o


    Execution Region MCUBOOT_SCE9_KEY (Exec base: 0x000001c0, Load base: 0x000001c0, Size: 0x00000000, Max: 0xffffffff, ABSOLUTE, FIXED)

    **** No section assigned to this execution region ****


    Execution Region INIT_ARRAY (Exec base: 0x000001c0, Load base: 0x000001c0, Size: 0x00000000, Max: 0xffffffff, ABSOLUTE, FIXED)

    **** No section assigned to this execution region ****


    Execution Region USB_DESC_FS (Exec base: 0x000001c0, Load base: 0x000001c0, Size: 0x00000000, Max: 0xffffffff, ABSOLUTE, FIXED)

    **** No section assigned to this execution region ****


    Execution Region RO_CODE_DATA (Exec base: 0x000001c0, Load base: 0x000001c0, Size: 0x000015a0, Max: 0xffffffff, ABSOLUTE, FIXED)

    Exec Addr    Load Addr    Size         Type   Attr      Idx    E Section Name        Object

    0x000001c0   0x000001c0   0x00000024   Code   RO          467    .text               mc_w.l(memcpya.o)
    0x000001e4   0x000001e4   0x00000024   Code   RO          469    .text               mc_w.l(memseta.o)
    0x00000208   0x00000208   0x0000002c   Code   RO          744    .text               mc_w.l(uidiv.o)
    0x00000234   0x00000234   0x00000004   Code   RO          141    .text.Default_Handler  startup.o
    0x00000238   0x00000238   0x00000016   Code   RO           45    .text.FSP_Button_Init  fsp_button.o
    0x0000024e   0x0000024e   0x00000002   PAD
    0x00000250   0x00000250   0x00000042   Code   RO           47    .text.FSP_Scan_Key  fsp_button.o
    0x00000292   0x00000292   0x00000002   PAD
    0x00000294   0x00000294   0x00000044   Code   RO           87    .text.FSP_UART_Init  fsp_uart.o
    0x000002d8   0x000002d8   0x00000036   Code   RO          226    .text.NMI_Handler   bsp_group_irq.o
    0x0000030e   0x0000030e   0x0000002a   Code   RO          108    .text.Queue_HadUse  circular_queue.o
    0x00000338   0x00000338   0x0000001a   Code   RO          102    .text.Queue_Init    circular_queue.o
    0x00000352   0x00000352   0x00000002   PAD
    0x00000354   0x00000354   0x00000074   Code   RO          114    .text.Queue_Read    circular_queue.o
    0x000003c8   0x000003c8   0x00000074   Code   RO          112    .text.Queue_Wirte   circular_queue.o
    0x0000043c   0x0000043c   0x00000014   Code   RO          104    .text.Queue_isEmpty  circular_queue.o
    0x00000450   0x00000450   0x0000004e   Code   RO          184    .text.R_BSP_Init_RTC  bsp_clocks.o
    0x0000049e   0x0000049e   0x0000004e   Code   RO          257    .text.R_BSP_RegisterProtectDisable  bsp_register_protection.o
    0x000004ec   0x000004ec   0x00000052   Code   RO          255    .text.R_BSP_RegisterProtectEnable  bsp_register_protection.o
    0x0000053e   0x0000053e   0x00000058   Code   RO          212    .text.R_BSP_SoftwareDelay  bsp_delay.o
    0x00000596   0x00000596   0x0000001c   Code   RO          127    .text.R_BSP_WarmStart  hal_entry.o
    0x000005b2   0x000005b2   0x0000000a   Code   RO          330    .text.R_IOPORT_Close  r_ioport.o
    0x000005bc   0x000005bc   0x00000016   Code   RO          328    .text.R_IOPORT_Open  r_ioport.o
    0x000005d2   0x000005d2   0x000000b2   Code   RO          334    .text.R_IOPORT_PinCfg  r_ioport.o
    0x00000684   0x00000684   0x00000028   Code   RO          336    .text.R_IOPORT_PinEventInputRead  r_ioport.o
    0x000006ac   0x000006ac   0x00000042   Code   RO          338    .text.R_IOPORT_PinEventOutputWrite  r_ioport.o
    0x000006ee   0x000006ee   0x00000022   Code   RO          340    .text.R_IOPORT_PinRead  r_ioport.o
    0x00000710   0x00000710   0x00000028   Code   RO          342    .text.R_IOPORT_PinWrite  r_ioport.o
    0x00000738   0x00000738   0x0000000c   Code   RO          332    .text.R_IOPORT_PinsCfg  r_ioport.o
    0x00000744   0x00000744   0x0000002c   Code   RO          344    .text.R_IOPORT_PortDirectionSet  r_ioport.o
    0x00000770   0x00000770   0x00000018   Code   RO          346    .text.R_IOPORT_PortEventInputRead  r_ioport.o
    0x00000788   0x00000788   0x00000020   Code   RO          348    .text.R_IOPORT_PortEventOutputWrite  r_ioport.o
    0x000007a8   0x000007a8   0x00000016   Code   RO          350    .text.R_IOPORT_PortRead  r_ioport.o
    0x000007be   0x000007be   0x00000020   Code   RO          352    .text.R_IOPORT_PortWrite  r_ioport.o
    0x000007de   0x000007de   0x0000031e   Code   RO          367    .text.R_SCI_UART_Open  r_sci_uart.o
    0x00000afc   0x00000afc   0x0000004c   Code   RO          371    .text.R_SCI_UART_Write  r_sci_uart.o
    0x00000b48   0x00000b48   0x0000000a   Code   RO          139  * .text.Reset_Handler  startup.o
    0x00000b52   0x00000b52   0x00000014   Code   RO           75    .text.SysTick_Handler  fsp_systick.o
    0x00000b66   0x00000b66   0x0000002c   Code   RO          170    .text.SystemCoreClockUpdate  bsp_clocks.o
    0x00000b92   0x00000b92   0x00000002   PAD
    0x00000b94   0x00000b94   0x000000cc   Code   RO          153    .text.SystemInit    system.o
    0x00000c60   0x00000c60   0x0000002c   Code   RO           89    .text.UART4_Int_Callback  fsp_uart.o
    0x00000c8c   0x00000c8c   0x00000006   Code   RO          199    .text.__aeabi_assert  bsp_common.o
    0x00000c92   0x00000c92   0x00000002   PAD
    0x00000c94   0x00000c94   0x00000110   Code   RO          176    .text.bsp_clock_init  bsp_clocks.o
    0x00000da4   0x00000da4   0x00000002   Code   RO          195    .text.bsp_init_internal  bsp_common.o
    0x00000da6   0x00000da6   0x00000002   PAD
    0x00000da8   0x00000da8   0x00000092   Code   RO          244    .text.bsp_irq_cfg   bsp_irq.o
    0x00000e3a   0x00000e3a   0x00000008   Code   RO          214    .text.bsp_prv_software_delay_loop  bsp_delay.o
    0x00000e42   0x00000e42   0x00000002   PAD
    0x00000e44   0x00000e44   0x00000090   Code   RO          356    .text.bsp_vbatt_init  r_ioport.o
    0x00000ed4   0x00000ed4   0x00000030   Code   RO           91    .text.fputc         fsp_uart.o
    0x00000f04   0x00000f04   0x000000a4   Code   RO          125    .text.hal_entry     hal_entry.o
    0x00000fa8   0x00000fa8   0x0000000a   Code   RO          437    .text.main          main.o
    0x00000fb2   0x00000fb2   0x00000072   Code   RO          317    .text.r_icu_isr     r_icu.o
    0x00001024   0x00001024   0x000000c0   Code   RO          354    .text.r_ioport_pins_config  r_ioport.o
    0x000010e4   0x000010e4   0x00000040   Code   RO          389    .text.r_sci_uart_call_callback  r_sci_uart.o
    0x00001124   0x00001124   0x0000006a   Code   RO          395    .text.sci_uart_eri_isr  r_sci_uart.o
    0x0000118e   0x0000118e   0x00000088   Code   RO          391    .text.sci_uart_rxi_isr  r_sci_uart.o
    0x00001216   0x00001216   0x0000004a   Code   RO          393    .text.sci_uart_tei_isr  r_sci_uart.o
    0x00001260   0x00001260   0x00000088   Code   RO          387    .text.sci_uart_txi_isr  r_sci_uart.o
    0x000012e8   0x000012e8   0x00000020   Code   RO          518    i.__0printf$1       mc_w.l(printf1.o)
    0x00001308   0x00001308   0x00000154   Code   RO          525    i._printf_core      mc_w.l(printf1.o)
    0x0000145c   0x0000145c   0x00000024   Code   RO          461    i.puts              mc_w.l(puts.o)
    0x00001480   0x00001480   0x00000004   Data   RO          277    .option_setting_bps_sec3  bsp_rom_registers.o
    0x00001484   0x00001484   0x00000004   Data   RO          287    .option_setting_bps_sel3  bsp_rom_registers.o
    0x00001488   0x00001488   0x00000004   Data   RO          281    .option_setting_pbps_sec3  bsp_rom_registers.o
    0x0000148c   0x0000148c   0x00000044   Data   RO          428    .rodata.UART_4_cfg  hal_data.o
    0x000014d0   0x000014d0   0x00000028   Data   RO          427    .rodata.UART_4_cfg_extend  hal_data.o
    0x000014f8   0x000014f8   0x00000008   Data   RO          260    .rodata.cst8        bsp_register_protection.o
    0x00001500   0x00001500   0x00000008   Data   RO          447    .rodata.g_bsp_pin_cfg  pin_data.o
    0x00001508   0x00001508   0x00000048   Data   RO          446    .rodata.g_bsp_pin_cfg_data  pin_data.o
    0x00001550   0x00001550   0x00000180   Data   RO          454    .rodata.g_interrupt_event_link_select  vector_data.o
    0x000016d0   0x000016d0   0x0000000c   Data   RO          417    .rodata.g_ioport    common_data.o
    0x000016dc   0x000016dc   0x00000034   Data   RO          358    .rodata.g_ioport_on_ioport  r_ioport.o
    0x00001710   0x00001710   0x00000004   Data   RO          201    .version            bsp_common.o
    0x00001714   0x00001714   0x00000006   Data   RO          202    .version            bsp_common.o
    0x0000171a   0x0000171a   0x00000044   Data   RO          203    .version            bsp_common.o


    Execution Region __tz_RAM_S (Exec base: 0x20000000, Load base: 0x00001760, Size: 0x00000000, Max: 0x00000000, ABSOLUTE)

    Exec Addr    Load Addr    Size         Type   Attr      Idx    E Section Name        Object

    0x20000000        -       0x00000000   Zero   RW            2    __tz_RAM_S.bss      anon$$obj.o


    Execution Region DTC_VECTOR_TABLE (Exec base: 0x20000000, Load base: 0x00001760, Size: 0x00000000, Max: 0x00080000, ABSOLUTE, UNINIT)

    **** No section assigned to this execution region ****


    Execution Region DATA (Exec base: 0x20000000, Load base: 0x00001760, Size: 0x00000008, Max: 0xffffffff, ABSOLUTE)

    Exec Addr    Load Addr    Size         Type   Attr      Idx    E Section Name        Object

    0x20000000   0x00001760   0x00000004   Data   RW          734    .data               mc_w.l(stdout.o)
    0x20000004   0x00001764   0x00000004   Data   RW          426    .data.UART_4_baud_setting  hal_data.o


    Execution Region BSS (Exec base: 0x20000008, Load base: 0x00001768, Size: 0x00000470, Max: 0xffffffff, ABSOLUTE)

    Exec Addr    Load Addr    Size         Type   Attr      Idx    E Section Name        Object

    0x20000008        -       0x00000130   Zero   RW          116    .bss.Circular_queue  circular_queue.o
    0x20000138        -       0x00000004   Zero   RW           78    .bss.FSP_Delay_Nums  fsp_systick.o
    0x2000013c        -       0x0000012c   Zero   RW          130    .bss.Read_Buffer    hal_entry.o
    0x20000268        -       0x00000002   Zero   RW          129    .bss.Read_Length    hal_entry.o
    0x2000026a   0x00001768   0x00000002   PAD
    0x2000026c        -       0x00000004   Zero   RW          157    .bss.SystemCoreClock  system.o
    0x20000270        -       0x00000030   Zero   RW          429    .bss.UART_4_ctrl    hal_data.o
    0x200002a0        -       0x00000001   Zero   RW           93    .bss.Uart_Send_Seccuse_Ack  fsp_uart.o
    0x200002a1   0x00001768   0x00000003   PAD
    0x200002a4        -       0x00000040   Zero   RW          228    .bss.g_bsp_group_irq_sources  bsp_group_irq.o
    0x200002e4        -       0x00000008   Zero   RW          416    .bss.g_ioport_ctrl  common_data.o
    0x200002ec        -       0x00000008   Zero   RW          259    .bss.g_protect_counters  bsp_register_protection.o
    0x200002f4        -       0x00000004   Zero   RW          238    .bss.g_protect_pfswe_counter  bsp_io.o
    0x200002f8        -       0x00000180   Zero   RW          247    .bss.gp_renesas_isr_context  bsp_irq.o


    Execution Region NOINIT (Exec base: 0x20000478, Load base: 0x00001768, Size: 0x0000001c, Max: 0xffffffff, ABSOLUTE, UNINIT)

    Exec Addr    Load Addr    Size         Type   Attr      Idx    E Section Name        Object

    0x20000478        -       0x0000001c   Zero   RW          186    .bss.noinit         bsp_clocks.o


    Execution Region ARM_LIB_HEAP (Exec base: 0x20000498, Load base: 0x00001768, Size: 0x00001000, Max: 0xffffffff, ABSOLUTE, UNINIT)

    Exec Addr    Load Addr    Size         Type   Attr      Idx    E Section Name        Object

    0x20000498        -       0x00001000   Zero   RW          145    .bss.heap           startup.o


    Execution Region ARM_LIB_STACK (Exec base: 0x20001498, Load base: 0x00001768, Size: 0x00000000, Max: 0x00000000, ABSOLUTE, UNINIT)

    Exec Addr    Load Addr    Size         Type   Attr      Idx    E Section Name        Object

    0x20001498        -       0x00000000   Zero   RW            3    ARM_LIB_STACK.bss   anon$$obj.o


    Execution Region STACK (Exec base: 0x20001498, Load base: 0x00001768, Size: 0x00000800, Max: 0xffffffff, ABSOLUTE, UNINIT)

    Exec Addr    Load Addr    Size         Type   Attr      Idx    E Section Name        Object

    0x20001498        -       0x00000800   Zero   RW          143    .bss.stack          startup.o


    Execution Region RAM_END (Exec base: 0x20001c98, Load base: 0x00001768, Size: 0x00000004, Max: 0x00000004, ABSOLUTE)

    Exec Addr    Load Addr    Size         Type   Attr      Idx    E Section Name        Object

    0x20001c98        -       0x00000004   Zero   RW            4    RAM_END.bss         anon$$obj.o


    Execution Region __tz_RAM_C (Exec base: 0x20080000, Load base: 0x00001768, Size: 0x00000000, Max: 0x00000000, ABSOLUTE)

    Exec Addr    Load Addr    Size         Type   Attr      Idx    E Section Name        Object

    0x20080000        -       0x00000000   Zero   RW            5    __tz_RAM_C.bss      anon$$obj.o


    Execution Region __tz_RAM_N (Exec base: 0x20080000, Load base: 0x00001768, Size: 0x00000000, Max: 0x00000000, ABSOLUTE)

    Exec Addr    Load Addr    Size         Type   Attr      Idx    E Section Name        Object

    0x20080000        -       0x00000000   Zero   RW            6    __tz_RAM_N.bss      anon$$obj.o


    Execution Region RAM_LIMIT (Exec base: 0x20080000, Load base: 0x00001768, Size: 0x00000004, Max: 0x00000004, ABSOLUTE)

    Exec Addr    Load Addr    Size         Type   Attr      Idx    E Section Name        Object

    0x20080000        -       0x00000004   Zero   RW            7    RAM_LIMIT.bss       anon$$obj.o


    Execution Region OSPI_DEVICE_0_NO_LOAD (Exec base: 0x68000000, Load base: 0x00001768, Size: 0x00000000, Max: 0xffffffff, ABSOLUTE, UNINIT)

    **** No section assigned to this execution region ****


    Execution Region OSPI_DEVICE_1_NO_LOAD (Exec base: 0x70000000, Load base: 0x00001768, Size: 0x00000000, Max: 0xffffffff, ABSOLUTE, UNINIT)

    **** No section assigned to this execution region ****



  Load Region LOAD_REGION_NSC_FLASH (Base: 0x00008000, Size: 0x00000000, Max: 0xffffffff, ABSOLUTE)

    Execution Region __tz_FLASH_C (Exec base: 0x00008000, Load base: 0x00008000, Size: 0x00000000, Max: 0x00000000, ABSOLUTE)

    Exec Addr    Load Addr    Size         Type   Attr      Idx    E Section Name        Object

    0x00008000        -       0x00000000   Zero   RW            8    __tz_FLASH_C.bss    anon$$obj.o


    Execution Region EXEC_NSCR (Exec base: 0x00008000, Load base: 0x00008000, Size: 0x00000000, Max: 0xffffffff, ABSOLUTE, FIXED)

    **** No section assigned to this execution region ****


    Execution Region __tz_FLASH_N (Exec base: 0x00008000, Load base: 0x00008000, Size: 0x00000000, Max: 0x00000000, ABSOLUTE)

    Exec Addr    Load Addr    Size         Type   Attr      Idx    E Section Name        Object

    0x00008000        -       0x00000000   Zero   RW            9    __tz_FLASH_N.bss    anon$$obj.o



  Load Region LOAD_REGION_ID_CODE (Base: 0x00000000, Size: 0x00000000, Max: 0x00000004, ABSOLUTE)

    Execution Region __tz_ID_CODE_S (Exec base: 0x00000000, Load base: 0x00000000, Size: 0x00000000, Max: 0x00000000, ABSOLUTE)

    Exec Addr    Load Addr    Size         Type   Attr      Idx    E Section Name        Object

    0x00000000        -       0x00000000   Zero   RW           10    __tz_ID_CODE_S.bss  anon$$obj.o


    Execution Region __tz_ID_CODE_N (Exec base: 0x00000000, Load base: 0x00000000, Size: 0x00000000, Max: 0x00000000, ABSOLUTE)

    Exec Addr    Load Addr    Size         Type   Attr      Idx    E Section Name        Object

    0x00000000        -       0x00000000   Zero   RW           11    __tz_ID_CODE_N.bss  anon$$obj.o



  Load Region LOAD_REGION_OPTION_SETTING (Base: 0x0100a100, Size: 0x00000080, Max: 0x00000100, ABSOLUTE)

    Execution Region __tz_OPTION_SETTING_S (Exec base: 0x0100a100, Load base: 0x0100a100, Size: 0x00000000, Max: 0x00000000, ABSOLUTE)

    Exec Addr    Load Addr    Size         Type   Attr      Idx    E Section Name        Object

    0x0100a100        -       0x00000000   Zero   RW           12    __tz_OPTION_SETTING_S.bss  anon$$obj.o


    Execution Region OFS0 (Exec base: 0x0100a100, Load base: 0x0100a100, Size: 0x00000004, Max: 0xffffffff, ABSOLUTE, FIXED)

    Exec Addr    Load Addr    Size         Type   Attr      Idx    E Section Name        Object

    0x0100a100   0x0100a100   0x00000004   Data   RO          269    .option_setting_ofs0  bsp_rom_registers.o


    Execution Region UNUSED_0 (Exec base: 0x0100a104, Load base: 0x0100a104, Size: 0x0000000c, Max: 0x0000000c, ABSOLUTE, FIXED)

    Exec Addr    Load Addr    Size         Type   Attr      Idx    E Section Name        Object

    0x0100a104        -       0x0000000c   Zero   RW           13    UNUSED_0.bss        anon$$obj.o


    Execution Region DUALSEL (Exec base: 0x0100a110, Load base: 0x0100a110, Size: 0x00000004, Max: 0xffffffff, ABSOLUTE, FIXED)

    Exec Addr    Load Addr    Size         Type   Attr      Idx    E Section Name        Object

    0x0100a110   0x0100a110   0x00000004   Data   RO          270    .option_setting_dualsel  bsp_rom_registers.o


    Execution Region UNUSED_1 (Exec base: 0x0100a114, Load base: 0x0100a114, Size: 0x00000020, Max: 0x00000020, ABSOLUTE, FIXED)

    Exec Addr    Load Addr    Size         Type   Attr      Idx    E Section Name        Object

    0x0100a114        -       0x00000020   Zero   RW           14    UNUSED_1.bss        anon$$obj.o


    Execution Region SAS (Exec base: 0x0100a134, Load base: 0x0100a134, Size: 0x00000004, Max: 0xffffffff, ABSOLUTE, FIXED)

    Exec Addr    Load Addr    Size         Type   Attr      Idx    E Section Name        Object

    0x0100a134   0x0100a134   0x00000004   Data   RO          271    .option_setting_sas  bsp_rom_registers.o


    Execution Region UNUSED_2 (Exec base: 0x0100a138, Load base: 0x0100a138, Size: 0x00000048, Max: 0x00000048, ABSOLUTE, FIXED)

    Exec Addr    Load Addr    Size         Type   Attr      Idx    E Section Name        Object

    0x0100a138        -       0x00000048   Zero   RW           15    UNUSED_2.bss        anon$$obj.o


    Execution Region __tz_OPTION_SETTING_N (Exec base: 0x0100a180, Load base: 0x0100a180, Size: 0x00000000, Max: 0x00000000, ABSOLUTE)

    Exec Addr    Load Addr    Size         Type   Attr      Idx    E Section Name        Object

    0x0100a180        -       0x00000000   Zero   RW           16    __tz_OPTION_SETTING_N.bss  anon$$obj.o



  Load Region LOAD_REGION_OPTION_SETTING_S (Base: 0x0100a200, Size: 0x00000100, Max: 0x00000100, ABSOLUTE)

    Execution Region __tz_OPTION_SETTING_S_S (Exec base: 0x0100a200, Load base: 0x0100a200, Size: 0x00000000, Max: 0x00000000, ABSOLUTE)

    Exec Addr    Load Addr    Size         Type   Attr      Idx    E Section Name        Object

    0x0100a200        -       0x00000000   Zero   RW           17    __tz_OPTION_SETTING_S_S.bss  anon$$obj.o


    Execution Region OFS1_SEC (Exec base: 0x0100a200, Load base: 0x0100a200, Size: 0x00000004, Max: 0xffffffff, ABSOLUTE, FIXED)

    Exec Addr    Load Addr    Size         Type   Attr      Idx    E Section Name        Object

    0x0100a200   0x0100a200   0x00000004   Data   RO          272    .option_setting_ofs1_sec  bsp_rom_registers.o


    Execution Region UNUSED_7 (Exec base: 0x0100a204, Load base: 0x0100a204, Size: 0x0000000c, Max: 0x0000000c, ABSOLUTE, FIXED)

    Exec Addr    Load Addr    Size         Type   Attr      Idx    E Section Name        Object

    0x0100a204        -       0x0000000c   Zero   RW           18    UNUSED_7.bss        anon$$obj.o


    Execution Region BANKSEL_SEC (Exec base: 0x0100a210, Load base: 0x0100a210, Size: 0x00000004, Max: 0xffffffff, ABSOLUTE, FIXED)

    Exec Addr    Load Addr    Size         Type   Attr      Idx    E Section Name        Object

    0x0100a210   0x0100a210   0x00000004   Data   RO          273    .option_setting_banksel_sec  bsp_rom_registers.o


    Execution Region UNUSED_8 (Exec base: 0x0100a214, Load base: 0x0100a214, Size: 0x0000002c, Max: 0x0000002c, ABSOLUTE, FIXED)

    Exec Addr    Load Addr    Size         Type   Attr      Idx    E Section Name        Object

    0x0100a214        -       0x0000002c   Zero   RW           19    UNUSED_8.bss        anon$$obj.o


    Execution Region BPS_SEC (Exec base: 0x0100a240, Load base: 0x0100a240, Size: 0x0000000c, Max: 0xffffffff, ABSOLUTE, FIXED)

    Exec Addr    Load Addr    Size         Type   Attr      Idx    E Section Name        Object

    0x0100a240   0x0100a240   0x00000004   Data   RO          274    .option_setting_bps_sec0  bsp_rom_registers.o
    0x0100a244   0x0100a244   0x00000004   Data   RO          275    .option_setting_bps_sec1  bsp_rom_registers.o
    0x0100a248   0x0100a248   0x00000004   Data   RO          276    .option_setting_bps_sec2  bsp_rom_registers.o


    Execution Region UNUSED_9 (Exec base: 0x0100a24c, Load base: 0x0100a24c, Size: 0x00000014, Max: 0x00000014, ABSOLUTE, FIXED)

    Exec Addr    Load Addr    Size         Type   Attr      Idx    E Section Name        Object

    0x0100a24c        -       0x00000014   Zero   RW           20    UNUSED_9.bss        anon$$obj.o


    Execution Region PBPS_SEC (Exec base: 0x0100a260, Load base: 0x0100a260, Size: 0x0000000c, Max: 0xffffffff, ABSOLUTE, FIXED)

    Exec Addr    Load Addr    Size         Type   Attr      Idx    E Section Name        Object

    0x0100a260   0x0100a260   0x00000004   Data   RO          278    .option_setting_pbps_sec0  bsp_rom_registers.o
    0x0100a264   0x0100a264   0x00000004   Data   RO          279    .option_setting_pbps_sec1  bsp_rom_registers.o
    0x0100a268   0x0100a268   0x00000004   Data   RO          280    .option_setting_pbps_sec2  bsp_rom_registers.o


    Execution Region UNUSED_10 (Exec base: 0x0100a26c, Load base: 0x0100a26c, Size: 0x00000014, Max: 0x00000014, ABSOLUTE, FIXED)

    Exec Addr    Load Addr    Size         Type   Attr      Idx    E Section Name        Object

    0x0100a26c        -       0x00000014   Zero   RW           21    UNUSED_10.bss       anon$$obj.o


    Execution Region OFS1_SEL (Exec base: 0x0100a280, Load base: 0x0100a280, Size: 0x00000004, Max: 0xffffffff, ABSOLUTE, FIXED)

    Exec Addr    Load Addr    Size         Type   Attr      Idx    E Section Name        Object

    0x0100a280   0x0100a280   0x00000004   Data   RO          282    .option_setting_ofs1_sel  bsp_rom_registers.o


    Execution Region UNUSED_11 (Exec base: 0x0100a284, Load base: 0x0100a284, Size: 0x0000000c, Max: 0x0000000c, ABSOLUTE, FIXED)

    Exec Addr    Load Addr    Size         Type   Attr      Idx    E Section Name        Object

    0x0100a284        -       0x0000000c   Zero   RW           22    UNUSED_11.bss       anon$$obj.o


    Execution Region BANKSEL_SEL (Exec base: 0x0100a290, Load base: 0x0100a290, Size: 0x00000004, Max: 0xffffffff, ABSOLUTE, FIXED)

    Exec Addr    Load Addr    Size         Type   Attr      Idx    E Section Name        Object

    0x0100a290   0x0100a290   0x00000004   Data   RO          283    .option_setting_banksel_sel  bsp_rom_registers.o


    Execution Region UNUSED_12 (Exec base: 0x0100a294, Load base: 0x0100a294, Size: 0x0000002c, Max: 0x0000002c, ABSOLUTE, FIXED)

    Exec Addr    Load Addr    Size         Type   Attr      Idx    E Section Name        Object

    0x0100a294        -       0x0000002c   Zero   RW           23    UNUSED_12.bss       anon$$obj.o


    Execution Region BPS_SEL (Exec base: 0x0100a2c0, Load base: 0x0100a2c0, Size: 0x0000000c, Max: 0xffffffff, ABSOLUTE, FIXED)

    Exec Addr    Load Addr    Size         Type   Attr      Idx    E Section Name        Object

    0x0100a2c0   0x0100a2c0   0x00000004   Data   RO          284    .option_setting_bps_sel0  bsp_rom_registers.o
    0x0100a2c4   0x0100a2c4   0x00000004   Data   RO          285    .option_setting_bps_sel1  bsp_rom_registers.o
    0x0100a2c8   0x0100a2c8   0x00000004   Data   RO          286    .option_setting_bps_sel2  bsp_rom_registers.o


    Execution Region UNUSED_13 (Exec base: 0x0100a2cc, Load base: 0x0100a2cc, Size: 0x00000034, Max: 0x00000034, ABSOLUTE, FIXED)

    Exec Addr    Load Addr    Size         Type   Attr      Idx    E Section Name        Object

    0x0100a2cc        -       0x00000034   Zero   RW           24    UNUSED_13.bss       anon$$obj.o


    Execution Region __tz_OPTION_SETTING_S_N (Exec base: 0x0100a300, Load base: 0x0100a300, Size: 0x00000000, Max: 0x00000000, ABSOLUTE)

    Exec Addr    Load Addr    Size         Type   Attr      Idx    E Section Name        Object

    0x0100a300        -       0x00000000   Zero   RW           25    __tz_OPTION_SETTING_S_N.bss  anon$$obj.o



  Load Region LOAD_REGION_DATA_FLASH (Base: 0x08000000, Size: 0x00000000, Max: 0x00002000, ABSOLUTE)

    Execution Region __tz_DATA_FLASH_S (Exec base: 0x08000000, Load base: 0x08000000, Size: 0x00000000, Max: 0x00000000, ABSOLUTE)

    Exec Addr    Load Addr    Size         Type   Attr      Idx    E Section Name        Object

    0x08000000        -       0x00000000   Zero   RW           26    __tz_DATA_FLASH_S.bss  anon$$obj.o


    Execution Region DATA_FLASH (Exec base: 0x08000000, Load base: 0x08000000, Size: 0x00000000, Max: 0xffffffff, ABSOLUTE, FIXED)

    **** No section assigned to this execution region ****


    Execution Region __tz_DATA_FLASH_N (Exec base: 0x08000000, Load base: 0x08000000, Size: 0x00000000, Max: 0x00000000, ABSOLUTE)

    Exec Addr    Load Addr    Size         Type   Attr      Idx    E Section Name        Object

    0x08000000        -       0x00000000   Zero   RW           27    __tz_DATA_FLASH_N.bss  anon$$obj.o



  Load Region LOAD_REGION_QSPI_FLASH (Base: 0x60000000, Size: 0x00000000, Max: 0x04000000, ABSOLUTE)

    Execution Region __tz_QSPI_FLASH_S (Exec base: 0x60000000, Load base: 0x60000000, Size: 0x00000000, Max: 0x00000000, ABSOLUTE)

    Exec Addr    Load Addr    Size         Type   Attr      Idx    E Section Name        Object

    0x60000000        -       0x00000000   Zero   RW           28    __tz_QSPI_FLASH_S.bss  anon$$obj.o


    Execution Region QSPI_FLASH (Exec base: 0x60000000, Load base: 0x60000000, Size: 0x00000000, Max: 0xffffffff, ABSOLUTE, FIXED)

    **** No section assigned to this execution region ****


    Execution Region __tz_QSPI_FLASH_N (Exec base: 0x60000000, Load base: 0x60000000, Size: 0x00000000, Max: 0x00000000, ABSOLUTE)

    Exec Addr    Load Addr    Size         Type   Attr      Idx    E Section Name        Object

    0x60000000        -       0x00000000   Zero   RW           29    __tz_QSPI_FLASH_N.bss  anon$$obj.o



  Load Region LOAD_REGION_OSPI_DEVICE_0 (Base: 0x68000000, Size: 0x00000000, Max: 0x08000000, ABSOLUTE)

    Execution Region __tz_OSPI_DEVICE_0_S (Exec base: 0x68000000, Load base: 0x68000000, Size: 0x00000000, Max: 0x00000000, ABSOLUTE)

    Exec Addr    Load Addr    Size         Type   Attr      Idx    E Section Name        Object

    0x68000000        -       0x00000000   Zero   RW           30    __tz_OSPI_DEVICE_0_S.bss  anon$$obj.o


    Execution Region OSPI_DEVICE_0 (Exec base: 0x68000000, Load base: 0x68000000, Size: 0x00000000, Max: 0xffffffff, ABSOLUTE, FIXED)

    **** No section assigned to this execution region ****


    Execution Region __tz_OSPI_DEVICE_0_N (Exec base: 0x68000000, Load base: 0x68000000, Size: 0x00000000, Max: 0x00000000, ABSOLUTE)

    Exec Addr    Load Addr    Size         Type   Attr      Idx    E Section Name        Object

    0x68000000        -       0x00000000   Zero   RW           31    __tz_OSPI_DEVICE_0_N.bss  anon$$obj.o



  Load Region LOAD_REGION_OSPI_DEVICE_1 (Base: 0x70000000, Size: 0x00000000, Max: 0x10000000, ABSOLUTE)

    Execution Region __tz_OSPI_DEVICE_1_S (Exec base: 0x70000000, Load base: 0x70000000, Size: 0x00000000, Max: 0x00000000, ABSOLUTE)

    Exec Addr    Load Addr    Size         Type   Attr      Idx    E Section Name        Object

    0x70000000        -       0x00000000   Zero   RW           32    __tz_OSPI_DEVICE_1_S.bss  anon$$obj.o


    Execution Region OSPI_DEVICE_1 (Exec base: 0x70000000, Load base: 0x70000000, Size: 0x00000000, Max: 0xffffffff, ABSOLUTE, FIXED)

    **** No section assigned to this execution region ****


    Execution Region __tz_OSPI_DEVICE_1_N (Exec base: 0x70000000, Load base: 0x70000000, Size: 0x00000000, Max: 0x00000000, ABSOLUTE)

    Exec Addr    Load Addr    Size         Type   Attr      Idx    E Section Name        Object

    0x70000000        -       0x00000000   Zero   RW           33    __tz_OSPI_DEVICE_1_N.bss  anon$$obj.o



  Load Region LOAD_REGION_SDRAM (Base: 0x80010000, Size: 0x00000000, Max: 0x00000000, ABSOLUTE)

    Execution Region __tz_SDRAM_S (Exec base: 0x80010000, Load base: 0x80010000, Size: 0x00000000, Max: 0x00000000, ABSOLUTE)

    Exec Addr    Load Addr    Size         Type   Attr      Idx    E Section Name        Object

    0x80010000        -       0x00000000   Zero   RW           34    __tz_SDRAM_S.bss    anon$$obj.o


    Execution Region SDRAM (Exec base: 0x80010000, Load base: 0x80010000, Size: 0x00000000, Max: 0xffffffff, ABSOLUTE, FIXED)

    **** No section assigned to this execution region ****


    Execution Region __tz_SDRAM_N (Exec base: 0x80010000, Load base: 0x80010000, Size: 0x00000000, Max: 0x00000000, ABSOLUTE)

    Exec Addr    Load Addr    Size         Type   Attr      Idx    E Section Name        Object

    0x80010000        -       0x00000000   Zero   RW           35    __tz_SDRAM_N.bss    anon$$obj.o


==============================================================================

Image component sizes


      Code (inc. data)   RO Data    RW Data    ZI Data      Debug   Object Name

       394          0          0          0         28      32493   bsp_clocks.o
         8          0         78          0          0       9647   bsp_common.o
        96          0          0          0          0       1670   bsp_delay.o
        54          0          0          0         64      13424   bsp_group_irq.o
         0          0          0          0          4        492   bsp_io.o
       146          0          0          0        384      17001   bsp_irq.o
       160          0          8          0          8      21236   bsp_register_protection.o
         0          0         76          0          0       1155   bsp_rom_registers.o
       320          0          0          0        304       2819   circular_queue.o
         0          0         12          0          8      19276   common_data.o
        88          0          0          0          0      16439   fsp_button.o
        20          0          0          0          4       3741   fsp_systick.o
       160         32          0          0          1      11725   fsp_uart.o
         0          0        108          4         48      29769   hal_data.o
       192         28          0          0        302      16938   hal_entry.o
        10          0          0          0          0        414   main.o
         0          0         80          0          0       7965   pin_data.o
       114          0          0          0          0      18076   r_icu.o
       892         12         52          0          0      50982   r_ioport.o
      1390          0          0          0          0      69290   r_sci_uart.o
        14          0         64          0       6144        963   startup.o
       204          0          0          0          4       3958   system.o
         0          0        768          0          0       9595   vector_data.o

    ----------------------------------------------------------------------
      4276         72       1248          4       7636     359068   Object Totals
         0          0          0          0        328          0   (incl. Generated)
        14          0          2          0          5          0   (incl. Padding)

    ----------------------------------------------------------------------

      Code (inc. data)   RO Data    RW Data    ZI Data      Debug   Library Member Name

        36          0          0          0          0         68   memcpya.o
        36          0          0          0          0        108   memseta.o
       372         14          0          0          0        184   printf1.o
        36          6          0          0          0         80   puts.o
         0          0          0          4          0          0   stdout.o
        44          0          0          0          0         80   uidiv.o

    ----------------------------------------------------------------------
       524         20          0          4          0        520   Library Totals
         0          0          0          0          0          0   (incl. Padding)

    ----------------------------------------------------------------------

      Code (inc. data)   RO Data    RW Data    ZI Data      Debug   Library Name

       524         20          0          4          0        520   mc_w.l

    ----------------------------------------------------------------------
       524         20          0          4          0        520   Library Totals

    ----------------------------------------------------------------------

==============================================================================


      Code (inc. data)   RO Data    RW Data    ZI Data      Debug   

      4800         92       1248          8       7636     359060   Grand Totals
      4800         92       1248          8       7636     359060   ELF Image Totals
      4800         92       1248          8          0          0   ROM Totals

==============================================================================

    Total RO  Size (Code + RO Data)                 6048 (   5.91kB)
    Total RW  Size (RW Data + ZI Data)              7644 (   7.46kB)
    Total ROM Size (Code + RO Data + RW Data)       6056 (   5.91kB)

==============================================================================

