Component: Arm Compiler for Embedded 6.24 Tool: armlink [5f371500]

==============================================================================

Section Cross References

    fsp_led.o(.text.FSP_LED_Init) refers to common_data.o(.rodata.g_ioport) for g_ioport
    fsp_led.o(.text.FSP_LED_Init) refers to common_data.o(.bss.g_ioport_ctrl) for g_ioport_ctrl
    fsp_led.o(.text.FSP_LED_Init) refers to r_ioport.o(.text.R_IOPORT_Open) for R_IOPORT_Open
    fsp_led.o(.ARM.exidx.text.FSP_LED_Init) refers to fsp_led.o(.text.FSP_LED_Init) for [Anonymous Symbol]
    fsp_button.o(.text.FSP_Button_Init) refers to common_data.o(.rodata.g_ioport) for g_ioport
    fsp_button.o(.text.FSP_Button_Init) refers to common_data.o(.bss.g_ioport_ctrl) for g_ioport_ctrl
    fsp_button.o(.text.FSP_Button_Init) refers to r_ioport.o(.text.R_IOPORT_Open) for R_IOPORT_Open
    fsp_button.o(.ARM.exidx.text.FSP_Button_Init) refers to fsp_button.o(.text.FSP_Button_Init) for [Anonymous Symbol]
    fsp_button.o(.text.FSP_Scan_Key) refers to common_data.o(.bss.g_ioport_ctrl) for g_ioport_ctrl
    fsp_button.o(.text.FSP_Scan_Key) refers to r_ioport.o(.text.R_IOPORT_PinRead) for R_IOPORT_PinRead
    fsp_button.o(.ARM.exidx.text.FSP_Scan_Key) refers to fsp_button.o(.text.FSP_Scan_Key) for [Anonymous Symbol]
    fsp_icu_key.o(.text.Key_IRQ_Init) refers to common_data.o(.bss.irq9_ctrl) for irq9_ctrl
    fsp_icu_key.o(.text.Key_IRQ_Init) refers to common_data.o(.rodata.irq9_cfg) for irq9_cfg
    fsp_icu_key.o(.text.Key_IRQ_Init) refers to r_icu.o(.text.R_ICU_ExternalIrqOpen) for R_ICU_ExternalIrqOpen
    fsp_icu_key.o(.text.Key_IRQ_Init) refers to common_data.o(.bss.irq10_ctrl) for irq10_ctrl
    fsp_icu_key.o(.text.Key_IRQ_Init) refers to common_data.o(.rodata.irq10_cfg) for irq10_cfg
    fsp_icu_key.o(.text.Key_IRQ_Init) refers to r_icu.o(.text.R_ICU_ExternalIrqEnable) for R_ICU_ExternalIrqEnable
    fsp_icu_key.o(.text.Key_IRQ_Init) refers to bsp_common.o(.text.__aeabi_assert) for __aeabi_assert
    fsp_icu_key.o(.ARM.exidx.text.Key_IRQ_Init) refers to fsp_icu_key.o(.text.Key_IRQ_Init) for [Anonymous Symbol]
    fsp_icu_key.o(.text.key_external_irq) refers to fsp_icu_key.o(.bss.key2_sw3_press) for key2_sw3_press
    fsp_icu_key.o(.text.key_external_irq) refers to fsp_icu_key.o(.bss.key1_sw2_press) for key1_sw2_press
    fsp_icu_key.o(.ARM.exidx.text.key_external_irq) refers to fsp_icu_key.o(.text.key_external_irq) for [Anonymous Symbol]
    fsp_systick.o(.text.FSP_Systick_Init) refers to system.o(.bss.SystemCoreClock) for SystemCoreClock
    fsp_systick.o(.text.FSP_Systick_Init) refers to fsp_systick.o(.bss.FSP_Systick_period) for FSP_Systick_period
    fsp_systick.o(.ARM.exidx.text.FSP_Systick_Init) refers to fsp_systick.o(.text.FSP_Systick_Init) for [Anonymous Symbol]
    fsp_systick.o(.text.FSP_Delay_Systick) refers to fsp_systick.o(.bss.FSP_Systick_period) for FSP_Systick_period
    fsp_systick.o(.text.FSP_Delay_Systick) refers to fsp_systick.o(.bss.FSP_Delay_Nums) for FSP_Delay_Nums
    fsp_systick.o(.ARM.exidx.text.FSP_Delay_Systick) refers to fsp_systick.o(.text.FSP_Delay_Systick) for [Anonymous Symbol]
    fsp_systick.o(.text.SysTick_Handler) refers to fsp_systick.o(.bss.FSP_Delay_Nums) for FSP_Delay_Nums
    fsp_systick.o(.ARM.exidx.text.SysTick_Handler) refers to fsp_systick.o(.text.SysTick_Handler) for [Anonymous Symbol]
    fsp_uart.o(.text.FSP_UART_Init) refers to hal_data.o(.bss.UART_4_ctrl) for UART_4_ctrl
    fsp_uart.o(.text.FSP_UART_Init) refers to hal_data.o(.rodata.UART_4_cfg) for UART_4_cfg
    fsp_uart.o(.text.FSP_UART_Init) refers to r_sci_uart.o(.text.R_SCI_UART_Open) for R_SCI_UART_Open
    fsp_uart.o(.text.FSP_UART_Init) refers to bsp_common.o(.text.__aeabi_assert) for __aeabi_assert
    fsp_uart.o(.ARM.exidx.text.FSP_UART_Init) refers to fsp_uart.o(.text.FSP_UART_Init) for [Anonymous Symbol]
    fsp_uart.o(.text.UART4_Int_Callback) refers to circular_queue.o(.bss.Circular_queue) for Circular_queue
    fsp_uart.o(.text.UART4_Int_Callback) refers to circular_queue.o(.text.Queue_Wirte) for Queue_Wirte
    fsp_uart.o(.text.UART4_Int_Callback) refers to fsp_uart.o(.bss.Uart_Send_Seccuse_Ack) for Uart_Send_Seccuse_Ack
    fsp_uart.o(.ARM.exidx.text.UART4_Int_Callback) refers to fsp_uart.o(.text.UART4_Int_Callback) for [Anonymous Symbol]
    fsp_uart.o(.text.fputc) refers to hal_data.o(.bss.UART_4_ctrl) for UART_4_ctrl
    fsp_uart.o(.text.fputc) refers to r_sci_uart.o(.text.R_SCI_UART_Write) for R_SCI_UART_Write
    fsp_uart.o(.text.fputc) refers to fsp_uart.o(.bss.Uart_Send_Seccuse_Ack) for Uart_Send_Seccuse_Ack
    fsp_uart.o(.ARM.exidx.text.fputc) refers to fsp_uart.o(.text.fputc) for [Anonymous Symbol]
    circular_queue.o(.text.Queue_Init) refers to memseta.o(.text) for __aeabi_memclr
    circular_queue.o(.ARM.exidx.text.Queue_Init) refers to circular_queue.o(.text.Queue_Init) for [Anonymous Symbol]
[...]
    printfa.o(i._printf_core) refers (Special) to iusefp.o(.text) for __I$use$fp
    printfa.o(i._printf_core) refers to printfa.o(i._printf_pre_padding) for _printf_pre_padding
    printfa.o(i._printf_core) refers to uldiv.o(.text) for __aeabi_uldivmod
    printfa.o(i._printf_core) refers to printfa.o(i._printf_post_padding) for _printf_post_padding
    printfa.o(i._printf_core) refers to printfa.o(i._fp_digits) for _fp_digits
    printfa.o(i._printf_core) refers to uidiv.o(.text) for __aeabi_uidivmod
    printfa.o(i._printf_post_padding) refers (Special) to iusefp.o(.text) for __I$use$fp
    printfa.o(i._printf_pre_padding) refers (Special) to iusefp.o(.text) for __I$use$fp
    printfa.o(i._snputc) refers (Special) to iusefp.o(.text) for __I$use$fp
    printfa.o(i._sputc) refers (Special) to iusefp.o(.text) for __I$use$fp
    uldiv.o(.text) refers to llushr.o(.text) for __aeabi_llsr
    uldiv.o(.text) refers to llshl.o(.text) for __aeabi_llsl
    dadd.o(.text) refers (Special) to iusefp.o(.text) for __I$use$fp
    dadd.o(.text) refers to llshl.o(.text) for __aeabi_llsl
    dadd.o(.text) refers to llsshr.o(.text) for __aeabi_lasr
    dadd.o(.text) refers to depilogue.o(.text) for _double_epilogue
    dmul.o(.text) refers (Special) to iusefp.o(.text) for __I$use$fp
    dmul.o(.text) refers to depilogue.o(.text) for _double_epilogue
    ddiv.o(.text) refers (Special) to iusefp.o(.text) for __I$use$fp
    ddiv.o(.text) refers to depilogue.o(.text) for _double_round
    dfixul.o(.text) refers (Special) to iusefp.o(.text) for __I$use$fp
    dfixul.o(.text) refers to llushr.o(.text) for __aeabi_llsr
    dfixul.o(.text) refers to llshl.o(.text) for __aeabi_llsl
    cdrcmple.o(.text) refers (Special) to iusefp.o(.text) for __I$use$fp
    depilogue.o(.text) refers (Special) to iusefp.o(.text) for __I$use$fp
    depilogue.o(.text) refers to llshl.o(.text) for __aeabi_llsl
    depilogue.o(.text) refers to llushr.o(.text) for __aeabi_llsr


==============================================================================

Removing Unused input sections from the image.

    Removing fsp_led.o(.text), (0 bytes).
    Removing fsp_led.o(.text.FSP_LED_Init), (22 bytes).
    Removing fsp_led.o(.ARM.exidx.text.FSP_LED_Init), (8 bytes).
    Removing fsp_button.o(.text), (0 bytes).
    Removing fsp_button.o(.ARM.exidx.text.FSP_Button_Init), (8 bytes).
    Removing fsp_button.o(.text.FSP_Scan_Key), (66 bytes).
    Removing fsp_button.o(.ARM.exidx.text.FSP_Scan_Key), (8 bytes).
    Removing fsp_icu_key.o(.text), (0 bytes).
    Removing fsp_icu_key.o(.text.Key_IRQ_Init), (108 bytes).
    Removing fsp_icu_key.o(.ARM.exidx.text.Key_IRQ_Init), (8 bytes).
    Removing fsp_icu_key.o(.text.key_external_irq), (36 bytes).
    Removing fsp_icu_key.o(.ARM.exidx.text.key_external_irq), (8 bytes).
    Removing fsp_icu_key.o(.bss.key1_sw2_press), (1 bytes).
    Removing fsp_icu_key.o(.bss.key2_sw3_press), (1 bytes).
    Removing fsp_systick.o(.text), (0 bytes).
    Removing fsp_systick.o(.text.FSP_Systick_Init), (66 bytes).
    Removing fsp_systick.o(.ARM.exidx.text.FSP_Systick_Init), (8 bytes).
    Removing fsp_systick.o(.text.FSP_Delay_Systick), (48 bytes).
    Removing fsp_systick.o(.ARM.exidx.text.FSP_Delay_Systick), (8 bytes).
    Removing fsp_systick.o(.ARM.exidx.text.SysTick_Handler), (8 bytes).
    Removing fsp_systick.o(.bss.FSP_Systick_period), (4 bytes).
    Removing fsp_uart.o(.text), (0 bytes).
    Removing fsp_uart.o(.ARM.exidx.text.FSP_UART_Init), (8 bytes).
    Removing fsp_uart.o(.ARM.exidx.text.UART4_Int_Callback), (8 bytes).
    Removing fsp_uart.o(.ARM.exidx.text.fputc), (8 bytes).
    Removing circular_queue.o(.text), (0 bytes).
    Removing circular_queue.o(.ARM.exidx.text.Queue_Init), (8 bytes).
    Removing circular_queue.o(.text.Queue_isEmpty), (20 bytes).
    Removing circular_queue.o(.ARM.exidx.text.Queue_isEmpty), (8 bytes).
    Removing circular_queue.o(.text.Queue_isFull), (42 bytes).
    Removing circular_queue.o(.ARM.exidx.text.Queue_isFull), (8 bytes).
    Removing circular_queue.o(.text.Queue_HadUse), (42 bytes).
    Removing circular_queue.o(.ARM.exidx.text.Queue_HadUse), (8 bytes).
    Removing circular_queue.o(.text.Queue_NoUse), (52 bytes).
    Removing circular_queue.o(.ARM.exidx.text.Queue_NoUse), (8 bytes).
    Removing circular_queue.o(.ARM.exidx.text.Queue_Wirte), (8 bytes).
    Removing circular_queue.o(.text.Queue_Read), (116 bytes).
    Removing circular_queue.o(.ARM.exidx.text.Queue_Read), (8 bytes).
    Removing fsp_dmac.o(.text), (0 bytes).
    Removing fsp_dmac.o(.text.Set_Transfer_Dst_Src_Address), (20 bytes).
    Removing fsp_dmac.o(.ARM.exidx.text.Set_Transfer_Dst_Src_Address), (8 bytes).
    Removing fsp_dmac.o(.ARM.exidx.text.FSP_Dmac_Init), (8 bytes).
    Removing fsp_dmac.o(.ARM.exidx.text.FSP_Dmac0_Callback), (8 bytes).
    Removing fsp_dmac.o(.data.FSP_Transfer_Dmac0_Info_Repeat_Dest), (16 bytes).
    Removing hal_entry.o(.text), (0 bytes).
    Removing hal_entry.o(.ARM.exidx.text.BufferShow_HexData), (8 bytes).
    Removing hal_entry.o(.ARM.exidx.text.hal_entry), (8 bytes).
    Removing hal_entry.o(.ARM.exidx.text.R_BSP_WarmStart), (8 bytes).
    Removing hal_entry.o(.bss.Read_Buffer), (300 bytes).
    Removing hal_entry.o(.bss.Read_Length), (2 bytes).
    Removing startup.o(.text), (0 bytes).
    Removing startup.o(.ARM.exidx.text.Reset_Handler), (8 bytes).
    Removing startup.o(.ARM.exidx.text.Default_Handler), (8 bytes).
    Removing system.o(.text), (0 bytes).
    Removing system.o(.ARM.exidx.text.SystemInit), (8 bytes).
    Removing system.o(.text.R_BSP_WarmStart), (2 bytes).
    Removing system.o(.ARM.exidx.text.R_BSP_WarmStart), (8 bytes).
    Removing bsp_clocks.o(.text), (0 bytes).
    Removing bsp_clocks.o(.text.bsp_prv_operating_mode_set), (68 bytes).
    Removing bsp_clocks.o(.ARM.exidx.text.bsp_prv_operating_mode_set), (8 bytes).
    Removing bsp_clocks.o(.text.bsp_prv_prepare_pll), (12 bytes).
    Removing bsp_clocks.o(.ARM.exidx.text.bsp_prv_prepare_pll), (8 bytes).
    Removing bsp_clocks.o(.ARM.exidx.text.SystemCoreClockUpdate), (8 bytes).
    Removing bsp_clocks.o(.text.prv_clock_dividers_set), (12 bytes).
    Removing bsp_clocks.o(.ARM.exidx.text.prv_clock_dividers_set), (8 bytes).
    Removing bsp_clocks.o(.text.bsp_prv_clock_set), (204 bytes).
    Removing bsp_clocks.o(.ARM.exidx.text.bsp_prv_clock_set), (8 bytes).
    Removing bsp_clocks.o(.ARM.exidx.text.bsp_clock_init), (8 bytes).
    Removing bsp_clocks.o(.text.R_BSP_SubClockStabilizeWait), (8 bytes).
    Removing bsp_clocks.o(.ARM.exidx.text.R_BSP_SubClockStabilizeWait), (8 bytes).
    Removing bsp_clocks.o(.text.R_BSP_OctaclkUpdate), (78 bytes).
    Removing bsp_clocks.o(.ARM.exidx.text.R_BSP_OctaclkUpdate), (8 bytes).
    Removing bsp_clocks.o(.text.R_BSP_SourceClockHzGet), (14 bytes).
    Removing bsp_clocks.o(.ARM.exidx.text.R_BSP_SourceClockHzGet), (8 bytes).
    Removing bsp_clocks.o(.ARM.exidx.text.R_BSP_Init_RTC), (8 bytes).
    Removing bsp_common.o(.text), (0 bytes).
    Removing bsp_common.o(.ARM.exidx.text.bsp_init_internal), (8 bytes).
    Removing bsp_common.o(.text.R_FSP_VersionGet), (14 bytes).
    Removing bsp_common.o(.ARM.exidx.text.R_FSP_VersionGet), (8 bytes).
    Removing bsp_common.o(.ARM.exidx.text.__aeabi_assert), (8 bytes).
    Removing bsp_delay.o(.text), (0 bytes).
    Removing bsp_delay.o(.ARM.exidx.text.R_BSP_SoftwareDelay), (8 bytes).
    Removing bsp_delay.o(.ARM.exidx.text.bsp_prv_software_delay_loop), (8 bytes).
    Removing bsp_group_irq.o(.text), (0 bytes).
    Removing bsp_group_irq.o(.text.R_BSP_GroupIrqWrite), (18 bytes).
    Removing bsp_group_irq.o(.ARM.exidx.text.R_BSP_GroupIrqWrite), (8 bytes).
    Removing bsp_group_irq.o(.ARM.exidx.text.NMI_Handler), (8 bytes).
    Removing bsp_guard.o(.text), (0 bytes).
    Removing bsp_io.o(.text), (0 bytes).
    Removing bsp_irq.o(.text), (0 bytes).
    Removing bsp_irq.o(.ARM.exidx.text.bsp_irq_cfg), (8 bytes).
    Removing bsp_irq.o(.rodata.g_interrupt_event_link_select), (384 bytes).
    Removing bsp_register_protection.o(.text), (0 bytes).
    Removing bsp_register_protection.o(.ARM.exidx.text.R_BSP_RegisterProtectEnable), (8 bytes).
    Removing bsp_register_protection.o(.ARM.exidx.text.R_BSP_RegisterProtectDisable), (8 bytes).
    Removing bsp_rom_registers.o(.text), (0 bytes).
    Removing bsp_sbrk.o(.text), (0 bytes).
    Removing bsp_security.o(.text), (0 bytes).
    Removing bsp_security.o(.rodata.gp_start_of_nonsecure_flash), (4 bytes).
    Removing bsp_security.o(.rodata.gp_start_of_nonsecure_callable_flash), (4 bytes).
    Removing bsp_security.o(.rodata.gp_start_of_secure_flash), (4 bytes).
    Removing bsp_security.o(.rodata.gp_start_of_nonsecure_ram), (4 bytes).
    Removing bsp_security.o(.rodata.gp_start_of_nonsecure_callable_ram), (4 bytes).
    Removing bsp_security.o(.rodata.gp_start_of_secure_ram), (4 bytes).
    Removing bsp_security.o(.rodata.gp_start_of_nonsecure_data_flash), (4 bytes).
    Removing bsp_security.o(.rodata.gp_start_of_secure_data_flash), (4 bytes).
    Removing r_dmac.o(.text), (0 bytes).
    Removing r_dmac.o(.ARM.exidx.text.R_DMAC_Open), (8 bytes).
    Removing r_dmac.o(.ARM.exidx.text.R_DMAC_Reconfigure), (8 bytes).
    Removing r_dmac.o(.text.R_DMAC_Reset), (100 bytes).
    Removing r_dmac.o(.ARM.exidx.text.R_DMAC_Reset), (8 bytes).
    Removing r_dmac.o(.ARM.exidx.text.R_DMAC_Enable), (8 bytes).
    Removing r_dmac.o(.text.R_DMAC_Disable), (40 bytes).
    Removing r_dmac.o(.ARM.exidx.text.R_DMAC_Disable), (8 bytes).
    Removing r_dmac.o(.ARM.exidx.text.R_DMAC_SoftwareStart), (8 bytes).
    Removing r_dmac.o(.text.R_DMAC_SoftwareStop), (10 bytes).
    Removing r_dmac.o(.ARM.exidx.text.R_DMAC_SoftwareStop), (8 bytes).
    Removing r_dmac.o(.text.R_DMAC_InfoGet), (44 bytes).
    Removing r_dmac.o(.ARM.exidx.text.R_DMAC_InfoGet), (8 bytes).
    Removing r_dmac.o(.text.R_DMAC_Close), (92 bytes).
    Removing r_dmac.o(.ARM.exidx.text.R_DMAC_Close), (8 bytes).
    Removing r_dmac.o(.ARM.exidx.text.r_dmac_config_transfer_info), (8 bytes).
    Removing r_dmac.o(.ARM.exidx.text.dmac_int_isr), (8 bytes).
    Removing r_dmac.o(.rodata.g_transfer_on_dmac), (36 bytes).
    Removing r_icu.o(.text), (0 bytes).
    Removing r_icu.o(.text.R_ICU_ExternalIrqOpen), (118 bytes).
    Removing r_icu.o(.ARM.exidx.text.R_ICU_ExternalIrqOpen), (8 bytes).
    Removing r_icu.o(.text.R_ICU_ExternalIrqEnable), (66 bytes).
    Removing r_icu.o(.ARM.exidx.text.R_ICU_ExternalIrqEnable), (8 bytes).
    Removing r_icu.o(.text.R_ICU_ExternalIrqDisable), (38 bytes).
    Removing r_icu.o(.ARM.exidx.text.R_ICU_ExternalIrqDisable), (8 bytes).
    Removing r_icu.o(.text.R_ICU_ExternalIrqCallbackSet), (10 bytes).
    Removing r_icu.o(.ARM.exidx.text.R_ICU_ExternalIrqCallbackSet), (8 bytes).
    Removing r_icu.o(.text.R_ICU_ExternalIrqClose), (64 bytes).
    Removing r_icu.o(.ARM.exidx.text.R_ICU_ExternalIrqClose), (8 bytes).
    Removing r_icu.o(.ARM.exidx.text.r_icu_isr), (8 bytes).
    Removing r_icu.o(.rodata.g_external_irq_on_icu), (20 bytes).
    Removing r_ioport.o(.text), (0 bytes).
    Removing r_ioport.o(.ARM.exidx.text.R_IOPORT_Open), (8 bytes).
    Removing r_ioport.o(.ARM.exidx.text.R_IOPORT_Close), (8 bytes).
    Removing r_ioport.o(.ARM.exidx.text.R_IOPORT_PinsCfg), (8 bytes).
    Removing r_ioport.o(.ARM.exidx.text.R_IOPORT_PinCfg), (8 bytes).
    Removing r_ioport.o(.ARM.exidx.text.R_IOPORT_PinEventInputRead), (8 bytes).
    Removing r_ioport.o(.ARM.exidx.text.R_IOPORT_PinEventOutputWrite), (8 bytes).
    Removing r_ioport.o(.ARM.exidx.text.R_IOPORT_PinRead), (8 bytes).
    Removing r_ioport.o(.ARM.exidx.text.R_IOPORT_PinWrite), (8 bytes).
    Removing r_ioport.o(.ARM.exidx.text.R_IOPORT_PortDirectionSet), (8 bytes).
    Removing r_ioport.o(.ARM.exidx.text.R_IOPORT_PortEventInputRead), (8 bytes).
    Removing r_ioport.o(.ARM.exidx.text.R_IOPORT_PortEventOutputWrite), (8 bytes).
    Removing r_ioport.o(.ARM.exidx.text.R_IOPORT_PortRead), (8 bytes).
    Removing r_ioport.o(.ARM.exidx.text.R_IOPORT_PortWrite), (8 bytes).
    Removing r_ioport.o(.ARM.exidx.text.r_ioport_pins_config), (8 bytes).
    Removing r_ioport.o(.ARM.exidx.text.bsp_vbatt_init), (8 bytes).
    Removing r_sci_uart.o(.text), (0 bytes).
    Removing r_sci_uart.o(.ARM.exidx.text.R_SCI_UART_Open), (8 bytes).
    Removing r_sci_uart.o(.text.R_SCI_UART_Read), (10 bytes).
    Removing r_sci_uart.o(.ARM.exidx.text.R_SCI_UART_Read), (8 bytes).
    Removing r_sci_uart.o(.ARM.exidx.text.R_SCI_UART_Write), (8 bytes).
    Removing r_sci_uart.o(.text.R_SCI_UART_BaudSet), (80 bytes).
    Removing r_sci_uart.o(.ARM.exidx.text.R_SCI_UART_BaudSet), (8 bytes).
    Removing r_sci_uart.o(.text.R_SCI_UART_InfoGet), (12 bytes).
    Removing r_sci_uart.o(.ARM.exidx.text.R_SCI_UART_InfoGet), (8 bytes).
    Removing r_sci_uart.o(.text.R_SCI_UART_Abort), (34 bytes).
    Removing r_sci_uart.o(.ARM.exidx.text.R_SCI_UART_Abort), (8 bytes).
    Removing r_sci_uart.o(.text.R_SCI_UART_CallbackSet), (14 bytes).
    Removing r_sci_uart.o(.ARM.exidx.text.R_SCI_UART_CallbackSet), (8 bytes).
    Removing r_sci_uart.o(.text.R_SCI_UART_Close), (166 bytes).
    Removing r_sci_uart.o(.ARM.exidx.text.R_SCI_UART_Close), (8 bytes).
    Removing r_sci_uart.o(.text.R_SCI_UART_ReadStop), (14 bytes).
    Removing r_sci_uart.o(.ARM.exidx.text.R_SCI_UART_ReadStop), (8 bytes).
    Removing r_sci_uart.o(.text.R_SCI_UART_BaudCalculate), (392 bytes).
    Removing r_sci_uart.o(.ARM.exidx.text.R_SCI_UART_BaudCalculate), (8 bytes).
    Removing r_sci_uart.o(.ARM.exidx.text.sci_uart_txi_isr), (8 bytes).
    Removing r_sci_uart.o(.ARM.exidx.text.r_sci_uart_call_callback), (8 bytes).
    Removing r_sci_uart.o(.ARM.exidx.text.sci_uart_rxi_isr), (8 bytes).
    Removing r_sci_uart.o(.ARM.exidx.text.sci_uart_tei_isr), (8 bytes).
    Removing r_sci_uart.o(.ARM.exidx.text.sci_uart_eri_isr), (8 bytes).
    Removing r_sci_uart.o(.rodata.g_uart_on_sci), (36 bytes).
    Removing r_sci_uart.o(.rodata.g_async_baud), (13 bytes).
    Removing r_sci_uart.o(.rodata.g_div_coefficient), (26 bytes).
    Removing common_data.o(.text), (0 bytes).
    Removing common_data.o(.text.g_common_init), (2 bytes).
    Removing common_data.o(.ARM.exidx.text.g_common_init), (8 bytes).
    Removing common_data.o(.rodata.irq10_cfg), (32 bytes).
    Removing common_data.o(.bss.irq10_ctrl), (20 bytes).
    Removing common_data.o(.rodata.irq10), (12 bytes).
    Removing common_data.o(.rodata.irq9_cfg), (32 bytes).
    Removing common_data.o(.bss.irq9_ctrl), (20 bytes).
    Removing common_data.o(.rodata.irq9), (12 bytes).
    Removing hal_data.o(.text), (0 bytes).
    Removing hal_data.o(.text.g_hal_init), (4 bytes).
    Removing hal_data.o(.ARM.exidx.text.g_hal_init), (8 bytes).
    Removing hal_data.o(.rodata.g_transfer_dmac0), (12 bytes).
    Removing hal_data.o(.rodata.UART_4), (12 bytes).
    Removing main.o(.text), (0 bytes).
    Removing main.o(.ARM.exidx.text.main), (8 bytes).
    Removing main.o(.ARM.use_no_argv), (4 bytes).
    Removing pin_data.o(.text), (0 bytes).
    Removing vector_data.o(.text), (0 bytes).
    Removing dadd.o(.text), (334 bytes).
    Removing dmul.o(.text), (228 bytes).
    Removing ddiv.o(.text), (222 bytes).
    Removing dfixul.o(.text), (48 bytes).
    Removing cdrcmple.o(.text), (48 bytes).
    Removing depilogue.o(.text), (186 bytes).

205 unused section(s) (total 5255 bytes) removed from the image.

==============================================================================

Image Symbol Table

    Local Symbols

    Symbol Name                              Value     Ov Type        Size  Object(Section)

    ../clib/division.s                       0x00000000   Number         0  aeabi_sdiv.o ABSOLUTE
    ../clib/microlib/division.c              0x00000000   Number         0  ldiv.o ABSOLUTE
    ../clib/microlib/division.c              0x00000000   Number         0  uidiv.o ABSOLUTE
    ../clib/microlib/division.c              0x00000000   Number         0  uldiv.o ABSOLUTE
    ../clib/microlib/longlong.c              0x00000000   Number         0  llshl.o ABSOLUTE
    ../clib/microlib/longlong.c              0x00000000   Number         0  llushr.o ABSOLUTE
    ../clib/microlib/longlong.c              0x00000000   Number         0  llsshr.o ABSOLUTE
    ../clib/microlib/printf/printf.c         0x00000000   Number         0  printfb.o ABSOLUTE
    ../clib/microlib/printf/printf.c         0x00000000   Number         0  printf0.o ABSOLUTE
    ../clib/microlib/printf/printf.c         0x00000000   Number         0  printf1.o ABSOLUTE
    ../clib/microlib/printf/printf.c         0x00000000   Number         0  printf2.o ABSOLUTE
    ../clib/microlib/printf/printf.c         0x00000000   Number         0  printf3.o ABSOLUTE
    ../clib/microlib/printf/printf.c         0x00000000   Number         0  printf4.o ABSOLUTE
    ../clib/microlib/printf/printf.c         0x00000000   Number         0  printf5.o ABSOLUTE
    ../clib/microlib/printf/printf.c         0x00000000   Number         0  printf6.o ABSOLUTE
    ../clib/microlib/printf/printf.c         0x00000000   Number         0  printf7.o ABSOLUTE
    ../clib/microlib/printf/printf.c         0x00000000   Number         0  printf8.o ABSOLUTE
    ../clib/microlib/printf/printf.c         0x00000000   Number         0  printfa.o ABSOLUTE
    ../clib/microlib/printf/stubs.s          0x00000000   Number         0  printfstubs.o ABSOLUTE
    ../clib/microlib/stdio/puts.c            0x00000000   Number         0  puts.o ABSOLUTE
    ../clib/microlib/stdio/puts.c            0x00000000   Number         0  puts_e.o ABSOLUTE
    ../clib/microlib/stdio/streams.c         0x00000000   Number         0  stdout.o ABSOLUTE
    ../clib/microlib/string/memcpy.c         0x00000000   Number         0  memcpya.o ABSOLUTE
    ../clib/microlib/string/memcpy.c         0x00000000   Number         0  memcpyb.o ABSOLUTE
    ../clib/microlib/string/memset.c         0x00000000   Number         0  memseta.o ABSOLUTE
    ../clib/microlib/stubs.s                 0x00000000   Number         0  iusefp.o ABSOLUTE
    ../fplib/microlib/fpadd.c                0x00000000   Number         0  dadd.o ABSOLUTE
    ../fplib/microlib/fpdiv.c                0x00000000   Number         0  ddiv.o ABSOLUTE
    ../fplib/microlib/fpepilogue.c           0x00000000   Number         0  depilogue.o ABSOLUTE
    ../fplib/microlib/fpfix.c                0x00000000   Number         0  dfixul.o ABSOLUTE
    ../fplib/microlib/fpmul.c                0x00000000   Number         0  dmul.o ABSOLUTE
    FSP_Button.c                             0x00000000   Number         0  fsp_button.o ABSOLUTE
    FSP_DMAC.c                               0x00000000   Number         0  fsp_dmac.o ABSOLUTE
    FSP_ICU_key.c                            0x00000000   Number         0  fsp_icu_key.o ABSOLUTE
    FSP_LED.c                                0x00000000   Number         0  fsp_led.o ABSOLUTE
    FSP_Systick.c                            0x00000000   Number         0  fsp_systick.o ABSOLUTE
    FSP_UART.c                               0x00000000   Number         0  fsp_uart.o ABSOLUTE
    __tagsym$$used.1                         0x00000000   Number         0  startup.o(.fixed_vectors)
    bsp_clocks.c                             0x00000000   Number         0  bsp_clocks.o ABSOLUTE
    bsp_common.c                             0x00000000   Number         0  bsp_common.o ABSOLUTE
    bsp_delay.c                              0x00000000   Number         0  bsp_delay.o ABSOLUTE
    bsp_group_irq.c                          0x00000000   Number         0  bsp_group_irq.o ABSOLUTE
    bsp_guard.c                              0x00000000   Number         0  bsp_guard.o ABSOLUTE
    bsp_io.c                                 0x00000000   Number         0  bsp_io.o ABSOLUTE
    bsp_irq.c                                0x00000000   Number         0  bsp_irq.o ABSOLUTE
    bsp_register_protection.c                0x00000000   Number         0  bsp_register_protection.o ABSOLUTE
    bsp_rom_registers.c                      0x00000000   Number         0  bsp_rom_registers.o ABSOLUTE
    bsp_sbrk.c                               0x00000000   Number         0  bsp_sbrk.o ABSOLUTE
    bsp_security.c                           0x00000000   Number         0  bsp_security.o ABSOLUTE
    cdrcmple.s                               0x00000000   Number         0  cdrcmple.o ABSOLUTE
    circular_queue.c                         0x00000000   Number         0  circular_queue.o ABSOLUTE
    common_data.c                            0x00000000   Number         0  common_data.o ABSOLUTE
    dc.s                                     0x00000000   Number         0  dc.o ABSOLUTE
    hal_data.c                               0x00000000   Number         0  hal_data.o ABSOLUTE
    hal_entry.c                              0x00000000   Number         0  hal_entry.o ABSOLUTE
    main.c                                   0x00000000   Number         0  main.o ABSOLUTE
    pin_data.c                               0x00000000   Number         0  pin_data.o ABSOLUTE
    r_dmac.c                                 0x00000000   Number         0  r_dmac.o ABSOLUTE
    r_icu.c                                  0x00000000   Number         0  r_icu.o ABSOLUTE
    r_ioport.c                               0x00000000   Number         0  r_ioport.o ABSOLUTE
    r_sci_uart.c                             0x00000000   Number         0  r_sci_uart.o ABSOLUTE
    startup.c                                0x00000000   Number         0  startup.o ABSOLUTE
    system.c                                 0x00000000   Number         0  system.o ABSOLUTE
    vector_data.c                            0x00000000   Number         0  vector_data.o ABSOLUTE
    __tagsym$$used.0                         0x00000040   Number         0  vector_data.o(.application_vectors)
    .text                                    0x000001c0   Section        0  memcpya.o(.text)
    .text                                    0x000001e4   Section        0  memseta.o(.text)
    .text                                    0x00000208   Section        0  uldiv.o(.text)
    .text                                    0x0000026a   Section        0  llshl.o(.text)
    .text                                    0x00000288   Section        0  llushr.o(.text)
    [Anonymous Symbol]                       0x000002a8   Section        0  hal_entry.o(.text.BufferShow_HexData)
    [Anonymous Symbol]                       0x000002f0   Section        0  startup.o(.text.Default_Handler)
    [Anonymous Symbol]                       0x000002f4   Section        0  fsp_button.o(.text.FSP_Button_Init)
    [Anonymous Symbol]                       0x0000030a   Section        0  fsp_dmac.o(.text.FSP_Dmac0_Callback)
    [Anonymous Symbol]                       0x00000326   Section        0  fsp_dmac.o(.text.FSP_Dmac_Init)
    [Anonymous Symbol]                       0x00000384   Section        0  fsp_uart.o(.text.FSP_UART_Init)
    [Anonymous Symbol]                       0x000003c8   Section        0  bsp_group_irq.o(.text.NMI_Handler)
    [Anonymous Symbol]                       0x000003fe   Section        0  circular_queue.o(.text.Queue_Init)
    [Anonymous Symbol]                       0x00000418   Section        0  circular_queue.o(.text.Queue_Wirte)
    [Anonymous Symbol]                       0x0000048c   Section        0  bsp_clocks.o(.text.R_BSP_Init_RTC)
    [Anonymous Symbol]                       0x000004da   Section        0  bsp_register_protection.o(.text.R_BSP_RegisterProtectDisable)
    [Anonymous Symbol]                       0x00000528   Section        0  bsp_register_protection.o(.text.R_BSP_RegisterProtectEnable)
    [Anonymous Symbol]                       0x0000057a   Section        0  bsp_delay.o(.text.R_BSP_SoftwareDelay)
    [Anonymous Symbol]                       0x000005d2   Section        0  hal_entry.o(.text.R_BSP_WarmStart)
    [Anonymous Symbol]                       0x000005ee   Section        0  r_dmac.o(.text.R_DMAC_Enable)
    [Anonymous Symbol]                       0x000005f8   Section        0  r_dmac.o(.text.R_DMAC_Open)
    [Anonymous Symbol]                       0x0000064c   Section        0  r_dmac.o(.text.R_DMAC_Reconfigure)
    [Anonymous Symbol]                       0x0000065e   Section        0  r_dmac.o(.text.R_DMAC_SoftwareStart)
    [Anonymous Symbol]                       0x0000066a   Section        0  r_ioport.o(.text.R_IOPORT_Close)
    [Anonymous Symbol]                       0x00000674   Section        0  r_ioport.o(.text.R_IOPORT_Open)
    [Anonymous Symbol]                       0x0000068a   Section        0  r_ioport.o(.text.R_IOPORT_PinCfg)
    [Anonymous Symbol]                       0x0000073c   Section        0  r_ioport.o(.text.R_IOPORT_PinEventInputRead)
    [Anonymous Symbol]                       0x00000764   Section        0  r_ioport.o(.text.R_IOPORT_PinEventOutputWrite)
    [Anonymous Symbol]                       0x000007a6   Section        0  r_ioport.o(.text.R_IOPORT_PinRead)
    [Anonymous Symbol]                       0x000007c8   Section        0  r_ioport.o(.text.R_IOPORT_PinWrite)
    [Anonymous Symbol]                       0x000007f0   Section        0  r_ioport.o(.text.R_IOPORT_PinsCfg)
    [Anonymous Symbol]                       0x000007fc   Section        0  r_ioport.o(.text.R_IOPORT_PortDirectionSet)
    [Anonymous Symbol]                       0x00000828   Section        0  r_ioport.o(.text.R_IOPORT_PortEventInputRead)
    [Anonymous Symbol]                       0x00000840   Section        0  r_ioport.o(.text.R_IOPORT_PortEventOutputWrite)
    [Anonymous Symbol]                       0x00000860   Section        0  r_ioport.o(.text.R_IOPORT_PortRead)
    [Anonymous Symbol]                       0x00000876   Section        0  r_ioport.o(.text.R_IOPORT_PortWrite)
    [Anonymous Symbol]                       0x00000896   Section        0  r_sci_uart.o(.text.R_SCI_UART_Open)
    [Anonymous Symbol]                       0x00000bb4   Section        0  r_sci_uart.o(.text.R_SCI_UART_Write)
    [Anonymous Symbol]                       0x00000c00   Section        0  startup.o(.text.Reset_Handler)
    [Anonymous Symbol]                       0x00000c0a   Section        0  fsp_systick.o(.text.SysTick_Handler)
    [Anonymous Symbol]                       0x00000c1e   Section        0  bsp_clocks.o(.text.SystemCoreClockUpdate)
    [Anonymous Symbol]                       0x00000c4c   Section        0  system.o(.text.SystemInit)
    [Anonymous Symbol]                       0x00000d18   Section        0  fsp_uart.o(.text.UART4_Int_Callback)
    [Anonymous Symbol]                       0x00000d44   Section        0  bsp_common.o(.text.__aeabi_assert)
    [Anonymous Symbol]                       0x00000d4c   Section        0  bsp_clocks.o(.text.bsp_clock_init)
    [Anonymous Symbol]                       0x00000e5c   Section        0  bsp_common.o(.text.bsp_init_internal)
    [Anonymous Symbol]                       0x00000e60   Section        0  bsp_irq.o(.text.bsp_irq_cfg)
    sw_delay_loop                            0x00000ef2   Number         0  bsp_delay.o(.text.bsp_prv_software_delay_loop)
    [Anonymous Symbol]                       0x00000ef2   Section        0  bsp_delay.o(.text.bsp_prv_software_delay_loop)
    bsp_vbatt_init                           0x00000efd   Thumb Code   132  r_ioport.o(.text.bsp_vbatt_init)
    [Anonymous Symbol]                       0x00000efc   Section        0  r_ioport.o(.text.bsp_vbatt_init)
    g_vbatt_pins_input                       0x00000f80   Number         0  r_ioport.o(.text.bsp_vbatt_init)
    [Anonymous Symbol]                       0x00000f8c   Section        0  r_dmac.o(.text.dmac_int_isr)
    [Anonymous Symbol]                       0x00000fd8   Section        0  fsp_uart.o(.text.fputc)
    [Anonymous Symbol]                       0x00001008   Section        0  hal_entry.o(.text.hal_entry)
    [Anonymous Symbol]                       0x000010c8   Section        0  main.o(.text.main)
    r_dmac_config_transfer_info              0x000010d3   Thumb Code   406  r_dmac.o(.text.r_dmac_config_transfer_info)
    [Anonymous Symbol]                       0x000010d2   Section        0  r_dmac.o(.text.r_dmac_config_transfer_info)
    [Anonymous Symbol]                       0x00001268   Section        0  r_icu.o(.text.r_icu_isr)
    r_ioport_pins_config                     0x000012dd   Thumb Code   192  r_ioport.o(.text.r_ioport_pins_config)
    [Anonymous Symbol]                       0x000012dc   Section        0  r_ioport.o(.text.r_ioport_pins_config)
    r_sci_uart_call_callback                 0x0000139d   Thumb Code    64  r_sci_uart.o(.text.r_sci_uart_call_callback)
    [Anonymous Symbol]                       0x0000139c   Section        0  r_sci_uart.o(.text.r_sci_uart_call_callback)
    [Anonymous Symbol]                       0x000013dc   Section        0  r_sci_uart.o(.text.sci_uart_eri_isr)
    [Anonymous Symbol]                       0x00001446   Section        0  r_sci_uart.o(.text.sci_uart_rxi_isr)
    [Anonymous Symbol]                       0x000014ce   Section        0  r_sci_uart.o(.text.sci_uart_tei_isr)
    [Anonymous Symbol]                       0x00001518   Section        0  r_sci_uart.o(.text.sci_uart_txi_isr)
    i.__0printf$8                            0x000015a0   Section        0  printf8.o(i.__0printf$8)
    _printf_core                             0x000015c1   Thumb Code   996  printf8.o(i._printf_core)
    i._printf_core                           0x000015c0   Section        0  printf8.o(i._printf_core)
    _printf_post_padding                     0x000019d1   Thumb Code    36  printf8.o(i._printf_post_padding)
    i._printf_post_padding                   0x000019d0   Section        0  printf8.o(i._printf_post_padding)
    _printf_pre_padding                      0x000019f5   Thumb Code    46  printf8.o(i._printf_pre_padding)
    i._printf_pre_padding                    0x000019f4   Section        0  printf8.o(i._printf_pre_padding)
    i.puts                                   0x00001a24   Section        0  puts.o(i.puts)
    __tagsym$$used.8                         0x00001a48   Number         0  bsp_rom_registers.o(.option_setting_bps_sec3)
    g_bsp_rom_bps_sec3                       0x00001a48   Data           4  bsp_rom_registers.o(.option_setting_bps_sec3)
    [Anonymous Symbol]                       0x00001a48   Section        0  bsp_rom_registers.o(.option_setting_bps_sec3)
    __tagsym$$used.18                        0x00001a4c   Number         0  bsp_rom_registers.o(.option_setting_bps_sel3)
    g_bsp_rom_bps_sel3                       0x00001a4c   Data           4  bsp_rom_registers.o(.option_setting_bps_sel3)
    [Anonymous Symbol]                       0x00001a4c   Section        0  bsp_rom_registers.o(.option_setting_bps_sel3)
    __tagsym$$used.12                        0x00001a50   Number         0  bsp_rom_registers.o(.option_setting_pbps_sec3)
    g_bsp_rom_pbps_sec3                      0x00001a50   Data           4  bsp_rom_registers.o(.option_setting_pbps_sec3)
    [Anonymous Symbol]                       0x00001a50   Section        0  bsp_rom_registers.o(.option_setting_pbps_sec3)
    g_prcr_masks                             0x00001b40   Data           8  bsp_register_protection.o(.rodata.cst8)
    [Anonymous Symbol]                       0x00001b40   Section        0  bsp_register_protection.o(.rodata.cst8)
    .L.str.1                                 0x00001d80   Data          11  fsp_dmac.o(.rodata.str1.1)
    [Anonymous Symbol]                       0x00001d80   Section        0  fsp_dmac.o(.rodata.str1.1)
    .L.str                                   0x00001d8b   Data          19  fsp_dmac.o(.rodata.str1.1)
    __tagsym$$used.0                         0x00001da0   Number         0  bsp_common.o(.version)
    g_fsp_version                            0x00001da0   Data           4  bsp_common.o(.version)
    [Anonymous Symbol]                       0x00001da0   Section        0  bsp_common.o(.version)
    __tagsym$$used.1                         0x00001da4   Number         0  bsp_common.o(.version)
    g_fsp_version_string                     0x00001da4   Data           6  bsp_common.o(.version)
    [Anonymous Symbol]                       0x00001da4   Section        0  bsp_common.o(.version)
    __tagsym$$used.2                         0x00001daa   Number         0  bsp_common.o(.version)
    g_fsp_version_build_string               0x00001daa   Data          68  bsp_common.o(.version)
    [Anonymous Symbol]                       0x00001daa   Section        0  bsp_common.o(.version)
    __tagsym$$used.0                         0x0100a100   Number         0  bsp_rom_registers.o(.option_setting_ofs0)
    g_bsp_rom_ofs0                           0x0100a100   Data           4  bsp_rom_registers.o(.option_setting_ofs0)
    [Anonymous Symbol]                       0x0100a100   Section        0  bsp_rom_registers.o(.option_setting_ofs0)
    __tagsym$$used.1                         0x0100a110   Number         0  bsp_rom_registers.o(.option_setting_dualsel)
    g_bsp_rom_dualsel                        0x0100a110   Data           4  bsp_rom_registers.o(.option_setting_dualsel)
    [Anonymous Symbol]                       0x0100a110   Section        0  bsp_rom_registers.o(.option_setting_dualsel)
    __tagsym$$used.2                         0x0100a134   Number         0  bsp_rom_registers.o(.option_setting_sas)
    g_bsp_rom_sas                            0x0100a134   Data           4  bsp_rom_registers.o(.option_setting_sas)
    [Anonymous Symbol]                       0x0100a134   Section        0  bsp_rom_registers.o(.option_setting_sas)
    __tagsym$$used.3                         0x0100a200   Number         0  bsp_rom_registers.o(.option_setting_ofs1_sec)
    g_bsp_rom_ofs1_sec                       0x0100a200   Data           4  bsp_rom_registers.o(.option_setting_ofs1_sec)
    [Anonymous Symbol]                       0x0100a200   Section        0  bsp_rom_registers.o(.option_setting_ofs1_sec)
    __tagsym$$used.4                         0x0100a210   Number         0  bsp_rom_registers.o(.option_setting_banksel_sec)
    g_bsp_rom_banksel_sec                    0x0100a210   Data           4  bsp_rom_registers.o(.option_setting_banksel_sec)
    [Anonymous Symbol]                       0x0100a210   Section        0  bsp_rom_registers.o(.option_setting_banksel_sec)
    __tagsym$$used.5                         0x0100a240   Number         0  bsp_rom_registers.o(.option_setting_bps_sec0)
    g_bsp_rom_bps_sec0                       0x0100a240   Data           4  bsp_rom_registers.o(.option_setting_bps_sec0)
    [Anonymous Symbol]                       0x0100a240   Section        0  bsp_rom_registers.o(.option_setting_bps_sec0)
    __tagsym$$used.6                         0x0100a244   Number         0  bsp_rom_registers.o(.option_setting_bps_sec1)
    g_bsp_rom_bps_sec1                       0x0100a244   Data           4  bsp_rom_registers.o(.option_setting_bps_sec1)
    [Anonymous Symbol]                       0x0100a244   Section        0  bsp_rom_registers.o(.option_setting_bps_sec1)
    __tagsym$$used.7                         0x0100a248   Number         0  bsp_rom_registers.o(.option_setting_bps_sec2)
    g_bsp_rom_bps_sec2                       0x0100a248   Data           4  bsp_rom_registers.o(.option_setting_bps_sec2)
    [Anonymous Symbol]                       0x0100a248   Section        0  bsp_rom_registers.o(.option_setting_bps_sec2)
    __tagsym$$used.9                         0x0100a260   Number         0  bsp_rom_registers.o(.option_setting_pbps_sec0)
    g_bsp_rom_pbps_sec0                      0x0100a260   Data           4  bsp_rom_registers.o(.option_setting_pbps_sec0)
    [Anonymous Symbol]                       0x0100a260   Section        0  bsp_rom_registers.o(.option_setting_pbps_sec0)
    __tagsym$$used.10                        0x0100a264   Number         0  bsp_rom_registers.o(.option_setting_pbps_sec1)
    g_bsp_rom_pbps_sec1                      0x0100a264   Data           4  bsp_rom_registers.o(.option_setting_pbps_sec1)
    [Anonymous Symbol]                       0x0100a264   Section        0  bsp_rom_registers.o(.option_setting_pbps_sec1)
    __tagsym$$used.11                        0x0100a268   Number         0  bsp_rom_registers.o(.option_setting_pbps_sec2)
    g_bsp_rom_pbps_sec2                      0x0100a268   Data           4  bsp_rom_registers.o(.option_setting_pbps_sec2)
    [Anonymous Symbol]                       0x0100a268   Section        0  bsp_rom_registers.o(.option_setting_pbps_sec2)
    __tagsym$$used.13                        0x0100a280   Number         0  bsp_rom_registers.o(.option_setting_ofs1_sel)
    g_bsp_rom_ofs1_sel                       0x0100a280   Data           4  bsp_rom_registers.o(.option_setting_ofs1_sel)
    [Anonymous Symbol]                       0x0100a280   Section        0  bsp_rom_registers.o(.option_setting_ofs1_sel)
    __tagsym$$used.14                        0x0100a290   Number         0  bsp_rom_registers.o(.option_setting_banksel_sel)
    g_bsp_rom_banksel_sel                    0x0100a290   Data           4  bsp_rom_registers.o(.option_setting_banksel_sel)
    [Anonymous Symbol]                       0x0100a290   Section        0  bsp_rom_registers.o(.option_setting_banksel_sel)
    __tagsym$$used.15                        0x0100a2c0   Number         0  bsp_rom_registers.o(.option_setting_bps_sel0)
    g_bsp_rom_bps_sel0                       0x0100a2c0   Data           4  bsp_rom_registers.o(.option_setting_bps_sel0)
    [Anonymous Symbol]                       0x0100a2c0   Section        0  bsp_rom_registers.o(.option_setting_bps_sel0)
    __tagsym$$used.16                        0x0100a2c4   Number         0  bsp_rom_registers.o(.option_setting_bps_sel1)
    g_bsp_rom_bps_sel1                       0x0100a2c4   Data           4  bsp_rom_registers.o(.option_setting_bps_sel1)
    [Anonymous Symbol]                       0x0100a2c4   Section        0  bsp_rom_registers.o(.option_setting_bps_sel1)
    __tagsym$$used.17                        0x0100a2c8   Number         0  bsp_rom_registers.o(.option_setting_bps_sel2)
    g_bsp_rom_bps_sel2                       0x0100a2c8   Data           4  bsp_rom_registers.o(.option_setting_bps_sel2)
    [Anonymous Symbol]                       0x0100a2c8   Section        0  bsp_rom_registers.o(.option_setting_bps_sel2)
    .data                                    0x20000000   Section        4  stdout.o(.data)
    FSP_Delay_Nums                           0x20000158   Data           4  fsp_systick.o(.bss.FSP_Delay_Nums)
    [Anonymous Symbol]                       0x20000158   Section        0  fsp_systick.o(.bss.FSP_Delay_Nums)
    __tagsym$$used.0                         0x200003f4   Number         0  bsp_clocks.o(.bss.noinit)
    g_clock_freq                             0x200003f4   Data          28  bsp_clocks.o(.bss.noinit)
    [Anonymous Symbol]                       0x200003f4   Section        0  bsp_clocks.o(.bss.noinit)
    __tagsym$$used.2                         0x20000410   Number         0  startup.o(.bss.heap)
    g_heap                                   0x20000410   Data        4096  startup.o(.bss.heap)
    [Anonymous Symbol]                       0x20000410   Section        0  startup.o(.bss.heap)
    __tagsym$$used.0                         0x20001410   Number         0  startup.o(.bss.stack)
    g_main_stack                             0x20001410   Data        2048  startup.o(.bss.stack)
    [Anonymous Symbol]                       0x20001410   Section        0  startup.o(.bss.stack)

    Global Symbols

    Symbol Name                              Value     Ov Type        Size  Object(Section)

    BuildAttributes$$THM_ISAv4$E$P$D$K$B$S$7EM$8M$VFPi5$EXTD16$VFPS$VFMA$PE$A:L22UL41UL21$X:L11$S22US41US21$IEEE1$IW$USESV6$~STKCKD$USESV7$WCHAR32$ENUMINT$~SHL$OSPACE$ROPI$MICROLIB$REQ8$PRES8$EABIv2 0x00000000   Number         0  anon$$obj.o ABSOLUTE
    Image$$__tz_FLASH_S$$Base                0x00000000   Number         0  anon$$obj.o ABSOLUTE
    __Vectors                                0x00000000   Data          64  startup.o(.fixed_vectors)
    _printf_a                                0x00000000   Number         0  printfstubs.o ABSOLUTE
    _printf_c                                0x00000000   Number         0  printfstubs.o ABSOLUTE
    _printf_charcount                        0x00000000   Number         0  printfstubs.o ABSOLUTE
    _printf_d                                0x00000000   Number         0  printfstubs.o ABSOLUTE
    _printf_e                                0x00000000   Number         0  printfstubs.o ABSOLUTE
    _printf_f                                0x00000000   Number         0  printfstubs.o ABSOLUTE
    _printf_flags                            0x00000000   Number         0  printfstubs.o ABSOLUTE
    _printf_fp_dec                           0x00000000   Number         0  printfstubs.o ABSOLUTE
    _printf_fp_hex                           0x00000000   Number         0  printfstubs.o ABSOLUTE
    _printf_g                                0x00000000   Number         0  printfstubs.o ABSOLUTE
    _printf_i                                0x00000000   Number         0  printfstubs.o ABSOLUTE
    _printf_int_dec                          0x00000000   Number         0  printfstubs.o ABSOLUTE
    _printf_l                                0x00000000   Number         0  printfstubs.o ABSOLUTE
    _printf_lc                               0x00000000   Number         0  printfstubs.o ABSOLUTE
    _printf_ll                               0x00000000   Number         0  printfstubs.o ABSOLUTE
    _printf_lld                              0x00000000   Number         0  printfstubs.o ABSOLUTE
    _printf_lli                              0x00000000   Number         0  printfstubs.o ABSOLUTE
    _printf_llo                              0x00000000   Number         0  printfstubs.o ABSOLUTE
    _printf_llu                              0x00000000   Number         0  printfstubs.o ABSOLUTE
    _printf_llx                              0x00000000   Number         0  printfstubs.o ABSOLUTE
    _printf_longlong_dec                     0x00000000   Number         0  printfstubs.o ABSOLUTE
    _printf_longlong_hex                     0x00000000   Number         0  printfstubs.o ABSOLUTE
    _printf_longlong_oct                     0x00000000   Number         0  printfstubs.o ABSOLUTE
    _printf_ls                               0x00000000   Number         0  printfstubs.o ABSOLUTE
    _printf_mbtowc                           0x00000000   Number         0  printfstubs.o ABSOLUTE
    _printf_n                                0x00000000   Number         0  printfstubs.o ABSOLUTE
    _printf_o                                0x00000000   Number         0  printfstubs.o ABSOLUTE
    _printf_p                                0x00000000   Number         0  printfstubs.o ABSOLUTE
    _printf_percent                          0x00000000   Number         0  printfstubs.o ABSOLUTE
    _printf_pre_padding                      0x00000000   Number         0  printfstubs.o ABSOLUTE
    _printf_return_value                     0x00000000   Number         0  printfstubs.o ABSOLUTE
    _printf_s                                0x00000000   Number         0  printfstubs.o ABSOLUTE
    _printf_sizespec                         0x00000000   Number         0  printfstubs.o ABSOLUTE
    _printf_str                              0x00000000   Number         0  printfstubs.o ABSOLUTE
    _printf_truncate_signed                  0x00000000   Number         0  printfstubs.o ABSOLUTE
    _printf_truncate_unsigned                0x00000000   Number         0  printfstubs.o ABSOLUTE
    _printf_u                                0x00000000   Number         0  printfstubs.o ABSOLUTE
    _printf_wc                               0x00000000   Number         0  printfstubs.o ABSOLUTE
    _printf_wctomb                           0x00000000   Number         0  printfstubs.o ABSOLUTE
    _printf_widthprec                        0x00000000   Number         0  printfstubs.o ABSOLUTE
    _printf_x                                0x00000000   Number         0  printfstubs.o ABSOLUTE
    Image$$DATA$$Length                      0x00000028   Number         0  anon$$obj.o ABSOLUTE
    g_vector_table                           0x00000040   Data         384  vector_data.o(.application_vectors)
    Image$$INIT_ARRAY$$Base                  0x000001c0   Number         0  anon$$obj.o ABSOLUTE
    Image$$INIT_ARRAY$$Limit                 0x000001c0   Number         0  anon$$obj.o ABSOLUTE
    __aeabi_memcpy                           0x000001c1   Thumb Code    36  memcpya.o(.text)
    __aeabi_memcpy4                          0x000001c1   Thumb Code     0  memcpya.o(.text)
    __aeabi_memcpy8                          0x000001c1   Thumb Code     0  memcpya.o(.text)
    __aeabi_memset                           0x000001e5   Thumb Code    14  memseta.o(.text)
    __aeabi_memset4                          0x000001e5   Thumb Code     0  memseta.o(.text)
    __aeabi_memset8                          0x000001e5   Thumb Code     0  memseta.o(.text)
    __aeabi_memclr                           0x000001f3   Thumb Code     4  memseta.o(.text)
    __aeabi_memclr4                          0x000001f3   Thumb Code     0  memseta.o(.text)
    __aeabi_memclr8                          0x000001f3   Thumb Code     0  memseta.o(.text)
    _memset$wrapper                          0x000001f7   Thumb Code    18  memseta.o(.text)
    __aeabi_uldivmod                         0x00000209   Thumb Code    98  uldiv.o(.text)
    __aeabi_llsl                             0x0000026b   Thumb Code    30  llshl.o(.text)
    _ll_shift_l                              0x0000026b   Thumb Code     0  llshl.o(.text)
    __aeabi_llsr                             0x00000289   Thumb Code    32  llushr.o(.text)
    _ll_ushift_r                             0x00000289   Thumb Code     0  llushr.o(.text)
    BufferShow_HexData                       0x000002a9   Thumb Code    56  hal_entry.o(.text.BufferShow_HexData)
    BusFault_Handler                         0x000002f1   Thumb Code     4  startup.o(.text.Default_Handler)
    DebugMon_Handler                         0x000002f1   Thumb Code     4  startup.o(.text.Default_Handler)
    Default_Handler                          0x000002f1   Thumb Code     4  startup.o(.text.Default_Handler)
    HardFault_Handler                        0x000002f1   Thumb Code     4  startup.o(.text.Default_Handler)
    MemManage_Handler                        0x000002f1   Thumb Code     4  startup.o(.text.Default_Handler)
    PendSV_Handler                           0x000002f1   Thumb Code     4  startup.o(.text.Default_Handler)
    SVC_Handler                              0x000002f1   Thumb Code     4  startup.o(.text.Default_Handler)
    SecureFault_Handler                      0x000002f1   Thumb Code     4  startup.o(.text.Default_Handler)
    UsageFault_Handler                       0x000002f1   Thumb Code     4  startup.o(.text.Default_Handler)
    FSP_Button_Init                          0x000002f5   Thumb Code    22  fsp_button.o(.text.FSP_Button_Init)
    FSP_Dmac0_Callback                       0x0000030b   Thumb Code    28  fsp_dmac.o(.text.FSP_Dmac0_Callback)
    FSP_Dmac_Init                            0x00000327   Thumb Code    92  fsp_dmac.o(.text.FSP_Dmac_Init)
    FSP_UART_Init                            0x00000385   Thumb Code    36  fsp_uart.o(.text.FSP_UART_Init)
    NMI_Handler                              0x000003c9   Thumb Code    54  bsp_group_irq.o(.text.NMI_Handler)
    Image$$BSS$$ZI$$Length                   0x000003cc   Number         0  anon$$obj.o ABSOLUTE
    Queue_Init                               0x000003ff   Thumb Code    26  circular_queue.o(.text.Queue_Init)
    Queue_Wirte                              0x00000419   Thumb Code   116  circular_queue.o(.text.Queue_Wirte)
    R_BSP_Init_RTC                           0x0000048d   Thumb Code    78  bsp_clocks.o(.text.R_BSP_Init_RTC)
    R_BSP_RegisterProtectDisable             0x000004db   Thumb Code    78  bsp_register_protection.o(.text.R_BSP_RegisterProtectDisable)
    R_BSP_RegisterProtectEnable              0x00000529   Thumb Code    82  bsp_register_protection.o(.text.R_BSP_RegisterProtectEnable)
    R_BSP_SoftwareDelay                      0x0000057b   Thumb Code    88  bsp_delay.o(.text.R_BSP_SoftwareDelay)
    R_BSP_WarmStart                          0x000005d3   Thumb Code    28  hal_entry.o(.text.R_BSP_WarmStart)
    R_DMAC_Enable                            0x000005ef   Thumb Code    10  r_dmac.o(.text.R_DMAC_Enable)
    R_DMAC_Open                              0x000005f9   Thumb Code    84  r_dmac.o(.text.R_DMAC_Open)
    R_DMAC_Reconfigure                       0x0000064d   Thumb Code    18  r_dmac.o(.text.R_DMAC_Reconfigure)
    R_DMAC_SoftwareStart                     0x0000065f   Thumb Code    12  r_dmac.o(.text.R_DMAC_SoftwareStart)
    R_IOPORT_Close                           0x0000066b   Thumb Code    10  r_ioport.o(.text.R_IOPORT_Close)
    R_IOPORT_Open                            0x00000675   Thumb Code    22  r_ioport.o(.text.R_IOPORT_Open)
    R_IOPORT_PinCfg                          0x0000068b   Thumb Code   178  r_ioport.o(.text.R_IOPORT_PinCfg)
    R_IOPORT_PinEventInputRead               0x0000073d   Thumb Code    40  r_ioport.o(.text.R_IOPORT_PinEventInputRead)
    R_IOPORT_PinEventOutputWrite             0x00000765   Thumb Code    66  r_ioport.o(.text.R_IOPORT_PinEventOutputWrite)
    R_IOPORT_PinRead                         0x000007a7   Thumb Code    34  r_ioport.o(.text.R_IOPORT_PinRead)
    R_IOPORT_PinWrite                        0x000007c9   Thumb Code    40  r_ioport.o(.text.R_IOPORT_PinWrite)
    R_IOPORT_PinsCfg                         0x000007f1   Thumb Code    12  r_ioport.o(.text.R_IOPORT_PinsCfg)
    R_IOPORT_PortDirectionSet                0x000007fd   Thumb Code    44  r_ioport.o(.text.R_IOPORT_PortDirectionSet)
    R_IOPORT_PortEventInputRead              0x00000829   Thumb Code    24  r_ioport.o(.text.R_IOPORT_PortEventInputRead)
    R_IOPORT_PortEventOutputWrite            0x00000841   Thumb Code    32  r_ioport.o(.text.R_IOPORT_PortEventOutputWrite)
    R_IOPORT_PortRead                        0x00000861   Thumb Code    22  r_ioport.o(.text.R_IOPORT_PortRead)
    R_IOPORT_PortWrite                       0x00000877   Thumb Code    32  r_ioport.o(.text.R_IOPORT_PortWrite)
    R_SCI_UART_Open                          0x00000897   Thumb Code   798  r_sci_uart.o(.text.R_SCI_UART_Open)
    R_SCI_UART_Write                         0x00000bb5   Thumb Code    76  r_sci_uart.o(.text.R_SCI_UART_Write)
    Reset_Handler                            0x00000c01   Thumb Code    10  startup.o(.text.Reset_Handler)
    SysTick_Handler                          0x00000c0b   Thumb Code    20  fsp_systick.o(.text.SysTick_Handler)
    SystemCoreClockUpdate                    0x00000c1f   Thumb Code    44  bsp_clocks.o(.text.SystemCoreClockUpdate)
    SystemInit                               0x00000c4d   Thumb Code   204  system.o(.text.SystemInit)
    UART4_Int_Callback                       0x00000d19   Thumb Code    44  fsp_uart.o(.text.UART4_Int_Callback)
    __aeabi_assert                           0x00000d45   Thumb Code     6  bsp_common.o(.text.__aeabi_assert)
    bsp_clock_init                           0x00000d4d   Thumb Code   272  bsp_clocks.o(.text.bsp_clock_init)
    bsp_init                                 0x00000e5d   Thumb Code     2  bsp_common.o(.text.bsp_init_internal)
    bsp_init_internal                        0x00000e5d   Thumb Code     2  bsp_common.o(.text.bsp_init_internal)
    bsp_irq_cfg                              0x00000e61   Thumb Code   146  bsp_irq.o(.text.bsp_irq_cfg)
    bsp_prv_software_delay_loop              0x00000ef3   Thumb Code     8  bsp_delay.o(.text.bsp_prv_software_delay_loop)
    dmac_int_isr                             0x00000f8d   Thumb Code    76  r_dmac.o(.text.dmac_int_isr)
    fputc                                    0x00000fd9   Thumb Code    48  fsp_uart.o(.text.fputc)
    hal_entry                                0x00001009   Thumb Code   132  hal_entry.o(.text.hal_entry)
    main                                     0x000010c9   Thumb Code    10  main.o(.text.main)
    r_icu_isr                                0x00001269   Thumb Code   114  r_icu.o(.text.r_icu_isr)
    sci_uart_eri_isr                         0x000013dd   Thumb Code   106  r_sci_uart.o(.text.sci_uart_eri_isr)
    sci_uart_rxi_isr                         0x00001447   Thumb Code   136  r_sci_uart.o(.text.sci_uart_rxi_isr)
    sci_uart_tei_isr                         0x000014cf   Thumb Code    74  r_sci_uart.o(.text.sci_uart_tei_isr)
    sci_uart_txi_isr                         0x00001519   Thumb Code   136  r_sci_uart.o(.text.sci_uart_txi_isr)
    __0printf$8                              0x000015a1   Thumb Code    22  printf8.o(i.__0printf$8)
    __1printf$8                              0x000015a1   Thumb Code     0  printf8.o(i.__0printf$8)
    __2printf                                0x000015a1   Thumb Code     0  printf8.o(i.__0printf$8)
    puts                                     0x00001a25   Thumb Code    30  puts.o(i.puts)
    SRam_Buffer                              0x00001a54   Data         128  fsp_dmac.o(.rodata.SRam_Buffer)
    UART_4_cfg                               0x00001ad4   Data          68  hal_data.o(.rodata.UART_4_cfg)
    UART_4_cfg_extend                        0x00001b18   Data          40  hal_data.o(.rodata.UART_4_cfg_extend)
    g_bsp_pin_cfg                            0x00001b48   Data           8  pin_data.o(.rodata.g_bsp_pin_cfg)
    g_bsp_pin_cfg_data                       0x00001b50   Data          72  pin_data.o(.rodata.g_bsp_pin_cfg_data)
    g_interrupt_event_link_select            0x00001b98   Data         384  vector_data.o(.rodata.g_interrupt_event_link_select)
    g_ioport                                 0x00001d18   Data          12  common_data.o(.rodata.g_ioport)
    g_ioport_on_ioport                       0x00001d24   Data          52  r_ioport.o(.rodata.g_ioport_on_ioport)
    g_transfer_dmac0_cfg                     0x00001d58   Data           8  hal_data.o(.rodata.g_transfer_dmac0_cfg)
    g_transfer_dmac0_extend                  0x00001d60   Data          32  hal_data.o(.rodata.g_transfer_dmac0_extend)
    Load$$DATA$$Base                         0x00001df0   Number         0  anon$$obj.o ABSOLUTE
    Image$$__tz_FLASH_C$$Base                0x00008000   Number         0  anon$$obj.o ABSOLUTE
    Image$$__tz_FLASH_N$$Base                0x00008000   Number         0  anon$$obj.o ABSOLUTE
    Image$$__tz_DATA_FLASH_N$$Base           0x08000000   Number         0  anon$$obj.o ABSOLUTE
    Image$$__tz_DATA_FLASH_S$$Base           0x08000000   Number         0  anon$$obj.o ABSOLUTE
    Image$$DATA$$Base                        0x20000000   Number         0  anon$$obj.o ABSOLUTE
    Image$$__tz_RAM_S$$Base                  0x20000000   Number         0  anon$$obj.o ABSOLUTE
    __stdout                                 0x20000000   Data           4  stdout.o(.data)
    FSP_Transfer_Dmac0_Info_Repeat           0x20000004   Data          16  fsp_dmac.o(.data.FSP_Transfer_Dmac0_Info_Repeat)
    UART_4_baud_setting                      0x20000014   Data           4  hal_data.o(.data.UART_4_baud_setting)
    g_transfer_dmac0_info                    0x20000018   Data          16  hal_data.o(.data.g_transfer_dmac0_info)
    Circular_queue                           0x20000028   Data         304  circular_queue.o(.bss.Circular_queue)
    Image$$BSS$$ZI$$Base                     0x20000028   Number         0  anon$$obj.o ABSOLUTE
    Rom_Buffer                               0x2000015c   Data         128  fsp_dmac.o(.bss.Rom_Buffer)
    SystemCoreClock                          0x200001dc   Data           4  system.o(.bss.SystemCoreClock)
    UART_4_ctrl                              0x200001e0   Data          48  hal_data.o(.bss.UART_4_ctrl)
    Uart_Send_Seccuse_Ack                    0x20000210   Data           1  fsp_uart.o(.bss.Uart_Send_Seccuse_Ack)
    dmac0_compelete_transfmission_sign       0x20000211   Data           1  fsp_dmac.o(.bss.dmac0_compelete_transfmission_sign)
    dmac0_transfer_count                     0x20000212   Data           2  fsp_dmac.o(.bss.dmac0_transfer_count)
    g_bsp_group_irq_sources                  0x20000214   Data          64  bsp_group_irq.o(.bss.g_bsp_group_irq_sources)
    g_ioport_ctrl                            0x20000254   Data           8  common_data.o(.bss.g_ioport_ctrl)
    g_protect_counters                       0x2000025c   Data           8  bsp_register_protection.o(.bss.g_protect_counters)
    g_protect_pfswe_counter                  0x20000264   Data           4  bsp_io.o(.bss.g_protect_pfswe_counter)
    g_transfer_dmac0_ctrl                    0x20000268   Data          12  hal_data.o(.bss.g_transfer_dmac0_ctrl)
    gp_renesas_isr_context                   0x20000274   Data         384  bsp_irq.o(.bss.gp_renesas_isr_context)
    Image$$__tz_RAM_C$$Base                  0x20080000   Number         0  anon$$obj.o ABSOLUTE
    Image$$__tz_RAM_N$$Base                  0x20080000   Number         0  anon$$obj.o ABSOLUTE



==============================================================================

Memory Map of the image

  Image Entry point : 0x00000c01

  Load Region LOAD_REGION_FLASH (Base: 0x00000000, Size: 0x00001e18, Max: 0x00200000, ABSOLUTE)

    Execution Region __tz_FLASH_S (Exec base: 0x00000000, Load base: 0x00000000, Size: 0x00000000, Max: 0x00000000, ABSOLUTE)

    Exec Addr    Load Addr    Size         Type   Attr      Idx    E Section Name        Object

    0x00000000        -       0x00000000   Zero   RW            1    __tz_FLASH_S.bss    anon$$obj.o


    Execution Region VECTORS (Exec base: 0x00000000, Load base: 0x00000000, Size: 0x000001c0, Max: 0xffffffff, ABSOLUTE, FIXED)

    Exec Addr    Load Addr    Size         Type   Attr      Idx    E Section Name        Object

    0x00000000   0x00000000   0x00000040   Data   RO          167    .fixed_vectors      startup.o
    0x00000040   0x00000040   0x00000180   Data   RO          512    .application_vectors  vector_data.o


    Execution Region MCUBOOT_SCE9_KEY (Exec base: 0x000001c0, Load base: 0x000001c0, Size: 0x00000000, Max: 0xffffffff, ABSOLUTE, FIXED)

    **** No section assigned to this execution region ****


    Execution Region INIT_ARRAY (Exec base: 0x000001c0, Load base: 0x000001c0, Size: 0x00000000, Max: 0xffffffff, ABSOLUTE, FIXED)

    **** No section assigned to this execution region ****


    Execution Region USB_DESC_FS (Exec base: 0x000001c0, Load base: 0x000001c0, Size: 0x00000000, Max: 0xffffffff, ABSOLUTE, FIXED)

    **** No section assigned to this execution region ****


    Execution Region RO_CODE_DATA (Exec base: 0x000001c0, Load base: 0x000001c0, Size: 0x00001c30, Max: 0xffffffff, ABSOLUTE, FIXED)

    Exec Addr    Load Addr    Size         Type   Attr      Idx    E Section Name        Object

    0x000001c0   0x000001c0   0x00000024   Code   RO          526    .text               mc_w.l(memcpya.o)
    0x000001e4   0x000001e4   0x00000024   Code   RO          528    .text               mc_w.l(memseta.o)
    0x00000208   0x00000208   0x00000062   Code   RO          805    .text               mc_w.l(uldiv.o)
    0x0000026a   0x0000026a   0x0000001e   Code   RO          818    .text               mc_w.l(llshl.o)
    0x00000288   0x00000288   0x00000020   Code   RO          820    .text               mc_w.l(llushr.o)
    0x000002a8   0x000002a8   0x00000048   Code   RO          146    .text.BufferShow_HexData  hal_entry.o
    0x000002f0   0x000002f0   0x00000004   Code   RO          164    .text.Default_Handler  startup.o
    0x000002f4   0x000002f4   0x00000016   Code   RO           45    .text.FSP_Button_Init  fsp_button.o
    0x0000030a   0x0000030a   0x0000001c   Code   RO          129    .text.FSP_Dmac0_Callback  fsp_dmac.o
    0x00000326   0x00000326   0x0000005c   Code   RO          127    .text.FSP_Dmac_Init  fsp_dmac.o
    0x00000382   0x00000382   0x00000002   PAD
    0x00000384   0x00000384   0x00000044   Code   RO           87    .text.FSP_UART_Init  fsp_uart.o
    0x000003c8   0x000003c8   0x00000036   Code   RO          249    .text.NMI_Handler   bsp_group_irq.o
    0x000003fe   0x000003fe   0x0000001a   Code   RO          102    .text.Queue_Init    circular_queue.o
    0x00000418   0x00000418   0x00000074   Code   RO          112    .text.Queue_Wirte   circular_queue.o
    0x0000048c   0x0000048c   0x0000004e   Code   RO          207    .text.R_BSP_Init_RTC  bsp_clocks.o
    0x000004da   0x000004da   0x0000004e   Code   RO          280    .text.R_BSP_RegisterProtectDisable  bsp_register_protection.o
    0x00000528   0x00000528   0x00000052   Code   RO          278    .text.R_BSP_RegisterProtectEnable  bsp_register_protection.o
    0x0000057a   0x0000057a   0x00000058   Code   RO          235    .text.R_BSP_SoftwareDelay  bsp_delay.o
    0x000005d2   0x000005d2   0x0000001c   Code   RO          150    .text.R_BSP_WarmStart  hal_entry.o
    0x000005ee   0x000005ee   0x0000000a   Code   RO          336    .text.R_DMAC_Enable  r_dmac.o
    0x000005f8   0x000005f8   0x00000054   Code   RO          330    .text.R_DMAC_Open   r_dmac.o
    0x0000064c   0x0000064c   0x00000012   Code   RO          332    .text.R_DMAC_Reconfigure  r_dmac.o
    0x0000065e   0x0000065e   0x0000000c   Code   RO          340    .text.R_DMAC_SoftwareStart  r_dmac.o
    0x0000066a   0x0000066a   0x0000000a   Code   RO          384    .text.R_IOPORT_Close  r_ioport.o
    0x00000674   0x00000674   0x00000016   Code   RO          382    .text.R_IOPORT_Open  r_ioport.o
    0x0000068a   0x0000068a   0x000000b2   Code   RO          388    .text.R_IOPORT_PinCfg  r_ioport.o
    0x0000073c   0x0000073c   0x00000028   Code   RO          390    .text.R_IOPORT_PinEventInputRead  r_ioport.o
    0x00000764   0x00000764   0x00000042   Code   RO          392    .text.R_IOPORT_PinEventOutputWrite  r_ioport.o
    0x000007a6   0x000007a6   0x00000022   Code   RO          394    .text.R_IOPORT_PinRead  r_ioport.o
    0x000007c8   0x000007c8   0x00000028   Code   RO          396    .text.R_IOPORT_PinWrite  r_ioport.o
    0x000007f0   0x000007f0   0x0000000c   Code   RO          386    .text.R_IOPORT_PinsCfg  r_ioport.o
    0x000007fc   0x000007fc   0x0000002c   Code   RO          398    .text.R_IOPORT_PortDirectionSet  r_ioport.o
    0x00000828   0x00000828   0x00000018   Code   RO          400    .text.R_IOPORT_PortEventInputRead  r_ioport.o
    0x00000840   0x00000840   0x00000020   Code   RO          402    .text.R_IOPORT_PortEventOutputWrite  r_ioport.o
    0x00000860   0x00000860   0x00000016   Code   RO          404    .text.R_IOPORT_PortRead  r_ioport.o
    0x00000876   0x00000876   0x00000020   Code   RO          406    .text.R_IOPORT_PortWrite  r_ioport.o
    0x00000896   0x00000896   0x0000031e   Code   RO          421    .text.R_SCI_UART_Open  r_sci_uart.o
    0x00000bb4   0x00000bb4   0x0000004c   Code   RO          425    .text.R_SCI_UART_Write  r_sci_uart.o
    0x00000c00   0x00000c00   0x0000000a   Code   RO          162  * .text.Reset_Handler  startup.o
    0x00000c0a   0x00000c0a   0x00000014   Code   RO           75    .text.SysTick_Handler  fsp_systick.o
    0x00000c1e   0x00000c1e   0x0000002c   Code   RO          193    .text.SystemCoreClockUpdate  bsp_clocks.o
    0x00000c4a   0x00000c4a   0x00000002   PAD
    0x00000c4c   0x00000c4c   0x000000cc   Code   RO          176    .text.SystemInit    system.o
    0x00000d18   0x00000d18   0x0000002c   Code   RO           89    .text.UART4_Int_Callback  fsp_uart.o
    0x00000d44   0x00000d44   0x00000006   Code   RO          222    .text.__aeabi_assert  bsp_common.o
    0x00000d4a   0x00000d4a   0x00000002   PAD
    0x00000d4c   0x00000d4c   0x00000110   Code   RO          199    .text.bsp_clock_init  bsp_clocks.o
    0x00000e5c   0x00000e5c   0x00000002   Code   RO          218    .text.bsp_init_internal  bsp_common.o
    0x00000e5e   0x00000e5e   0x00000002   PAD
    0x00000e60   0x00000e60   0x00000092   Code   RO          267    .text.bsp_irq_cfg   bsp_irq.o
    0x00000ef2   0x00000ef2   0x00000008   Code   RO          237    .text.bsp_prv_software_delay_loop  bsp_delay.o
    0x00000efa   0x00000efa   0x00000002   PAD
    0x00000efc   0x00000efc   0x00000090   Code   RO          410    .text.bsp_vbatt_init  r_ioport.o
    0x00000f8c   0x00000f8c   0x0000004c   Code   RO          350    .text.dmac_int_isr  r_dmac.o
    0x00000fd8   0x00000fd8   0x00000030   Code   RO           91    .text.fputc         fsp_uart.o
    0x00001008   0x00001008   0x000000c0   Code   RO          148    .text.hal_entry     hal_entry.o
    0x000010c8   0x000010c8   0x0000000a   Code   RO          496    .text.main          main.o
    0x000010d2   0x000010d2   0x00000196   Code   RO          348    .text.r_dmac_config_transfer_info  r_dmac.o
    0x00001268   0x00001268   0x00000072   Code   RO          371    .text.r_icu_isr     r_icu.o
    0x000012da   0x000012da   0x00000002   PAD
    0x000012dc   0x000012dc   0x000000c0   Code   RO          408    .text.r_ioport_pins_config  r_ioport.o
    0x0000139c   0x0000139c   0x00000040   Code   RO          443    .text.r_sci_uart_call_callback  r_sci_uart.o
    0x000013dc   0x000013dc   0x0000006a   Code   RO          449    .text.sci_uart_eri_isr  r_sci_uart.o
    0x00001446   0x00001446   0x00000088   Code   RO          445    .text.sci_uart_rxi_isr  r_sci_uart.o
    0x000014ce   0x000014ce   0x0000004a   Code   RO          447    .text.sci_uart_tei_isr  r_sci_uart.o
    0x00001518   0x00001518   0x00000088   Code   RO          441    .text.sci_uart_txi_isr  r_sci_uart.o
    0x000015a0   0x000015a0   0x00000020   Code   RO          739    i.__0printf$8       mc_w.l(printf8.o)
    0x000015c0   0x000015c0   0x00000410   Code   RO          746    i._printf_core      mc_w.l(printf8.o)
    0x000019d0   0x000019d0   0x00000024   Code   RO          747    i._printf_post_padding  mc_w.l(printf8.o)
    0x000019f4   0x000019f4   0x0000002e   Code   RO          748    i._printf_pre_padding  mc_w.l(printf8.o)
    0x00001a22   0x00001a22   0x00000002   PAD
    0x00001a24   0x00001a24   0x00000024   Code   RO          520    i.puts              mc_w.l(puts.o)
    0x00001a48   0x00001a48   0x00000004   Data   RO          300    .option_setting_bps_sec3  bsp_rom_registers.o
    0x00001a4c   0x00001a4c   0x00000004   Data   RO          310    .option_setting_bps_sel3  bsp_rom_registers.o
    0x00001a50   0x00001a50   0x00000004   Data   RO          304    .option_setting_pbps_sec3  bsp_rom_registers.o
    0x00001a54   0x00001a54   0x00000080   Data   RO          131    .rodata.SRam_Buffer  fsp_dmac.o
    0x00001ad4   0x00001ad4   0x00000044   Data   RO          487    .rodata.UART_4_cfg  hal_data.o
    0x00001b18   0x00001b18   0x00000028   Data   RO          486    .rodata.UART_4_cfg_extend  hal_data.o
    0x00001b40   0x00001b40   0x00000008   Data   RO          283    .rodata.cst8        bsp_register_protection.o
    0x00001b48   0x00001b48   0x00000008   Data   RO          506    .rodata.g_bsp_pin_cfg  pin_data.o
    0x00001b50   0x00001b50   0x00000048   Data   RO          505    .rodata.g_bsp_pin_cfg_data  pin_data.o
    0x00001b98   0x00001b98   0x00000180   Data   RO          513    .rodata.g_interrupt_event_link_select  vector_data.o
    0x00001d18   0x00001d18   0x0000000c   Data   RO          471    .rodata.g_ioport    common_data.o
    0x00001d24   0x00001d24   0x00000034   Data   RO          412    .rodata.g_ioport_on_ioport  r_ioport.o
    0x00001d58   0x00001d58   0x00000008   Data   RO          482    .rodata.g_transfer_dmac0_cfg  hal_data.o
    0x00001d60   0x00001d60   0x00000020   Data   RO          481    .rodata.g_transfer_dmac0_extend  hal_data.o
    0x00001d80   0x00001d80   0x0000001e   Data   RO          136    .rodata.str1.1      fsp_dmac.o
    0x00001d9e   0x00001d9e   0x00000002   PAD
    0x00001da0   0x00001da0   0x00000004   Data   RO          224    .version            bsp_common.o
    0x00001da4   0x00001da4   0x00000006   Data   RO          225    .version            bsp_common.o
    0x00001daa   0x00001daa   0x00000044   Data   RO          226    .version            bsp_common.o


    Execution Region __tz_RAM_S (Exec base: 0x20000000, Load base: 0x00001df0, Size: 0x00000000, Max: 0x00000000, ABSOLUTE)

    Exec Addr    Load Addr    Size         Type   Attr      Idx    E Section Name        Object

    0x20000000        -       0x00000000   Zero   RW            2    __tz_RAM_S.bss      anon$$obj.o


    Execution Region DTC_VECTOR_TABLE (Exec base: 0x20000000, Load base: 0x00001df0, Size: 0x00000000, Max: 0x00080000, ABSOLUTE, UNINIT)

    **** No section assigned to this execution region ****


    Execution Region DATA (Exec base: 0x20000000, Load base: 0x00001df0, Size: 0x00000028, Max: 0xffffffff, ABSOLUTE)

    Exec Addr    Load Addr    Size         Type   Attr      Idx    E Section Name        Object

    0x20000000   0x00001df0   0x00000004   Data   RW          793    .data               mc_w.l(stdout.o)
    0x20000004   0x00001df4   0x00000010   Data   RW          134    .data.FSP_Transfer_Dmac0_Info_Repeat  fsp_dmac.o
    0x20000014   0x00001e04   0x00000004   Data   RW          485    .data.UART_4_baud_setting  hal_data.o
    0x20000018   0x00001e08   0x00000010   Data   RW          480    .data.g_transfer_dmac0_info  hal_data.o


    Execution Region BSS (Exec base: 0x20000028, Load base: 0x00001e18, Size: 0x000003cc, Max: 0xffffffff, ABSOLUTE)

    Exec Addr    Load Addr    Size         Type   Attr      Idx    E Section Name        Object

    0x20000028        -       0x00000130   Zero   RW          116    .bss.Circular_queue  circular_queue.o
    0x20000158        -       0x00000004   Zero   RW           78    .bss.FSP_Delay_Nums  fsp_systick.o
    0x2000015c        -       0x00000080   Zero   RW          132    .bss.Rom_Buffer     fsp_dmac.o
    0x200001dc        -       0x00000004   Zero   RW          180    .bss.SystemCoreClock  system.o
    0x200001e0        -       0x00000030   Zero   RW          488    .bss.UART_4_ctrl    hal_data.o
    0x20000210        -       0x00000001   Zero   RW           93    .bss.Uart_Send_Seccuse_Ack  fsp_uart.o
    0x20000211        -       0x00000001   Zero   RW          133    .bss.dmac0_compelete_transfmission_sign  fsp_dmac.o
    0x20000212        -       0x00000002   Zero   RW          137    .bss.dmac0_transfer_count  fsp_dmac.o
    0x20000214        -       0x00000040   Zero   RW          251    .bss.g_bsp_group_irq_sources  bsp_group_irq.o
    0x20000254        -       0x00000008   Zero   RW          470    .bss.g_ioport_ctrl  common_data.o
    0x2000025c        -       0x00000008   Zero   RW          282    .bss.g_protect_counters  bsp_register_protection.o
    0x20000264        -       0x00000004   Zero   RW          261    .bss.g_protect_pfswe_counter  bsp_io.o
    0x20000268        -       0x0000000c   Zero   RW          483    .bss.g_transfer_dmac0_ctrl  hal_data.o
    0x20000274        -       0x00000180   Zero   RW          270    .bss.gp_renesas_isr_context  bsp_irq.o


    Execution Region NOINIT (Exec base: 0x200003f4, Load base: 0x00001e18, Size: 0x0000001c, Max: 0xffffffff, ABSOLUTE, UNINIT)

    Exec Addr    Load Addr    Size         Type   Attr      Idx    E Section Name        Object

    0x200003f4        -       0x0000001c   Zero   RW          209    .bss.noinit         bsp_clocks.o


    Execution Region ARM_LIB_HEAP (Exec base: 0x20000410, Load base: 0x00001e18, Size: 0x00001000, Max: 0xffffffff, ABSOLUTE, UNINIT)

    Exec Addr    Load Addr    Size         Type   Attr      Idx    E Section Name        Object

    0x20000410        -       0x00001000   Zero   RW          168    .bss.heap           startup.o


    Execution Region ARM_LIB_STACK (Exec base: 0x20001410, Load base: 0x00001e18, Size: 0x00000000, Max: 0x00000000, ABSOLUTE, UNINIT)

    Exec Addr    Load Addr    Size         Type   Attr      Idx    E Section Name        Object

    0x20001410        -       0x00000000   Zero   RW            3    ARM_LIB_STACK.bss   anon$$obj.o


    Execution Region STACK (Exec base: 0x20001410, Load base: 0x00001e18, Size: 0x00000800, Max: 0xffffffff, ABSOLUTE, UNINIT)

    Exec Addr    Load Addr    Size         Type   Attr      Idx    E Section Name        Object

    0x20001410        -       0x00000800   Zero   RW          166    .bss.stack          startup.o


    Execution Region RAM_END (Exec base: 0x20001c10, Load base: 0x00001e18, Size: 0x00000004, Max: 0x00000004, ABSOLUTE)

    Exec Addr    Load Addr    Size         Type   Attr      Idx    E Section Name        Object

    0x20001c10        -       0x00000004   Zero   RW            4    RAM_END.bss         anon$$obj.o


    Execution Region __tz_RAM_C (Exec base: 0x20080000, Load base: 0x00001e18, Size: 0x00000000, Max: 0x00000000, ABSOLUTE)

    Exec Addr    Load Addr    Size         Type   Attr      Idx    E Section Name        Object

    0x20080000        -       0x00000000   Zero   RW            5    __tz_RAM_C.bss      anon$$obj.o


    Execution Region __tz_RAM_N (Exec base: 0x20080000, Load base: 0x00001e18, Size: 0x00000000, Max: 0x00000000, ABSOLUTE)

    Exec Addr    Load Addr    Size         Type   Attr      Idx    E Section Name        Object

    0x20080000        -       0x00000000   Zero   RW            6    __tz_RAM_N.bss      anon$$obj.o


    Execution Region RAM_LIMIT (Exec base: 0x20080000, Load base: 0x00001e18, Size: 0x00000004, Max: 0x00000004, ABSOLUTE)

    Exec Addr    Load Addr    Size         Type   Attr      Idx    E Section Name        Object

    0x20080000        -       0x00000004   Zero   RW            7    RAM_LIMIT.bss       anon$$obj.o


    Execution Region OSPI_DEVICE_0_NO_LOAD (Exec base: 0x68000000, Load base: 0x00001e18, Size: 0x00000000, Max: 0xffffffff, ABSOLUTE, UNINIT)

    **** No section assigned to this execution region ****


    Execution Region OSPI_DEVICE_1_NO_LOAD (Exec base: 0x70000000, Load base: 0x00001e18, Size: 0x00000000, Max: 0xffffffff, ABSOLUTE, UNINIT)

    **** No section assigned to this execution region ****



  Load Region LOAD_REGION_NSC_FLASH (Base: 0x00008000, Size: 0x00000000, Max: 0xffffffff, ABSOLUTE)

    Execution Region __tz_FLASH_C (Exec base: 0x00008000, Load base: 0x00008000, Size: 0x00000000, Max: 0x00000000, ABSOLUTE)

    Exec Addr    Load Addr    Size         Type   Attr      Idx    E Section Name        Object

    0x00008000        -       0x00000000   Zero   RW            8    __tz_FLASH_C.bss    anon$$obj.o


    Execution Region EXEC_NSCR (Exec base: 0x00008000, Load base: 0x00008000, Size: 0x00000000, Max: 0xffffffff, ABSOLUTE, FIXED)

    **** No section assigned to this execution region ****


    Execution Region __tz_FLASH_N (Exec base: 0x00008000, Load base: 0x00008000, Size: 0x00000000, Max: 0x00000000, ABSOLUTE)

    Exec Addr    Load Addr    Size         Type   Attr      Idx    E Section Name        Object

    0x00008000        -       0x00000000   Zero   RW            9    __tz_FLASH_N.bss    anon$$obj.o



  Load Region LOAD_REGION_ID_CODE (Base: 0x00000000, Size: 0x00000000, Max: 0x00000004, ABSOLUTE)

    Execution Region __tz_ID_CODE_S (Exec base: 0x00000000, Load base: 0x00000000, Size: 0x00000000, Max: 0x00000000, ABSOLUTE)

    Exec Addr    Load Addr    Size         Type   Attr      Idx    E Section Name        Object

    0x00000000        -       0x00000000   Zero   RW           10    __tz_ID_CODE_S.bss  anon$$obj.o


    Execution Region __tz_ID_CODE_N (Exec base: 0x00000000, Load base: 0x00000000, Size: 0x00000000, Max: 0x00000000, ABSOLUTE)

    Exec Addr    Load Addr    Size         Type   Attr      Idx    E Section Name        Object

    0x00000000        -       0x00000000   Zero   RW           11    __tz_ID_CODE_N.bss  anon$$obj.o



  Load Region LOAD_REGION_OPTION_SETTING (Base: 0x0100a100, Size: 0x00000080, Max: 0x00000100, ABSOLUTE)

    Execution Region __tz_OPTION_SETTING_S (Exec base: 0x0100a100, Load base: 0x0100a100, Size: 0x00000000, Max: 0x00000000, ABSOLUTE)

    Exec Addr    Load Addr    Size         Type   Attr      Idx    E Section Name        Object

    0x0100a100        -       0x00000000   Zero   RW           12    __tz_OPTION_SETTING_S.bss  anon$$obj.o


    Execution Region OFS0 (Exec base: 0x0100a100, Load base: 0x0100a100, Size: 0x00000004, Max: 0xffffffff, ABSOLUTE, FIXED)

    Exec Addr    Load Addr    Size         Type   Attr      Idx    E Section Name        Object

    0x0100a100   0x0100a100   0x00000004   Data   RO          292    .option_setting_ofs0  bsp_rom_registers.o


    Execution Region UNUSED_0 (Exec base: 0x0100a104, Load base: 0x0100a104, Size: 0x0000000c, Max: 0x0000000c, ABSOLUTE, FIXED)

    Exec Addr    Load Addr    Size         Type   Attr      Idx    E Section Name        Object

    0x0100a104        -       0x0000000c   Zero   RW           13    UNUSED_0.bss        anon$$obj.o


    Execution Region DUALSEL (Exec base: 0x0100a110, Load base: 0x0100a110, Size: 0x00000004, Max: 0xffffffff, ABSOLUTE, FIXED)

    Exec Addr    Load Addr    Size         Type   Attr      Idx    E Section Name        Object

    0x0100a110   0x0100a110   0x00000004   Data   RO          293    .option_setting_dualsel  bsp_rom_registers.o


    Execution Region UNUSED_1 (Exec base: 0x0100a114, Load base: 0x0100a114, Size: 0x00000020, Max: 0x00000020, ABSOLUTE, FIXED)

    Exec Addr    Load Addr    Size         Type   Attr      Idx    E Section Name        Object

    0x0100a114        -       0x00000020   Zero   RW           14    UNUSED_1.bss        anon$$obj.o


    Execution Region SAS (Exec base: 0x0100a134, Load base: 0x0100a134, Size: 0x00000004, Max: 0xffffffff, ABSOLUTE, FIXED)

    Exec Addr    Load Addr    Size         Type   Attr      Idx    E Section Name        Object

    0x0100a134   0x0100a134   0x00000004   Data   RO          294    .option_setting_sas  bsp_rom_registers.o


    Execution Region UNUSED_2 (Exec base: 0x0100a138, Load base: 0x0100a138, Size: 0x00000048, Max: 0x00000048, ABSOLUTE, FIXED)

    Exec Addr    Load Addr    Size         Type   Attr      Idx    E Section Name        Object

    0x0100a138        -       0x00000048   Zero   RW           15    UNUSED_2.bss        anon$$obj.o


    Execution Region __tz_OPTION_SETTING_N (Exec base: 0x0100a180, Load base: 0x0100a180, Size: 0x00000000, Max: 0x00000000, ABSOLUTE)

    Exec Addr    Load Addr    Size         Type   Attr      Idx    E Section Name        Object

    0x0100a180        -       0x00000000   Zero   RW           16    __tz_OPTION_SETTING_N.bss  anon$$obj.o



  Load Region LOAD_REGION_OPTION_SETTING_S (Base: 0x0100a200, Size: 0x00000100, Max: 0x00000100, ABSOLUTE)

    Execution Region __tz_OPTION_SETTING_S_S (Exec base: 0x0100a200, Load base: 0x0100a200, Size: 0x00000000, Max: 0x00000000, ABSOLUTE)

    Exec Addr    Load Addr    Size         Type   Attr      Idx    E Section Name        Object

    0x0100a200        -       0x00000000   Zero   RW           17    __tz_OPTION_SETTING_S_S.bss  anon$$obj.o


    Execution Region OFS1_SEC (Exec base: 0x0100a200, Load base: 0x0100a200, Size: 0x00000004, Max: 0xffffffff, ABSOLUTE, FIXED)

    Exec Addr    Load Addr    Size         Type   Attr      Idx    E Section Name        Object

    0x0100a200   0x0100a200   0x00000004   Data   RO          295    .option_setting_ofs1_sec  bsp_rom_registers.o


    Execution Region UNUSED_7 (Exec base: 0x0100a204, Load base: 0x0100a204, Size: 0x0000000c, Max: 0x0000000c, ABSOLUTE, FIXED)

    Exec Addr    Load Addr    Size         Type   Attr      Idx    E Section Name        Object

    0x0100a204        -       0x0000000c   Zero   RW           18    UNUSED_7.bss        anon$$obj.o


    Execution Region BANKSEL_SEC (Exec base: 0x0100a210, Load base: 0x0100a210, Size: 0x00000004, Max: 0xffffffff, ABSOLUTE, FIXED)

    Exec Addr    Load Addr    Size         Type   Attr      Idx    E Section Name        Object

    0x0100a210   0x0100a210   0x00000004   Data   RO          296    .option_setting_banksel_sec  bsp_rom_registers.o


    Execution Region UNUSED_8 (Exec base: 0x0100a214, Load base: 0x0100a214, Size: 0x0000002c, Max: 0x0000002c, ABSOLUTE, FIXED)

    Exec Addr    Load Addr    Size         Type   Attr      Idx    E Section Name        Object

    0x0100a214        -       0x0000002c   Zero   RW           19    UNUSED_8.bss        anon$$obj.o


    Execution Region BPS_SEC (Exec base: 0x0100a240, Load base: 0x0100a240, Size: 0x0000000c, Max: 0xffffffff, ABSOLUTE, FIXED)

    Exec Addr    Load Addr    Size         Type   Attr      Idx    E Section Name        Object

    0x0100a240   0x0100a240   0x00000004   Data   RO          297    .option_setting_bps_sec0  bsp_rom_registers.o
    0x0100a244   0x0100a244   0x00000004   Data   RO          298    .option_setting_bps_sec1  bsp_rom_registers.o
    0x0100a248   0x0100a248   0x00000004   Data   RO          299    .option_setting_bps_sec2  bsp_rom_registers.o


    Execution Region UNUSED_9 (Exec base: 0x0100a24c, Load base: 0x0100a24c, Size: 0x00000014, Max: 0x00000014, ABSOLUTE, FIXED)

    Exec Addr    Load Addr    Size         Type   Attr      Idx    E Section Name        Object

    0x0100a24c        -       0x00000014   Zero   RW           20    UNUSED_9.bss        anon$$obj.o


    Execution Region PBPS_SEC (Exec base: 0x0100a260, Load base: 0x0100a260, Size: 0x0000000c, Max: 0xffffffff, ABSOLUTE, FIXED)

    Exec Addr    Load Addr    Size         Type   Attr      Idx    E Section Name        Object

    0x0100a260   0x0100a260   0x00000004   Data   RO          301    .option_setting_pbps_sec0  bsp_rom_registers.o
    0x0100a264   0x0100a264   0x00000004   Data   RO          302    .option_setting_pbps_sec1  bsp_rom_registers.o
    0x0100a268   0x0100a268   0x00000004   Data   RO          303    .option_setting_pbps_sec2  bsp_rom_registers.o


    Execution Region UNUSED_10 (Exec base: 0x0100a26c, Load base: 0x0100a26c, Size: 0x00000014, Max: 0x00000014, ABSOLUTE, FIXED)

    Exec Addr    Load Addr    Size         Type   Attr      Idx    E Section Name        Object

    0x0100a26c        -       0x00000014   Zero   RW           21    UNUSED_10.bss       anon$$obj.o


    Execution Region OFS1_SEL (Exec base: 0x0100a280, Load base: 0x0100a280, Size: 0x00000004, Max: 0xffffffff, ABSOLUTE, FIXED)

    Exec Addr    Load Addr    Size         Type   Attr      Idx    E Section Name        Object

    0x0100a280   0x0100a280   0x00000004   Data   RO          305    .option_setting_ofs1_sel  bsp_rom_registers.o


    Execution Region UNUSED_11 (Exec base: 0x0100a284, Load base: 0x0100a284, Size: 0x0000000c, Max: 0x0000000c, ABSOLUTE, FIXED)

    Exec Addr    Load Addr    Size         Type   Attr      Idx    E Section Name        Object

    0x0100a284        -       0x0000000c   Zero   RW           22    UNUSED_11.bss       anon$$obj.o


    Execution Region BANKSEL_SEL (Exec base: 0x0100a290, Load base: 0x0100a290, Size: 0x00000004, Max: 0xffffffff, ABSOLUTE, FIXED)

    Exec Addr    Load Addr    Size         Type   Attr      Idx    E Section Name        Object

    0x0100a290   0x0100a290   0x00000004   Data   RO          306    .option_setting_banksel_sel  bsp_rom_registers.o


    Execution Region UNUSED_12 (Exec base: 0x0100a294, Load base: 0x0100a294, Size: 0x0000002c, Max: 0x0000002c, ABSOLUTE, FIXED)

    Exec Addr    Load Addr    Size         Type   Attr      Idx    E Section Name        Object

    0x0100a294        -       0x0000002c   Zero   RW           23    UNUSED_12.bss       anon$$obj.o


    Execution Region BPS_SEL (Exec base: 0x0100a2c0, Load base: 0x0100a2c0, Size: 0x0000000c, Max: 0xffffffff, ABSOLUTE, FIXED)

    Exec Addr    Load Addr    Size         Type   Attr      Idx    E Section Name        Object

    0x0100a2c0   0x0100a2c0   0x00000004   Data   RO          307    .option_setting_bps_sel0  bsp_rom_registers.o
    0x0100a2c4   0x0100a2c4   0x00000004   Data   RO          308    .option_setting_bps_sel1  bsp_rom_registers.o
    0x0100a2c8   0x0100a2c8   0x00000004   Data   RO          309    .option_setting_bps_sel2  bsp_rom_registers.o


    Execution Region UNUSED_13 (Exec base: 0x0100a2cc, Load base: 0x0100a2cc, Size: 0x00000034, Max: 0x00000034, ABSOLUTE, FIXED)

    Exec Addr    Load Addr    Size         Type   Attr      Idx    E Section Name        Object

    0x0100a2cc        -       0x00000034   Zero   RW           24    UNUSED_13.bss       anon$$obj.o


    Execution Region __tz_OPTION_SETTING_S_N (Exec base: 0x0100a300, Load base: 0x0100a300, Size: 0x00000000, Max: 0x00000000, ABSOLUTE)

    Exec Addr    Load Addr    Size         Type   Attr      Idx    E Section Name        Object

    0x0100a300        -       0x00000000   Zero   RW           25    __tz_OPTION_SETTING_S_N.bss  anon$$obj.o



  Load Region LOAD_REGION_DATA_FLASH (Base: 0x08000000, Size: 0x00000000, Max: 0x00002000, ABSOLUTE)

    Execution Region __tz_DATA_FLASH_S (Exec base: 0x08000000, Load base: 0x08000000, Size: 0x00000000, Max: 0x00000000, ABSOLUTE)

    Exec Addr    Load Addr    Size         Type   Attr      Idx    E Section Name        Object

    0x08000000        -       0x00000000   Zero   RW           26    __tz_DATA_FLASH_S.bss  anon$$obj.o


    Execution Region DATA_FLASH (Exec base: 0x08000000, Load base: 0x08000000, Size: 0x00000000, Max: 0xffffffff, ABSOLUTE, FIXED)

    **** No section assigned to this execution region ****


    Execution Region __tz_DATA_FLASH_N (Exec base: 0x08000000, Load base: 0x08000000, Size: 0x00000000, Max: 0x00000000, ABSOLUTE)

    Exec Addr    Load Addr    Size         Type   Attr      Idx    E Section Name        Object

    0x08000000        -       0x00000000   Zero   RW           27    __tz_DATA_FLASH_N.bss  anon$$obj.o



  Load Region LOAD_REGION_QSPI_FLASH (Base: 0x60000000, Size: 0x00000000, Max: 0x04000000, ABSOLUTE)

    Execution Region __tz_QSPI_FLASH_S (Exec base: 0x60000000, Load base: 0x60000000, Size: 0x00000000, Max: 0x00000000, ABSOLUTE)

    Exec Addr    Load Addr    Size         Type   Attr      Idx    E Section Name        Object

    0x60000000        -       0x00000000   Zero   RW           28    __tz_QSPI_FLASH_S.bss  anon$$obj.o


    Execution Region QSPI_FLASH (Exec base: 0x60000000, Load base: 0x60000000, Size: 0x00000000, Max: 0xffffffff, ABSOLUTE, FIXED)

    **** No section assigned to this execution region ****


    Execution Region __tz_QSPI_FLASH_N (Exec base: 0x60000000, Load base: 0x60000000, Size: 0x00000000, Max: 0x00000000, ABSOLUTE)

    Exec Addr    Load Addr    Size         Type   Attr      Idx    E Section Name        Object

    0x60000000        -       0x00000000   Zero   RW           29    __tz_QSPI_FLASH_N.bss  anon$$obj.o



  Load Region LOAD_REGION_OSPI_DEVICE_0 (Base: 0x68000000, Size: 0x00000000, Max: 0x08000000, ABSOLUTE)

    Execution Region __tz_OSPI_DEVICE_0_S (Exec base: 0x68000000, Load base: 0x68000000, Size: 0x00000000, Max: 0x00000000, ABSOLUTE)

    Exec Addr    Load Addr    Size         Type   Attr      Idx    E Section Name        Object

    0x68000000        -       0x00000000   Zero   RW           30    __tz_OSPI_DEVICE_0_S.bss  anon$$obj.o


    Execution Region OSPI_DEVICE_0 (Exec base: 0x68000000, Load base: 0x68000000, Size: 0x00000000, Max: 0xffffffff, ABSOLUTE, FIXED)

    **** No section assigned to this execution region ****


    Execution Region __tz_OSPI_DEVICE_0_N (Exec base: 0x68000000, Load base: 0x68000000, Size: 0x00000000, Max: 0x00000000, ABSOLUTE)

    Exec Addr    Load Addr    Size         Type   Attr      Idx    E Section Name        Object

    0x68000000        -       0x00000000   Zero   RW           31    __tz_OSPI_DEVICE_0_N.bss  anon$$obj.o



  Load Region LOAD_REGION_OSPI_DEVICE_1 (Base: 0x70000000, Size: 0x00000000, Max: 0x10000000, ABSOLUTE)

    Execution Region __tz_OSPI_DEVICE_1_S (Exec base: 0x70000000, Load base: 0x70000000, Size: 0x00000000, Max: 0x00000000, ABSOLUTE)

    Exec Addr    Load Addr    Size         Type   Attr      Idx    E Section Name        Object

    0x70000000        -       0x00000000   Zero   RW           32    __tz_OSPI_DEVICE_1_S.bss  anon$$obj.o


    Execution Region OSPI_DEVICE_1 (Exec base: 0x70000000, Load base: 0x70000000, Size: 0x00000000, Max: 0xffffffff, ABSOLUTE, FIXED)

    **** No section assigned to this execution region ****


    Execution Region __tz_OSPI_DEVICE_1_N (Exec base: 0x70000000, Load base: 0x70000000, Size: 0x00000000, Max: 0x00000000, ABSOLUTE)

    Exec Addr    Load Addr    Size         Type   Attr      Idx    E Section Name        Object

    0x70000000        -       0x00000000   Zero   RW           33    __tz_OSPI_DEVICE_1_N.bss  anon$$obj.o



  Load Region LOAD_REGION_SDRAM (Base: 0x80010000, Size: 0x00000000, Max: 0x00000000, ABSOLUTE)

    Execution Region __tz_SDRAM_S (Exec base: 0x80010000, Load base: 0x80010000, Size: 0x00000000, Max: 0x00000000, ABSOLUTE)

    Exec Addr    Load Addr    Size         Type   Attr      Idx    E Section Name        Object

    0x80010000        -       0x00000000   Zero   RW           34    __tz_SDRAM_S.bss    anon$$obj.o


    Execution Region SDRAM (Exec base: 0x80010000, Load base: 0x80010000, Size: 0x00000000, Max: 0xffffffff, ABSOLUTE, FIXED)

    **** No section assigned to this execution region ****


    Execution Region __tz_SDRAM_N (Exec base: 0x80010000, Load base: 0x80010000, Size: 0x00000000, Max: 0x00000000, ABSOLUTE)

    Exec Addr    Load Addr    Size         Type   Attr      Idx    E Section Name        Object

    0x80010000        -       0x00000000   Zero   RW           35    __tz_SDRAM_N.bss    anon$$obj.o


==============================================================================

Image component sizes


      Code (inc. data)   RO Data    RW Data    ZI Data      Debug   Object Name

       394          0          0          0         28      32589   bsp_clocks.o
         8          0         78          0          0       9743   bsp_common.o
        96          0          0          0          0       1766   bsp_delay.o
        54          0          0          0         64      13520   bsp_group_irq.o
         0          0          0          0          4        588   bsp_io.o
       146          0          0          0        384      17097   bsp_irq.o
       160          0          8          0          8      21332   bsp_register_protection.o
         0          0         76          0          0       1251   bsp_rom_registers.o
       142          0          0          0        304       2851   circular_queue.o
         0          0         12          0          8      19372   common_data.o
        22          0          0          0          0      16471   fsp_button.o
       120          0        158         16        131      11262   fsp_dmac.o
        20          0          0          0          4       3773   fsp_systick.o
       160         32          0          0          1      11757   fsp_uart.o
         0          0        148         20         60      41068   hal_data.o
       292         76          0          0          0      17509   hal_entry.o
        10          0          0          0          0        510   main.o
         0          0         80          0          0       8061   pin_data.o
       606          0          0          0          0      38232   r_dmac.o
       114          0          0          0          0      18172   r_icu.o
       892         12         52          0          0      51078   r_ioport.o
      1390          0          0          0          0      69386   r_sci_uart.o
        14          0         64          0       6144       1059   startup.o
       204          0          0          0          4       4054   system.o
         0          0        768          0          0       9691   vector_data.o

    ----------------------------------------------------------------------
      4856        120       1448         36       7472     422192   Object Totals
         0          0          0          0        328          0   (incl. Generated)
        12          0          4          0          0          0   (incl. Padding)

    ----------------------------------------------------------------------

      Code (inc. data)   RO Data    RW Data    ZI Data      Debug   Library Member Name

        30          0          0          0          0         68   llshl.o
        32          0          0          0          0         68   llushr.o
        36          0          0          0          0         68   memcpya.o
        36          0          0          0          0        108   memseta.o
      1154         54          0          0          0        352   printf8.o
        36          6          0          0          0         80   puts.o
         0          0          0          4          0          0   stdout.o
        98          0          0          0          0         92   uldiv.o

    ----------------------------------------------------------------------
      1424         60          0          4          0        836   Library Totals
         2          0          0          0          0          0   (incl. Padding)

    ----------------------------------------------------------------------

      Code (inc. data)   RO Data    RW Data    ZI Data      Debug   Library Name

      1422         60          0          4          0        836   mc_w.l

    ----------------------------------------------------------------------
      1424         60          0          4          0        836   Library Totals

    ----------------------------------------------------------------------

==============================================================================


      Code (inc. data)   RO Data    RW Data    ZI Data      Debug   

      6280        180       1448         40       7472     422252   Grand Totals
      6280        180       1448         40       7472     422252   ELF Image Totals
      6280        180       1448         40          0          0   ROM Totals

==============================================================================

    Total RO  Size (Code + RO Data)                 7728 (   7.55kB)
    Total RW  Size (RW Data + ZI Data)              7512 (   7.34kB)
    Total ROM Size (Code + RO Data + RW Data)       7768 (   7.59kB)

==============================================================================

