Component: Arm Compiler for Embedded 6.24 Tool: armlink [5f371500]

==============================================================================

Section Cross References

    hal_entry.o(.text.hal_entry) refers to ra_io_portconfig.o(.text.IOPORT_ProtectAccessEnable) for IOPORT_ProtectAccessEnable
    hal_entry.o(.text.hal_entry) refers to ra_io_portconfig.o(.text.IOPORT_Init) for IOPORT_Init
    hal_entry.o(.text.hal_entry) refers to ra_io_portconfig.o(.text.IOPORT_PinWrite) for IOPORT_PinWrite
    hal_entry.o(.ARM.exidx.text.hal_entry) refers to hal_entry.o(.text.hal_entry) for [Anonymous Symbol]
    hal_entry.o(.text.R_BSP_WarmStart) refers to r_ioport.o(.text.R_IOPORT_Open) for R_IOPORT_Open
    hal_entry.o(.text.R_BSP_WarmStart) refers to common_data.o(.rodata.g_ioport) for g_ioport
    hal_entry.o(.text.R_BSP_WarmStart) refers to common_data.o(.bss.g_ioport_ctrl) for g_ioport_ctrl
    hal_entry.o(.ARM.exidx.text.R_BSP_WarmStart) refers to hal_entry.o(.text.R_BSP_WarmStart) for [Anonymous Symbol]
    ra_io_portconfig.o(.ARM.exidx.text.IOPORT_PinRead) refers to ra_io_portconfig.o(.text.IOPORT_PinRead) for [Anonymous Symbol]
    ra_io_portconfig.o(.ARM.exidx.text.IOPORT_PinWrite) refers to ra_io_portconfig.o(.text.IOPORT_PinWrite) for [Anonymous Symbol]
    ra_io_portconfig.o(.ARM.exidx.text.IOPORT_PinToggle) refers to ra_io_portconfig.o(.text.IOPORT_PinToggle) for [Anonymous Symbol]
    ra_io_portconfig.o(.ARM.exidx.text.IOPORT_ProtectAccessEnable) refers to ra_io_portconfig.o(.text.IOPORT_ProtectAccessEnable) for [Anonymous Symbol]
    ra_io_portconfig.o(.ARM.exidx.text.IOPORT_ProtectAccessDisable) refers to ra_io_portconfig.o(.text.IOPORT_ProtectAccessDisable) for [Anonymous Symbol]
    ra_io_portconfig.o(.ARM.exidx.text.IOPORT_Init) refers to ra_io_portconfig.o(.text.IOPORT_Init) for [Anonymous Symbol]
    startup.o(.text.Reset_Handler) refers to system.o(.text.SystemInit) for SystemInit
    startup.o(.text.Reset_Handler) refers to main.o(.text.main) for main
    startup.o(.ARM.exidx.text.Reset_Handler) refers to startup.o(.text.Reset_Handler) for [Anonymous Symbol]
    startup.o(.ARM.exidx.text.Default_Handler) refers to startup.o(.text.Default_Handler) for [Anonymous Symbol]
    startup.o(.fixed_vectors) refers to startup.o(.bss.stack) for [Anonymous Symbol]
    startup.o(.fixed_vectors) refers to startup.o(.text.Reset_Handler) for Reset_Handler
    startup.o(.fixed_vectors) refers to bsp_group_irq.o(.text.NMI_Handler) for NMI_Handler
    startup.o(.fixed_vectors) refers to startup.o(.text.Default_Handler) for HardFault_Handler
    system.o(.text.SystemInit) refers to hal_entry.o(.text.R_BSP_WarmStart) for R_BSP_WarmStart
    system.o(.text.SystemInit) refers to bsp_clocks.o(.text.bsp_clock_init) for bsp_clock_init
    system.o(.text.SystemInit) refers to memseta.o(.text) for __aeabi_memclr4
    system.o(.text.SystemInit) refers to memcpya.o(.text) for __aeabi_memcpy4
    system.o(.text.SystemInit) refers to bsp_clocks.o(.text.SystemCoreClockUpdate) for SystemCoreClockUpdate
    system.o(.text.SystemInit) refers to bsp_clocks.o(.text.R_BSP_Init_RTC) for R_BSP_Init_RTC
    system.o(.text.SystemInit) refers to bsp_register_protection.o(.text.R_BSP_RegisterProtectDisable) for R_BSP_RegisterProtectDisable
    system.o(.text.SystemInit) refers to bsp_register_protection.o(.text.R_BSP_RegisterProtectEnable) for R_BSP_RegisterProtectEnable
    system.o(.text.SystemInit) refers to bsp_irq.o(.text.bsp_irq_cfg) for bsp_irq_cfg
    system.o(.text.SystemInit) refers to bsp_common.o(.text.bsp_init_internal) for bsp_init
    system.o(.text.SystemInit) refers to startup.o(.fixed_vectors) for __Vectors
    system.o(.ARM.exidx.text.SystemInit) refers to system.o(.text.SystemInit) for [Anonymous Symbol]
    system.o(.ARM.exidx.text.R_BSP_WarmStart) refers to system.o(.text.R_BSP_WarmStart) for [Anonymous Symbol]
    bsp_clocks.o(.ARM.exidx.text.bsp_prv_operating_mode_set) refers to bsp_clocks.o(.text.bsp_prv_operating_mode_set) for [Anonymous Symbol]
    bsp_clocks.o(.text.bsp_prv_prepare_pll) refers to bsp_clocks.o(.bss.noinit) for [Anonymous Symbol]
    bsp_clocks.o(.ARM.exidx.text.bsp_prv_prepare_pll) refers to bsp_clocks.o(.text.bsp_prv_prepare_pll) for [Anonymous Symbol]
    bsp_clocks.o(.text.SystemCoreClockUpdate) refers to bsp_clocks.o(.bss.noinit) for [Anonymous Symbol]
    bsp_clocks.o(.text.SystemCoreClockUpdate) refers to system.o(.bss.SystemCoreClock) for SystemCoreClock
    bsp_clocks.o(.ARM.exidx.text.SystemCoreClockUpdate) refers to bsp_clocks.o(.text.SystemCoreClockUpdate) for [Anonymous Symbol]
    bsp_clocks.o(.ARM.exidx.text.prv_clock_dividers_set) refers to bsp_clocks.o(.text.prv_clock_dividers_set) for [Anonymous Symbol]
    bsp_clocks.o(.text.bsp_prv_clock_set) refers to bsp_clocks.o(.bss.noinit) for [Anonymous Symbol]
    bsp_clocks.o(.text.bsp_prv_clock_set) refers to system.o(.bss.SystemCoreClock) for SystemCoreClock
    bsp_clocks.o(.ARM.exidx.text.bsp_prv_clock_set) refers to bsp_clocks.o(.text.bsp_prv_clock_set) for [Anonymous Symbol]
    bsp_clocks.o(.text.bsp_clock_init) refers to bsp_clocks.o(.text.SystemCoreClockUpdate) for SystemCoreClockUpdate
    bsp_clocks.o(.text.bsp_clock_init) refers to bsp_delay.o(.text.R_BSP_SoftwareDelay) for R_BSP_SoftwareDelay
    bsp_clocks.o(.text.bsp_clock_init) refers to bsp_clocks.o(.bss.noinit) for [Anonymous Symbol]
    bsp_clocks.o(.ARM.exidx.text.bsp_clock_init) refers to bsp_clocks.o(.text.bsp_clock_init) for [Anonymous Symbol]
    bsp_clocks.o(.text.R_BSP_SubClockStabilizeWait) refers to bsp_delay.o(.text.R_BSP_SoftwareDelay) for R_BSP_SoftwareDelay
    bsp_clocks.o(.ARM.exidx.text.R_BSP_SubClockStabilizeWait) refers to bsp_clocks.o(.text.R_BSP_SubClockStabilizeWait) for [Anonymous Symbol]
    bsp_clocks.o(.ARM.exidx.text.R_BSP_OctaclkUpdate) refers to bsp_clocks.o(.text.R_BSP_OctaclkUpdate) for [Anonymous Symbol]
    bsp_clocks.o(.text.R_BSP_SourceClockHzGet) refers to bsp_clocks.o(.bss.noinit) for [Anonymous Symbol]
    bsp_clocks.o(.ARM.exidx.text.R_BSP_SourceClockHzGet) refers to bsp_clocks.o(.text.R_BSP_SourceClockHzGet) for [Anonymous Symbol]
    bsp_clocks.o(.text.R_BSP_Init_RTC) refers to bsp_delay.o(.text.R_BSP_SoftwareDelay) for R_BSP_SoftwareDelay
    bsp_clocks.o(.text.R_BSP_Init_RTC) refers to bsp_register_protection.o(.text.R_BSP_RegisterProtectDisable) for R_BSP_RegisterProtectDisable
    bsp_clocks.o(.text.R_BSP_Init_RTC) refers to bsp_register_protection.o(.text.R_BSP_RegisterProtectEnable) for R_BSP_RegisterProtectEnable
    bsp_clocks.o(.ARM.exidx.text.R_BSP_Init_RTC) refers to bsp_clocks.o(.text.R_BSP_Init_RTC) for [Anonymous Symbol]
    bsp_common.o(.ARM.exidx.text.bsp_init_internal) refers to bsp_common.o(.text.bsp_init_internal) for [Anonymous Symbol]
    bsp_common.o(.ARM.exidx.text.R_FSP_VersionGet) refers to bsp_common.o(.text.R_FSP_VersionGet) for [Anonymous Symbol]
    bsp_common.o(.ARM.exidx.text.__aeabi_assert) refers to bsp_common.o(.text.__aeabi_assert) for [Anonymous Symbol]
    bsp_delay.o(.text.R_BSP_SoftwareDelay) refers to bsp_delay.o(.text.bsp_prv_software_delay_loop) for bsp_prv_software_delay_loop
    bsp_delay.o(.text.R_BSP_SoftwareDelay) refers to system.o(.bss.SystemCoreClock) for SystemCoreClock
    bsp_delay.o(.ARM.exidx.text.R_BSP_SoftwareDelay) refers to bsp_delay.o(.text.R_BSP_SoftwareDelay) for [Anonymous Symbol]
    bsp_delay.o(.ARM.exidx.text.bsp_prv_software_delay_loop) refers to bsp_delay.o(.text.bsp_prv_software_delay_loop) for [Anonymous Symbol]
    bsp_group_irq.o(.text.R_BSP_GroupIrqWrite) refers to bsp_group_irq.o(.bss.g_bsp_group_irq_sources) for g_bsp_group_irq_sources
    bsp_group_irq.o(.ARM.exidx.text.R_BSP_GroupIrqWrite) refers to bsp_group_irq.o(.text.R_BSP_GroupIrqWrite) for [Anonymous Symbol]
    bsp_group_irq.o(.text.NMI_Handler) refers to bsp_group_irq.o(.bss.g_bsp_group_irq_sources) for g_bsp_group_irq_sources
    bsp_group_irq.o(.ARM.exidx.text.NMI_Handler) refers to bsp_group_irq.o(.text.NMI_Handler) for [Anonymous Symbol]
    bsp_irq.o(.text.bsp_irq_cfg) refers to bsp_register_protection.o(.text.R_BSP_RegisterProtectDisable) for R_BSP_RegisterProtectDisable
    bsp_irq.o(.text.bsp_irq_cfg) refers to bsp_register_protection.o(.text.R_BSP_RegisterProtectEnable) for R_BSP_RegisterProtectEnable
    bsp_irq.o(.text.bsp_irq_cfg) refers to bsp_irq.o(.rodata.g_interrupt_event_link_select) for g_interrupt_event_link_select
    bsp_irq.o(.ARM.exidx.text.bsp_irq_cfg) refers to bsp_irq.o(.text.bsp_irq_cfg) for [Anonymous Symbol]
    bsp_register_protection.o(.text.R_BSP_RegisterProtectEnable) refers to bsp_register_protection.o(.bss.g_protect_counters) for g_protect_counters
    bsp_register_protection.o(.text.R_BSP_RegisterProtectEnable) refers to bsp_register_protection.o(.rodata.cst8) for [Anonymous Symbol]
    bsp_register_protection.o(.ARM.exidx.text.R_BSP_RegisterProtectEnable) refers to bsp_register_protection.o(.text.R_BSP_RegisterProtectEnable) for [Anonymous Symbol]
    bsp_register_protection.o(.text.R_BSP_RegisterProtectDisable) refers to bsp_register_protection.o(.bss.g_protect_counters) for g_protect_counters
    bsp_register_protection.o(.text.R_BSP_RegisterProtectDisable) refers to bsp_register_protection.o(.rodata.cst8) for [Anonymous Symbol]
    bsp_register_protection.o(.ARM.exidx.text.R_BSP_RegisterProtectDisable) refers to bsp_register_protection.o(.text.R_BSP_RegisterProtectDisable) for [Anonymous Symbol]
    r_ioport.o(.text.R_IOPORT_Open) refers to r_ioport.o(.text.r_ioport_pins_config) for r_ioport_pins_config
    r_ioport.o(.ARM.exidx.text.R_IOPORT_Open) refers to r_ioport.o(.text.R_IOPORT_Open) for [Anonymous Symbol]
    r_ioport.o(.ARM.exidx.text.R_IOPORT_Close) refers to r_ioport.o(.text.R_IOPORT_Close) for [Anonymous Symbol]
    r_ioport.o(.text.R_IOPORT_PinsCfg) refers to r_ioport.o(.text.r_ioport_pins_config) for r_ioport_pins_config
    r_ioport.o(.ARM.exidx.text.R_IOPORT_PinsCfg) refers to r_ioport.o(.text.R_IOPORT_PinsCfg) for [Anonymous Symbol]
    r_ioport.o(.text.R_IOPORT_PinCfg) refers to r_ioport.o(.text.bsp_vbatt_init) for bsp_vbatt_init
    r_ioport.o(.text.R_IOPORT_PinCfg) refers to r_ioport.o(.text.R_BSP_PinAccessEnable) for R_BSP_PinAccessEnable
    r_ioport.o(.text.R_IOPORT_PinCfg) refers to r_ioport.o(.text.r_ioport_pfs_write) for r_ioport_pfs_write
    r_ioport.o(.text.R_IOPORT_PinCfg) refers to r_ioport.o(.text.R_BSP_PinAccessDisable) for R_BSP_PinAccessDisable
    r_ioport.o(.ARM.exidx.text.R_IOPORT_PinCfg) refers to r_ioport.o(.text.R_IOPORT_PinCfg) for [Anonymous Symbol]
    r_ioport.o(.ARM.exidx.text.R_IOPORT_PinEventInputRead) refers to r_ioport.o(.text.R_IOPORT_PinEventInputRead) for [Anonymous Symbol]
    r_ioport.o(.ARM.exidx.text.R_IOPORT_PinEventOutputWrite) refers to r_ioport.o(.text.R_IOPORT_PinEventOutputWrite) for [Anonymous Symbol]
    r_ioport.o(.ARM.exidx.text.R_IOPORT_PinRead) refers to r_ioport.o(.text.R_IOPORT_PinRead) for [Anonymous Symbol]
    r_ioport.o(.ARM.exidx.text.R_IOPORT_PinWrite) refers to r_ioport.o(.text.R_IOPORT_PinWrite) for [Anonymous Symbol]
    r_ioport.o(.ARM.exidx.text.R_IOPORT_PortDirectionSet) refers to r_ioport.o(.text.R_IOPORT_PortDirectionSet) for [Anonymous Symbol]
    r_ioport.o(.ARM.exidx.text.R_IOPORT_PortEventInputRead) refers to r_ioport.o(.text.R_IOPORT_PortEventInputRead) for [Anonymous Symbol]
    r_ioport.o(.ARM.exidx.text.R_IOPORT_PortEventOutputWrite) refers to r_ioport.o(.text.R_IOPORT_PortEventOutputWrite) for [Anonymous Symbol]
    r_ioport.o(.ARM.exidx.text.R_IOPORT_PortRead) refers to r_ioport.o(.text.R_IOPORT_PortRead) for [Anonymous Symbol]
    r_ioport.o(.ARM.exidx.text.R_IOPORT_PortWrite) refers to r_ioport.o(.text.R_IOPORT_PortWrite) for [Anonymous Symbol]
    r_ioport.o(.text.r_ioport_pins_config) refers to r_ioport.o(.text.bsp_vbatt_init) for bsp_vbatt_init
    r_ioport.o(.text.r_ioport_pins_config) refers to r_ioport.o(.text.R_BSP_PinAccessEnable) for R_BSP_PinAccessEnable
    r_ioport.o(.text.r_ioport_pins_config) refers to r_ioport.o(.text.r_ioport_pfs_write) for r_ioport_pfs_write
    r_ioport.o(.text.r_ioport_pins_config) refers to r_ioport.o(.text.R_BSP_PinAccessDisable) for R_BSP_PinAccessDisable
    r_ioport.o(.ARM.exidx.text.r_ioport_pins_config) refers to r_ioport.o(.text.r_ioport_pins_config) for [Anonymous Symbol]
    r_ioport.o(.text.bsp_vbatt_init) refers to bsp_register_protection.o(.text.R_BSP_RegisterProtectDisable) for R_BSP_RegisterProtectDisable
    r_ioport.o(.text.bsp_vbatt_init) refers to bsp_register_protection.o(.text.R_BSP_RegisterProtectEnable) for R_BSP_RegisterProtectEnable
    r_ioport.o(.ARM.exidx.text.bsp_vbatt_init) refers to r_ioport.o(.text.bsp_vbatt_init) for [Anonymous Symbol]
    r_ioport.o(.text.R_BSP_PinAccessEnable) refers to bsp_io.o(.bss.g_protect_pfswe_counter) for g_protect_pfswe_counter
    r_ioport.o(.ARM.exidx.text.R_BSP_PinAccessEnable) refers to r_ioport.o(.text.R_BSP_PinAccessEnable) for [Anonymous Symbol]
    r_ioport.o(.ARM.exidx.text.r_ioport_pfs_write) refers to r_ioport.o(.text.r_ioport_pfs_write) for [Anonymous Symbol]
    r_ioport.o(.text.R_BSP_PinAccessDisable) refers to bsp_io.o(.bss.g_protect_pfswe_counter) for g_protect_pfswe_counter
    r_ioport.o(.ARM.exidx.text.R_BSP_PinAccessDisable) refers to r_ioport.o(.text.R_BSP_PinAccessDisable) for [Anonymous Symbol]
    r_ioport.o(.rodata.g_ioport_on_ioport) refers to r_ioport.o(.text.R_IOPORT_Open) for R_IOPORT_Open
    r_ioport.o(.rodata.g_ioport_on_ioport) refers to r_ioport.o(.text.R_IOPORT_Close) for R_IOPORT_Close
    r_ioport.o(.rodata.g_ioport_on_ioport) refers to r_ioport.o(.text.R_IOPORT_PinsCfg) for R_IOPORT_PinsCfg
    r_ioport.o(.rodata.g_ioport_on_ioport) refers to r_ioport.o(.text.R_IOPORT_PinCfg) for R_IOPORT_PinCfg
    r_ioport.o(.rodata.g_ioport_on_ioport) refers to r_ioport.o(.text.R_IOPORT_PinEventInputRead) for R_IOPORT_PinEventInputRead
    r_ioport.o(.rodata.g_ioport_on_ioport) refers to r_ioport.o(.text.R_IOPORT_PinEventOutputWrite) for R_IOPORT_PinEventOutputWrite
    r_ioport.o(.rodata.g_ioport_on_ioport) refers to r_ioport.o(.text.R_IOPORT_PinRead) for R_IOPORT_PinRead
    r_ioport.o(.rodata.g_ioport_on_ioport) refers to r_ioport.o(.text.R_IOPORT_PinWrite) for R_IOPORT_PinWrite
    r_ioport.o(.rodata.g_ioport_on_ioport) refers to r_ioport.o(.text.R_IOPORT_PortDirectionSet) for R_IOPORT_PortDirectionSet
    r_ioport.o(.rodata.g_ioport_on_ioport) refers to r_ioport.o(.text.R_IOPORT_PortEventInputRead) for R_IOPORT_PortEventInputRead
    r_ioport.o(.rodata.g_ioport_on_ioport) refers to r_ioport.o(.text.R_IOPORT_PortEventOutputWrite) for R_IOPORT_PortEventOutputWrite
    r_ioport.o(.rodata.g_ioport_on_ioport) refers to r_ioport.o(.text.R_IOPORT_PortRead) for R_IOPORT_PortRead
    r_ioport.o(.rodata.g_ioport_on_ioport) refers to r_ioport.o(.text.R_IOPORT_PortWrite) for R_IOPORT_PortWrite
    common_data.o(.ARM.exidx.text.g_common_init) refers to common_data.o(.text.g_common_init) for [Anonymous Symbol]
    common_data.o(.rodata.g_ioport) refers to common_data.o(.bss.g_ioport_ctrl) for g_ioport_ctrl
    common_data.o(.rodata.g_ioport) refers to pin_data.o(.rodata.g_bsp_pin_cfg) for g_bsp_pin_cfg
    common_data.o(.rodata.g_ioport) refers to r_ioport.o(.rodata.g_ioport_on_ioport) for g_ioport_on_ioport
    hal_data.o(.text.g_hal_init) refers to common_data.o(.text.g_common_init) for g_common_init
    hal_data.o(.ARM.exidx.text.g_hal_init) refers to hal_data.o(.text.g_hal_init) for [Anonymous Symbol]
    main.o(.text.main) refers to hal_entry.o(.text.hal_entry) for hal_entry
    main.o(.ARM.exidx.text.main) refers to main.o(.text.main) for [Anonymous Symbol]
    pin_data.o(.rodata.g_bsp_pin_cfg) refers to pin_data.o(.rodata.g_bsp_pin_cfg_data) for g_bsp_pin_cfg_data


==============================================================================

Removing Unused input sections from the image.

    Removing hal_entry.o(.text), (0 bytes).
    Removing hal_entry.o(.ARM.exidx.text.hal_entry), (8 bytes).
    Removing hal_entry.o(.ARM.exidx.text.R_BSP_WarmStart), (8 bytes).
    Removing ra_io_portconfig.o(.text), (0 bytes).
    Removing ra_io_portconfig.o(.text.IOPORT_PinRead), (28 bytes).
    Removing ra_io_portconfig.o(.ARM.exidx.text.IOPORT_PinRead), (8 bytes).
    Removing ra_io_portconfig.o(.ARM.exidx.text.IOPORT_PinWrite), (8 bytes).
    Removing ra_io_portconfig.o(.text.IOPORT_PinToggle), (28 bytes).
    Removing ra_io_portconfig.o(.ARM.exidx.text.IOPORT_PinToggle), (8 bytes).
    Removing ra_io_portconfig.o(.ARM.exidx.text.IOPORT_ProtectAccessEnable), (8 bytes).
    Removing ra_io_portconfig.o(.text.IOPORT_ProtectAccessDisable), (16 bytes).
    Removing ra_io_portconfig.o(.ARM.exidx.text.IOPORT_ProtectAccessDisable), (8 bytes).
    Removing ra_io_portconfig.o(.ARM.exidx.text.IOPORT_Init), (8 bytes).
    Removing startup.o(.text), (0 bytes).
    Removing startup.o(.ARM.exidx.text.Reset_Handler), (8 bytes).
    Removing startup.o(.ARM.exidx.text.Default_Handler), (8 bytes).
    Removing system.o(.text), (0 bytes).
    Removing system.o(.ARM.exidx.text.SystemInit), (8 bytes).
    Removing system.o(.text.R_BSP_WarmStart), (2 bytes).
    Removing system.o(.ARM.exidx.text.R_BSP_WarmStart), (8 bytes).
    Removing bsp_clocks.o(.text), (0 bytes).
    Removing bsp_clocks.o(.text.bsp_prv_operating_mode_set), (60 bytes).
    Removing bsp_clocks.o(.ARM.exidx.text.bsp_prv_operating_mode_set), (8 bytes).
    Removing bsp_clocks.o(.text.bsp_prv_prepare_pll), (12 bytes).
    Removing bsp_clocks.o(.ARM.exidx.text.bsp_prv_prepare_pll), (8 bytes).
    Removing bsp_clocks.o(.ARM.exidx.text.SystemCoreClockUpdate), (8 bytes).
    Removing bsp_clocks.o(.text.prv_clock_dividers_set), (12 bytes).
    Removing bsp_clocks.o(.ARM.exidx.text.prv_clock_dividers_set), (8 bytes).
    Removing bsp_clocks.o(.text.bsp_prv_clock_set), (184 bytes).
    Removing bsp_clocks.o(.ARM.exidx.text.bsp_prv_clock_set), (8 bytes).
    Removing bsp_clocks.o(.ARM.exidx.text.bsp_clock_init), (8 bytes).
    Removing bsp_clocks.o(.text.R_BSP_SubClockStabilizeWait), (8 bytes).
    Removing bsp_clocks.o(.ARM.exidx.text.R_BSP_SubClockStabilizeWait), (8 bytes).
    Removing bsp_clocks.o(.text.R_BSP_OctaclkUpdate), (72 bytes).
    Removing bsp_clocks.o(.ARM.exidx.text.R_BSP_OctaclkUpdate), (8 bytes).
    Removing bsp_clocks.o(.text.R_BSP_SourceClockHzGet), (12 bytes).
    Removing bsp_clocks.o(.ARM.exidx.text.R_BSP_SourceClockHzGet), (8 bytes).
    Removing bsp_clocks.o(.ARM.exidx.text.R_BSP_Init_RTC), (8 bytes).
    Removing bsp_common.o(.text), (0 bytes).
    Removing bsp_common.o(.ARM.exidx.text.bsp_init_internal), (8 bytes).
    Removing bsp_common.o(.text.R_FSP_VersionGet), (12 bytes).
    Removing bsp_common.o(.ARM.exidx.text.R_FSP_VersionGet), (8 bytes).
    Removing bsp_common.o(.text.__aeabi_assert), (4 bytes).
    Removing bsp_common.o(.ARM.exidx.text.__aeabi_assert), (8 bytes).
    Removing bsp_delay.o(.text), (0 bytes).
    Removing bsp_delay.o(.ARM.exidx.text.R_BSP_SoftwareDelay), (8 bytes).
    Removing bsp_delay.o(.ARM.exidx.text.bsp_prv_software_delay_loop), (8 bytes).
    Removing bsp_group_irq.o(.text), (0 bytes).
    Removing bsp_group_irq.o(.text.R_BSP_GroupIrqWrite), (16 bytes).
    Removing bsp_group_irq.o(.ARM.exidx.text.R_BSP_GroupIrqWrite), (8 bytes).
    Removing bsp_group_irq.o(.ARM.exidx.text.NMI_Handler), (8 bytes).
    Removing bsp_guard.o(.text), (0 bytes).
    Removing bsp_io.o(.text), (0 bytes).
    Removing bsp_irq.o(.text), (0 bytes).
    Removing bsp_irq.o(.ARM.exidx.text.bsp_irq_cfg), (8 bytes).
    Removing bsp_irq.o(.bss.gp_renesas_isr_context), (384 bytes).
    Removing bsp_register_protection.o(.text), (0 bytes).
    Removing bsp_register_protection.o(.ARM.exidx.text.R_BSP_RegisterProtectEnable), (8 bytes).
    Removing bsp_register_protection.o(.ARM.exidx.text.R_BSP_RegisterProtectDisable), (8 bytes).
    Removing bsp_rom_registers.o(.text), (0 bytes).
    Removing bsp_sbrk.o(.text), (0 bytes).
    Removing bsp_security.o(.text), (0 bytes).
    Removing bsp_security.o(.rodata.gp_start_of_nonsecure_flash), (4 bytes).
    Removing bsp_security.o(.rodata.gp_start_of_nonsecure_callable_flash), (4 bytes).
    Removing bsp_security.o(.rodata.gp_start_of_secure_flash), (4 bytes).
    Removing bsp_security.o(.rodata.gp_start_of_nonsecure_ram), (4 bytes).
    Removing bsp_security.o(.rodata.gp_start_of_nonsecure_callable_ram), (4 bytes).
    Removing bsp_security.o(.rodata.gp_start_of_secure_ram), (4 bytes).
    Removing bsp_security.o(.rodata.gp_start_of_nonsecure_data_flash), (4 bytes).
    Removing bsp_security.o(.rodata.gp_start_of_secure_data_flash), (4 bytes).
    Removing r_ioport.o(.text), (0 bytes).
    Removing r_ioport.o(.ARM.exidx.text.R_IOPORT_Open), (8 bytes).
    Removing r_ioport.o(.ARM.exidx.text.R_IOPORT_Close), (8 bytes).
    Removing r_ioport.o(.ARM.exidx.text.R_IOPORT_PinsCfg), (8 bytes).
    Removing r_ioport.o(.ARM.exidx.text.R_IOPORT_PinCfg), (8 bytes).
    Removing r_ioport.o(.ARM.exidx.text.R_IOPORT_PinEventInputRead), (8 bytes).
    Removing r_ioport.o(.ARM.exidx.text.R_IOPORT_PinEventOutputWrite), (8 bytes).
    Removing r_ioport.o(.ARM.exidx.text.R_IOPORT_PinRead), (8 bytes).
    Removing r_ioport.o(.ARM.exidx.text.R_IOPORT_PinWrite), (8 bytes).
    Removing r_ioport.o(.ARM.exidx.text.R_IOPORT_PortDirectionSet), (8 bytes).
    Removing r_ioport.o(.ARM.exidx.text.R_IOPORT_PortEventInputRead), (8 bytes).
    Removing r_ioport.o(.ARM.exidx.text.R_IOPORT_PortEventOutputWrite), (8 bytes).
    Removing r_ioport.o(.ARM.exidx.text.R_IOPORT_PortRead), (8 bytes).
    Removing r_ioport.o(.ARM.exidx.text.R_IOPORT_PortWrite), (8 bytes).
    Removing r_ioport.o(.ARM.exidx.text.r_ioport_pins_config), (8 bytes).
    Removing r_ioport.o(.ARM.exidx.text.bsp_vbatt_init), (8 bytes).
    Removing r_ioport.o(.ARM.exidx.text.R_BSP_PinAccessEnable), (8 bytes).
    Removing r_ioport.o(.ARM.exidx.text.r_ioport_pfs_write), (8 bytes).
    Removing r_ioport.o(.ARM.exidx.text.R_BSP_PinAccessDisable), (8 bytes).
    Removing common_data.o(.text), (0 bytes).
    Removing common_data.o(.text.g_common_init), (2 bytes).
    Removing common_data.o(.ARM.exidx.text.g_common_init), (8 bytes).
    Removing hal_data.o(.text), (0 bytes).
    Removing hal_data.o(.text.g_hal_init), (4 bytes).
    Removing hal_data.o(.ARM.exidx.text.g_hal_init), (8 bytes).
    Removing main.o(.text), (0 bytes).
    Removing main.o(.ARM.exidx.text.main), (8 bytes).
    Removing main.o(.ARM.use_no_argv), (4 bytes).
    Removing pin_data.o(.text), (0 bytes).
    Removing vector_data.o(.text), (0 bytes).

100 unused section(s) (total 1316 bytes) removed from the image.

==============================================================================

Image Symbol Table

    Local Symbols

    Symbol Name                              Value     Ov Type        Size  Object(Section)

    ../clib/microlib/string/memcpy.c         0x00000000   Number         0  memcpya.o ABSOLUTE
    ../clib/microlib/string/memcpy.c         0x00000000   Number         0  memcpyb.o ABSOLUTE
    ../clib/microlib/string/memset.c         0x00000000   Number         0  memseta.o ABSOLUTE
    RA_IO_PortConfig.c                       0x00000000   Number         0  ra_io_portconfig.o ABSOLUTE
    __tagsym$$used.1                         0x00000000   Number         0  startup.o(.fixed_vectors)
    bsp_clocks.c                             0x00000000   Number         0  bsp_clocks.o ABSOLUTE
    bsp_common.c                             0x00000000   Number         0  bsp_common.o ABSOLUTE
    bsp_delay.c                              0x00000000   Number         0  bsp_delay.o ABSOLUTE
    bsp_group_irq.c                          0x00000000   Number         0  bsp_group_irq.o ABSOLUTE
    bsp_guard.c                              0x00000000   Number         0  bsp_guard.o ABSOLUTE
    bsp_io.c                                 0x00000000   Number         0  bsp_io.o ABSOLUTE
    bsp_irq.c                                0x00000000   Number         0  bsp_irq.o ABSOLUTE
    bsp_register_protection.c                0x00000000   Number         0  bsp_register_protection.o ABSOLUTE
    bsp_rom_registers.c                      0x00000000   Number         0  bsp_rom_registers.o ABSOLUTE
    bsp_sbrk.c                               0x00000000   Number         0  bsp_sbrk.o ABSOLUTE
    bsp_security.c                           0x00000000   Number         0  bsp_security.o ABSOLUTE
    common_data.c                            0x00000000   Number         0  common_data.o ABSOLUTE
    dc.s                                     0x00000000   Number         0  dc.o ABSOLUTE
    hal_data.c                               0x00000000   Number         0  hal_data.o ABSOLUTE
    hal_entry.c                              0x00000000   Number         0  hal_entry.o ABSOLUTE
    main.c                                   0x00000000   Number         0  main.o ABSOLUTE
    pin_data.c                               0x00000000   Number         0  pin_data.o ABSOLUTE
    r_ioport.c                               0x00000000   Number         0  r_ioport.o ABSOLUTE
    startup.c                                0x00000000   Number         0  startup.o ABSOLUTE
    system.c                                 0x00000000   Number         0  system.o ABSOLUTE
    vector_data.c                            0x00000000   Number         0  vector_data.o ABSOLUTE
    .text                                    0x00000040   Section        0  memcpya.o(.text)
    .text                                    0x00000064   Section        0  memseta.o(.text)
    [Anonymous Symbol]                       0x00000088   Section        0  startup.o(.text.Default_Handler)
    [Anonymous Symbol]                       0x0000008c   Section        0  ra_io_portconfig.o(.text.IOPORT_Init)
    [Anonymous Symbol]                       0x000000cc   Section        0  ra_io_portconfig.o(.text.IOPORT_PinWrite)
    [Anonymous Symbol]                       0x000000e8   Section        0  ra_io_portconfig.o(.text.IOPORT_ProtectAccessEnable)
    [Anonymous Symbol]                       0x000000f4   Section        0  bsp_group_irq.o(.text.NMI_Handler)
    __arm_cp.1_0                             0x0000011c   Number         4  bsp_group_irq.o(.text.NMI_Handler)
    __arm_cp.1_1                             0x00000120   Number         4  bsp_group_irq.o(.text.NMI_Handler)
    [Anonymous Symbol]                       0x00000124   Section        0  bsp_clocks.o(.text.R_BSP_Init_RTC)
    __arm_cp.9_0                             0x00000164   Number         4  bsp_clocks.o(.text.R_BSP_Init_RTC)
    __arm_cp.9_1                             0x00000168   Number         4  bsp_clocks.o(.text.R_BSP_Init_RTC)
    R_BSP_PinAccessDisable                   0x0000016d   Thumb Code    44  r_ioport.o(.text.R_BSP_PinAccessDisable)
    [Anonymous Symbol]                       0x0000016c   Section        0  r_ioport.o(.text.R_BSP_PinAccessDisable)
    R_BSP_PinAccessEnable                    0x00000199   Thumb Code    40  r_ioport.o(.text.R_BSP_PinAccessEnable)
    [Anonymous Symbol]                       0x00000198   Section        0  r_ioport.o(.text.R_BSP_PinAccessEnable)
    __arm_cp.15_0                            0x000001c0   Number         4  r_ioport.o(.text.R_BSP_PinAccessEnable)
    __arm_cp.15_1                            0x000001c4   Number         4  r_ioport.o(.text.R_BSP_PinAccessEnable)
    [Anonymous Symbol]                       0x000001c8   Section        0  bsp_register_protection.o(.text.R_BSP_RegisterProtectDisable)
    [Anonymous Symbol]                       0x00000200   Section        0  bsp_register_protection.o(.text.R_BSP_RegisterProtectEnable)
    __arm_cp.0_0                             0x0000023c   Number         4  bsp_register_protection.o(.text.R_BSP_RegisterProtectEnable)
    __arm_cp.0_1                             0x00000240   Number         4  bsp_register_protection.o(.text.R_BSP_RegisterProtectEnable)
    __arm_cp.0_2                             0x00000244   Number         4  bsp_register_protection.o(.text.R_BSP_RegisterProtectEnable)
    [Anonymous Symbol]                       0x00000248   Section        0  bsp_delay.o(.text.R_BSP_SoftwareDelay)
    __arm_cp.0_1                             0x00000288   Number         4  bsp_delay.o(.text.R_BSP_SoftwareDelay)
    __arm_cp.0_2                             0x0000028c   Number         4  bsp_delay.o(.text.R_BSP_SoftwareDelay)
    [Anonymous Symbol]                       0x00000290   Section        0  hal_entry.o(.text.R_BSP_WarmStart)
    __arm_cp.1_0                             0x000002a0   Number         4  hal_entry.o(.text.R_BSP_WarmStart)
    __arm_cp.1_1                             0x000002a4   Number         4  hal_entry.o(.text.R_BSP_WarmStart)
    [Anonymous Symbol]                       0x000002a8   Section        0  r_ioport.o(.text.R_IOPORT_Close)
    [Anonymous Symbol]                       0x000002b0   Section        0  r_ioport.o(.text.R_IOPORT_Open)
    __arm_cp.0_0                             0x000002c0   Number         4  r_ioport.o(.text.R_IOPORT_Open)
    [Anonymous Symbol]                       0x000002c4   Section        0  r_ioport.o(.text.R_IOPORT_PinCfg)
    [Anonymous Symbol]                       0x000002f4   Section        0  r_ioport.o(.text.R_IOPORT_PinEventInputRead)
    __arm_cp.4_1                             0x00000314   Number         4  r_ioport.o(.text.R_IOPORT_PinEventInputRead)
    [Anonymous Symbol]                       0x00000318   Section        0  r_ioport.o(.text.R_IOPORT_PinEventOutputWrite)
    [Anonymous Symbol]                       0x00000354   Section        0  r_ioport.o(.text.R_IOPORT_PinRead)
    __arm_cp.6_0                             0x00000370   Number         4  r_ioport.o(.text.R_IOPORT_PinRead)
    [Anonymous Symbol]                       0x00000374   Section        0  r_ioport.o(.text.R_IOPORT_PinWrite)
    [Anonymous Symbol]                       0x0000039c   Section        0  r_ioport.o(.text.R_IOPORT_PinsCfg)
    [Anonymous Symbol]                       0x000003a8   Section        0  r_ioport.o(.text.R_IOPORT_PortDirectionSet)
    __arm_cp.8_0                             0x000003c8   Number         4  r_ioport.o(.text.R_IOPORT_PortDirectionSet)
    [Anonymous Symbol]                       0x000003cc   Section        0  r_ioport.o(.text.R_IOPORT_PortEventInputRead)
    [Anonymous Symbol]                       0x000003e0   Section        0  r_ioport.o(.text.R_IOPORT_PortEventOutputWrite)
    __arm_cp.10_0                            0x000003fc   Number         4  r_ioport.o(.text.R_IOPORT_PortEventOutputWrite)
    [Anonymous Symbol]                       0x00000400   Section        0  r_ioport.o(.text.R_IOPORT_PortRead)
    __arm_cp.11_0                            0x00000414   Number         4  r_ioport.o(.text.R_IOPORT_PortRead)
    [Anonymous Symbol]                       0x00000418   Section        0  r_ioport.o(.text.R_IOPORT_PortWrite)
    __arm_cp.12_0                            0x00000434   Number         4  r_ioport.o(.text.R_IOPORT_PortWrite)
    [Anonymous Symbol]                       0x00000438   Section        0  startup.o(.text.Reset_Handler)
    [Anonymous Symbol]                       0x00000444   Section        0  bsp_clocks.o(.text.SystemCoreClockUpdate)
    __arm_cp.2_2                             0x00000460   Number         4  bsp_clocks.o(.text.SystemCoreClockUpdate)
    [Anonymous Symbol]                       0x00000464   Section        0  system.o(.text.SystemInit)
    __arm_cp.0_0                             0x000004f8   Number         4  system.o(.text.SystemInit)
    __arm_cp.0_1                             0x000004fc   Number         4  system.o(.text.SystemInit)
    __arm_cp.0_2                             0x00000500   Number         4  system.o(.text.SystemInit)
    __arm_cp.0_3                             0x00000504   Number         4  system.o(.text.SystemInit)
    __arm_cp.0_4                             0x00000508   Number         4  system.o(.text.SystemInit)
    __arm_cp.0_5                             0x0000050c   Number         4  system.o(.text.SystemInit)
    __arm_cp.0_6                             0x00000510   Number         4  system.o(.text.SystemInit)
    __arm_cp.0_7                             0x00000514   Number         4  system.o(.text.SystemInit)
    __arm_cp.0_8                             0x00000518   Number         4  system.o(.text.SystemInit)
    __arm_cp.0_9                             0x0000051c   Number         4  system.o(.text.SystemInit)
    [Anonymous Symbol]                       0x00000520   Section        0  bsp_clocks.o(.text.bsp_clock_init)
    __arm_cp.5_0                             0x000005cc   Number         4  bsp_clocks.o(.text.bsp_clock_init)
    __arm_cp.5_1                             0x000005d0   Number         4  bsp_clocks.o(.text.bsp_clock_init)
    __arm_cp.5_2                             0x000005d4   Number         4  bsp_clocks.o(.text.bsp_clock_init)
    __arm_cp.5_3                             0x000005d8   Number         4  bsp_clocks.o(.text.bsp_clock_init)
    __arm_cp.5_4                             0x000005dc   Number         4  bsp_clocks.o(.text.bsp_clock_init)
    __arm_cp.5_5                             0x000005e0   Number         4  bsp_clocks.o(.text.bsp_clock_init)
    __arm_cp.5_6                             0x000005e4   Number         4  bsp_clocks.o(.text.bsp_clock_init)
    __arm_cp.5_7                             0x000005e8   Number         4  bsp_clocks.o(.text.bsp_clock_init)
    __arm_cp.5_8                             0x000005ec   Number         4  bsp_clocks.o(.text.bsp_clock_init)
    __arm_cp.5_9                             0x000005f0   Number         4  bsp_clocks.o(.text.bsp_clock_init)
    [Anonymous Symbol]                       0x000005f4   Section        0  bsp_common.o(.text.bsp_init_internal)
    [Anonymous Symbol]                       0x000005f8   Section        0  bsp_irq.o(.text.bsp_irq_cfg)
    __arm_cp.0_0                             0x00000674   Number         4  bsp_irq.o(.text.bsp_irq_cfg)
    __arm_cp.0_1                             0x00000678   Number         4  bsp_irq.o(.text.bsp_irq_cfg)
    __arm_cp.0_2                             0x0000067c   Number         4  bsp_irq.o(.text.bsp_irq_cfg)
    __arm_cp.0_3                             0x00000680   Number         4  bsp_irq.o(.text.bsp_irq_cfg)
    sw_delay_loop                            0x00000684   Number         0  bsp_delay.o(.text.bsp_prv_software_delay_loop)
    [Anonymous Symbol]                       0x00000684   Section        0  bsp_delay.o(.text.bsp_prv_software_delay_loop)
    bsp_vbatt_init                           0x0000068d   Thumb Code   132  r_ioport.o(.text.bsp_vbatt_init)
    [Anonymous Symbol]                       0x0000068c   Section        0  r_ioport.o(.text.bsp_vbatt_init)
    __arm_cp.14_0                            0x00000710   Number         4  r_ioport.o(.text.bsp_vbatt_init)
    g_vbatt_pins_input                       0x00000714   Number         0  r_ioport.o(.text.bsp_vbatt_init)
    [Anonymous Symbol]                       0x00000720   Section        0  hal_entry.o(.text.hal_entry)
    [Anonymous Symbol]                       0x00000758   Section        0  main.o(.text.main)
    r_ioport_pfs_write                       0x00000765   Thumb Code    52  r_ioport.o(.text.r_ioport_pfs_write)
    [Anonymous Symbol]                       0x00000764   Section        0  r_ioport.o(.text.r_ioport_pfs_write)
    __arm_cp.16_0                            0x00000798   Number         4  r_ioport.o(.text.r_ioport_pfs_write)
    r_ioport_pins_config                     0x0000079d   Thumb Code    48  r_ioport.o(.text.r_ioport_pins_config)
    [Anonymous Symbol]                       0x0000079c   Section        0  r_ioport.o(.text.r_ioport_pins_config)
    __tagsym$$used.8                         0x000007cc   Number         0  bsp_rom_registers.o(.option_setting_bps_sec3)
    g_bsp_rom_bps_sec3                       0x000007cc   Data           4  bsp_rom_registers.o(.option_setting_bps_sec3)
    [Anonymous Symbol]                       0x000007cc   Section        0  bsp_rom_registers.o(.option_setting_bps_sec3)
    __tagsym$$used.18                        0x000007d0   Number         0  bsp_rom_registers.o(.option_setting_bps_sel3)
    g_bsp_rom_bps_sel3                       0x000007d0   Data           4  bsp_rom_registers.o(.option_setting_bps_sel3)
    [Anonymous Symbol]                       0x000007d0   Section        0  bsp_rom_registers.o(.option_setting_bps_sel3)
    __tagsym$$used.12                        0x000007d4   Number         0  bsp_rom_registers.o(.option_setting_pbps_sec3)
    g_bsp_rom_pbps_sec3                      0x000007d4   Data           4  bsp_rom_registers.o(.option_setting_pbps_sec3)
    [Anonymous Symbol]                       0x000007d4   Section        0  bsp_rom_registers.o(.option_setting_pbps_sec3)
    g_prcr_masks                             0x000007d8   Data           8  bsp_register_protection.o(.rodata.cst8)
    [Anonymous Symbol]                       0x000007d8   Section        0  bsp_register_protection.o(.rodata.cst8)
    __tagsym$$used.0                         0x000009b8   Number         0  bsp_common.o(.version)
    g_fsp_version                            0x000009b8   Data           4  bsp_common.o(.version)
    [Anonymous Symbol]                       0x000009b8   Section        0  bsp_common.o(.version)
    __tagsym$$used.1                         0x000009bc   Number         0  bsp_common.o(.version)
    g_fsp_version_string                     0x000009bc   Data           6  bsp_common.o(.version)
    [Anonymous Symbol]                       0x000009bc   Section        0  bsp_common.o(.version)
    __tagsym$$used.2                         0x000009c2   Number         0  bsp_common.o(.version)
    g_fsp_version_build_string               0x000009c2   Data          68  bsp_common.o(.version)
    [Anonymous Symbol]                       0x000009c2   Section        0  bsp_common.o(.version)
    __tagsym$$used.0                         0x0100a100   Number         0  bsp_rom_registers.o(.option_setting_ofs0)
    g_bsp_rom_ofs0                           0x0100a100   Data           4  bsp_rom_registers.o(.option_setting_ofs0)
    [Anonymous Symbol]                       0x0100a100   Section        0  bsp_rom_registers.o(.option_setting_ofs0)
    __tagsym$$used.1                         0x0100a110   Number         0  bsp_rom_registers.o(.option_setting_dualsel)
    g_bsp_rom_dualsel                        0x0100a110   Data           4  bsp_rom_registers.o(.option_setting_dualsel)
    [Anonymous Symbol]                       0x0100a110   Section        0  bsp_rom_registers.o(.option_setting_dualsel)
    __tagsym$$used.2                         0x0100a134   Number         0  bsp_rom_registers.o(.option_setting_sas)
    g_bsp_rom_sas                            0x0100a134   Data           4  bsp_rom_registers.o(.option_setting_sas)
    [Anonymous Symbol]                       0x0100a134   Section        0  bsp_rom_registers.o(.option_setting_sas)
    __tagsym$$used.3                         0x0100a200   Number         0  bsp_rom_registers.o(.option_setting_ofs1_sec)
    g_bsp_rom_ofs1_sec                       0x0100a200   Data           4  bsp_rom_registers.o(.option_setting_ofs1_sec)
    [Anonymous Symbol]                       0x0100a200   Section        0  bsp_rom_registers.o(.option_setting_ofs1_sec)
    __tagsym$$used.4                         0x0100a210   Number         0  bsp_rom_registers.o(.option_setting_banksel_sec)
    g_bsp_rom_banksel_sec                    0x0100a210   Data           4  bsp_rom_registers.o(.option_setting_banksel_sec)
    [Anonymous Symbol]                       0x0100a210   Section        0  bsp_rom_registers.o(.option_setting_banksel_sec)
    __tagsym$$used.5                         0x0100a240   Number         0  bsp_rom_registers.o(.option_setting_bps_sec0)
    g_bsp_rom_bps_sec0                       0x0100a240   Data           4  bsp_rom_registers.o(.option_setting_bps_sec0)
    [Anonymous Symbol]                       0x0100a240   Section        0  bsp_rom_registers.o(.option_setting_bps_sec0)
    __tagsym$$used.6                         0x0100a244   Number         0  bsp_rom_registers.o(.option_setting_bps_sec1)
    g_bsp_rom_bps_sec1                       0x0100a244   Data           4  bsp_rom_registers.o(.option_setting_bps_sec1)
    [Anonymous Symbol]                       0x0100a244   Section        0  bsp_rom_registers.o(.option_setting_bps_sec1)
    __tagsym$$used.7                         0x0100a248   Number         0  bsp_rom_registers.o(.option_setting_bps_sec2)
    g_bsp_rom_bps_sec2                       0x0100a248   Data           4  bsp_rom_registers.o(.option_setting_bps_sec2)
    [Anonymous Symbol]                       0x0100a248   Section        0  bsp_rom_registers.o(.option_setting_bps_sec2)
    __tagsym$$used.9                         0x0100a260   Number         0  bsp_rom_registers.o(.option_setting_pbps_sec0)
    g_bsp_rom_pbps_sec0                      0x0100a260   Data           4  bsp_rom_registers.o(.option_setting_pbps_sec0)
    [Anonymous Symbol]                       0x0100a260   Section        0  bsp_rom_registers.o(.option_setting_pbps_sec0)
    __tagsym$$used.10                        0x0100a264   Number         0  bsp_rom_registers.o(.option_setting_pbps_sec1)
    g_bsp_rom_pbps_sec1                      0x0100a264   Data           4  bsp_rom_registers.o(.option_setting_pbps_sec1)
    [Anonymous Symbol]                       0x0100a264   Section        0  bsp_rom_registers.o(.option_setting_pbps_sec1)
    __tagsym$$used.11                        0x0100a268   Number         0  bsp_rom_registers.o(.option_setting_pbps_sec2)
    g_bsp_rom_pbps_sec2                      0x0100a268   Data           4  bsp_rom_registers.o(.option_setting_pbps_sec2)
    [Anonymous Symbol]                       0x0100a268   Section        0  bsp_rom_registers.o(.option_setting_pbps_sec2)
    __tagsym$$used.13                        0x0100a280   Number         0  bsp_rom_registers.o(.option_setting_ofs1_sel)
    g_bsp_rom_ofs1_sel                       0x0100a280   Data           4  bsp_rom_registers.o(.option_setting_ofs1_sel)
    [Anonymous Symbol]                       0x0100a280   Section        0  bsp_rom_registers.o(.option_setting_ofs1_sel)
    __tagsym$$used.14                        0x0100a290   Number         0  bsp_rom_registers.o(.option_setting_banksel_sel)
    g_bsp_rom_banksel_sel                    0x0100a290   Data           4  bsp_rom_registers.o(.option_setting_banksel_sel)
    [Anonymous Symbol]                       0x0100a290   Section        0  bsp_rom_registers.o(.option_setting_banksel_sel)
    __tagsym$$used.15                        0x0100a2c0   Number         0  bsp_rom_registers.o(.option_setting_bps_sel0)
    g_bsp_rom_bps_sel0                       0x0100a2c0   Data           4  bsp_rom_registers.o(.option_setting_bps_sel0)
    [Anonymous Symbol]                       0x0100a2c0   Section        0  bsp_rom_registers.o(.option_setting_bps_sel0)
    __tagsym$$used.16                        0x0100a2c4   Number         0  bsp_rom_registers.o(.option_setting_bps_sel1)
    g_bsp_rom_bps_sel1                       0x0100a2c4   Data           4  bsp_rom_registers.o(.option_setting_bps_sel1)
    [Anonymous Symbol]                       0x0100a2c4   Section        0  bsp_rom_registers.o(.option_setting_bps_sel1)
    __tagsym$$used.17                        0x0100a2c8   Number         0  bsp_rom_registers.o(.option_setting_bps_sel2)
    g_bsp_rom_bps_sel2                       0x0100a2c8   Data           4  bsp_rom_registers.o(.option_setting_bps_sel2)
    [Anonymous Symbol]                       0x0100a2c8   Section        0  bsp_rom_registers.o(.option_setting_bps_sel2)
    __tagsym$$used.0                         0x20000058   Number         0  bsp_clocks.o(.bss.noinit)
    g_clock_freq                             0x20000058   Data          28  bsp_clocks.o(.bss.noinit)
    [Anonymous Symbol]                       0x20000058   Section        0  bsp_clocks.o(.bss.noinit)
    __tagsym$$used.0                         0x20000078   Number         0  startup.o(.bss.stack)
    g_main_stack                             0x20000078   Data        1024  startup.o(.bss.stack)
    [Anonymous Symbol]                       0x20000078   Section        0  startup.o(.bss.stack)

    Global Symbols

    Symbol Name                              Value     Ov Type        Size  Object(Section)

    BuildAttributes$$THM_ISAv4$E$P$D$K$B$S$7EM$8M$VFPi5$EXTD16$VFPS$VFMA$PE$A:L22UL41UL21$X:L11$S22US41US21$IEEE1$IW$USESV6$~STKCKD$USESV7$WCHAR32$ENUMINT$~SHL$OSPACE$MICROLIB$REQ8$PRES8$EABIv2 0x00000000   Number         0  anon$$obj.o ABSOLUTE
    Image$$DATA$$Length                      0x00000000   Number         0  anon$$obj.o ABSOLUTE
    Image$$__tz_FLASH_S$$Base                0x00000000   Number         0  anon$$obj.o ABSOLUTE
    __Vectors                                0x00000000   Data          64  startup.o(.fixed_vectors)
    Image$$INIT_ARRAY$$Base                  0x00000040   Number         0  anon$$obj.o ABSOLUTE
    Image$$INIT_ARRAY$$Limit                 0x00000040   Number         0  anon$$obj.o ABSOLUTE
    __aeabi_memcpy                           0x00000041   Thumb Code    36  memcpya.o(.text)
    __aeabi_memcpy4                          0x00000041   Thumb Code     0  memcpya.o(.text)
    __aeabi_memcpy8                          0x00000041   Thumb Code     0  memcpya.o(.text)
    Image$$BSS$$ZI$$Length                   0x00000058   Number         0  anon$$obj.o ABSOLUTE
    __aeabi_memset                           0x00000065   Thumb Code    14  memseta.o(.text)
    __aeabi_memset4                          0x00000065   Thumb Code     0  memseta.o(.text)
    __aeabi_memset8                          0x00000065   Thumb Code     0  memseta.o(.text)
    __aeabi_memclr                           0x00000073   Thumb Code     4  memseta.o(.text)
    __aeabi_memclr4                          0x00000073   Thumb Code     0  memseta.o(.text)
    __aeabi_memclr8                          0x00000073   Thumb Code     0  memseta.o(.text)
    _memset$wrapper                          0x00000077   Thumb Code    18  memseta.o(.text)
    BusFault_Handler                         0x00000089   Thumb Code     4  startup.o(.text.Default_Handler)
    DebugMon_Handler                         0x00000089   Thumb Code     4  startup.o(.text.Default_Handler)
    Default_Handler                          0x00000089   Thumb Code     4  startup.o(.text.Default_Handler)
    HardFault_Handler                        0x00000089   Thumb Code     4  startup.o(.text.Default_Handler)
    MemManage_Handler                        0x00000089   Thumb Code     4  startup.o(.text.Default_Handler)
    PendSV_Handler                           0x00000089   Thumb Code     4  startup.o(.text.Default_Handler)
    SVC_Handler                              0x00000089   Thumb Code     4  startup.o(.text.Default_Handler)
    SecureFault_Handler                      0x00000089   Thumb Code     4  startup.o(.text.Default_Handler)
    SysTick_Handler                          0x00000089   Thumb Code     4  startup.o(.text.Default_Handler)
    UsageFault_Handler                       0x00000089   Thumb Code     4  startup.o(.text.Default_Handler)
    IOPORT_Init                              0x0000008d   Thumb Code    64  ra_io_portconfig.o(.text.IOPORT_Init)
    IOPORT_PinWrite                          0x000000cd   Thumb Code    28  ra_io_portconfig.o(.text.IOPORT_PinWrite)
    IOPORT_ProtectAccessEnable               0x000000e9   Thumb Code    12  ra_io_portconfig.o(.text.IOPORT_ProtectAccessEnable)
    NMI_Handler                              0x000000f5   Thumb Code    40  bsp_group_irq.o(.text.NMI_Handler)
    R_BSP_Init_RTC                           0x00000125   Thumb Code    64  bsp_clocks.o(.text.R_BSP_Init_RTC)
    R_BSP_RegisterProtectDisable             0x000001c9   Thumb Code    56  bsp_register_protection.o(.text.R_BSP_RegisterProtectDisable)
    R_BSP_RegisterProtectEnable              0x00000201   Thumb Code    60  bsp_register_protection.o(.text.R_BSP_RegisterProtectEnable)
    R_BSP_SoftwareDelay                      0x00000249   Thumb Code    64  bsp_delay.o(.text.R_BSP_SoftwareDelay)
    R_BSP_WarmStart                          0x00000291   Thumb Code    16  hal_entry.o(.text.R_BSP_WarmStart)
    R_IOPORT_Close                           0x000002a9   Thumb Code     8  r_ioport.o(.text.R_IOPORT_Close)
    R_IOPORT_Open                            0x000002b1   Thumb Code    16  r_ioport.o(.text.R_IOPORT_Open)
    R_IOPORT_PinCfg                          0x000002c5   Thumb Code    48  r_ioport.o(.text.R_IOPORT_PinCfg)
    R_IOPORT_PinEventInputRead               0x000002f5   Thumb Code    32  r_ioport.o(.text.R_IOPORT_PinEventInputRead)
    R_IOPORT_PinEventOutputWrite             0x00000319   Thumb Code    60  r_ioport.o(.text.R_IOPORT_PinEventOutputWrite)
    R_IOPORT_PinRead                         0x00000355   Thumb Code    28  r_ioport.o(.text.R_IOPORT_PinRead)
    R_IOPORT_PinWrite                        0x00000375   Thumb Code    40  r_ioport.o(.text.R_IOPORT_PinWrite)
    R_IOPORT_PinsCfg                         0x0000039d   Thumb Code    12  r_ioport.o(.text.R_IOPORT_PinsCfg)
    R_IOPORT_PortDirectionSet                0x000003a9   Thumb Code    32  r_ioport.o(.text.R_IOPORT_PortDirectionSet)
    R_IOPORT_PortEventInputRead              0x000003cd   Thumb Code    20  r_ioport.o(.text.R_IOPORT_PortEventInputRead)
    R_IOPORT_PortEventOutputWrite            0x000003e1   Thumb Code    28  r_ioport.o(.text.R_IOPORT_PortEventOutputWrite)
    R_IOPORT_PortRead                        0x00000401   Thumb Code    20  r_ioport.o(.text.R_IOPORT_PortRead)
    R_IOPORT_PortWrite                       0x00000419   Thumb Code    28  r_ioport.o(.text.R_IOPORT_PortWrite)
    Reset_Handler                            0x00000439   Thumb Code    10  startup.o(.text.Reset_Handler)
    SystemCoreClockUpdate                    0x00000445   Thumb Code    28  bsp_clocks.o(.text.SystemCoreClockUpdate)
    SystemInit                               0x00000465   Thumb Code   148  system.o(.text.SystemInit)
    bsp_clock_init                           0x00000521   Thumb Code   172  bsp_clocks.o(.text.bsp_clock_init)
    bsp_init                                 0x000005f5   Thumb Code     2  bsp_common.o(.text.bsp_init_internal)
    bsp_init_internal                        0x000005f5   Thumb Code     2  bsp_common.o(.text.bsp_init_internal)
    bsp_irq_cfg                              0x000005f9   Thumb Code   124  bsp_irq.o(.text.bsp_irq_cfg)
    bsp_prv_software_delay_loop              0x00000685   Thumb Code     8  bsp_delay.o(.text.bsp_prv_software_delay_loop)
    hal_entry                                0x00000721   Thumb Code    56  hal_entry.o(.text.hal_entry)
    main                                     0x00000759   Thumb Code    10  main.o(.text.main)
    g_bsp_pin_cfg                            0x000007e0   Data           8  pin_data.o(.rodata.g_bsp_pin_cfg)
    g_bsp_pin_cfg_data                       0x000007e8   Data          16  pin_data.o(.rodata.g_bsp_pin_cfg_data)
    g_interrupt_event_link_select            0x000007f8   Data         384  bsp_irq.o(.rodata.g_interrupt_event_link_select)
    g_ioport                                 0x00000978   Data          12  common_data.o(.rodata.g_ioport)
    g_ioport_on_ioport                       0x00000984   Data          52  r_ioport.o(.rodata.g_ioport_on_ioport)
    Load$$DATA$$Base                         0x00000a08   Number         0  anon$$obj.o ABSOLUTE
    Image$$__tz_FLASH_C$$Base                0x00008000   Number         0  anon$$obj.o ABSOLUTE
    Image$$__tz_FLASH_N$$Base                0x00008000   Number         0  anon$$obj.o ABSOLUTE
    Image$$__tz_DATA_FLASH_N$$Base           0x08000000   Number         0  anon$$obj.o ABSOLUTE
    Image$$__tz_DATA_FLASH_S$$Base           0x08000000   Number         0  anon$$obj.o ABSOLUTE
    Image$$BSS$$ZI$$Base                     0x20000000   Number         0  anon$$obj.o ABSOLUTE
    Image$$DATA$$Base                        0x20000000   Number         0  anon$$obj.o ABSOLUTE
    Image$$__tz_RAM_S$$Base                  0x20000000   Number         0  anon$$obj.o ABSOLUTE
    SystemCoreClock                          0x20000000   Data           4  system.o(.bss.SystemCoreClock)
    g_bsp_group_irq_sources                  0x20000004   Data          64  bsp_group_irq.o(.bss.g_bsp_group_irq_sources)
    g_ioport_ctrl                            0x20000044   Data           8  common_data.o(.bss.g_ioport_ctrl)
    g_protect_counters                       0x2000004c   Data           8  bsp_register_protection.o(.bss.g_protect_counters)
    g_protect_pfswe_counter                  0x20000054   Data           4  bsp_io.o(.bss.g_protect_pfswe_counter)
    Image$$__tz_RAM_C$$Base                  0x20080000   Number         0  anon$$obj.o ABSOLUTE
    Image$$__tz_RAM_N$$Base                  0x20080000   Number         0  anon$$obj.o ABSOLUTE



==============================================================================

Memory Map of the image

  Image Entry point : 0x00000439

  Load Region LOAD_REGION_FLASH (Base: 0x00000000, Size: 0x00000a08, Max: 0x00200000, ABSOLUTE)

    Execution Region __tz_FLASH_S (Exec base: 0x00000000, Load base: 0x00000000, Size: 0x00000000, Max: 0x00000000, ABSOLUTE)

    Exec Addr    Load Addr    Size         Type   Attr      Idx    E Section Name        Object

    0x00000000        -       0x00000000   Zero   RW            1    __tz_FLASH_S.bss    anon$$obj.o


    Execution Region VECTORS (Exec base: 0x00000000, Load base: 0x00000000, Size: 0x00000040, Max: 0xffffffff, ABSOLUTE, FIXED)

    Exec Addr    Load Addr    Size         Type   Attr      Idx    E Section Name        Object

    0x00000000   0x00000000   0x00000040   Data   RO           74    .fixed_vectors      startup.o


    Execution Region MCUBOOT_SCE9_KEY (Exec base: 0x00000040, Load base: 0x00000040, Size: 0x00000000, Max: 0xffffffff, ABSOLUTE, FIXED)

    **** No section assigned to this execution region ****


    Execution Region INIT_ARRAY (Exec base: 0x00000040, Load base: 0x00000040, Size: 0x00000000, Max: 0xffffffff, ABSOLUTE, FIXED)

    **** No section assigned to this execution region ****


    Execution Region USB_DESC_FS (Exec base: 0x00000040, Load base: 0x00000040, Size: 0x00000000, Max: 0xffffffff, ABSOLUTE, FIXED)

    **** No section assigned to this execution region ****


    Execution Region RO_CODE_DATA (Exec base: 0x00000040, Load base: 0x00000040, Size: 0x000009c8, Max: 0xffffffff, ABSOLUTE, FIXED)

    Exec Addr    Load Addr    Size         Type   Attr      Idx    E Section Name        Object

    0x00000040   0x00000040   0x00000024   Code   RO          318    .text               mc_w.l(memcpya.o)
    0x00000064   0x00000064   0x00000024   Code   RO          320    .text               mc_w.l(memseta.o)
    0x00000088   0x00000088   0x00000004   Code   RO           71    .text.Default_Handler  startup.o
    0x0000008c   0x0000008c   0x00000040   Code   RO           59    .text.IOPORT_Init   ra_io_portconfig.o
    0x000000cc   0x000000cc   0x0000001c   Code   RO           51    .text.IOPORT_PinWrite  ra_io_portconfig.o
    0x000000e8   0x000000e8   0x0000000c   Code   RO           55    .text.IOPORT_ProtectAccessEnable  ra_io_portconfig.o
    0x000000f4   0x000000f4   0x00000030   Code   RO          155    .text.NMI_Handler   bsp_group_irq.o
    0x00000124   0x00000124   0x00000048   Code   RO          113    .text.R_BSP_Init_RTC  bsp_clocks.o
    0x0000016c   0x0000016c   0x0000002c   Code   RO          271    .text.R_BSP_PinAccessDisable  r_ioport.o
    0x00000198   0x00000198   0x00000030   Code   RO          267    .text.R_BSP_PinAccessEnable  r_ioport.o
    0x000001c8   0x000001c8   0x00000038   Code   RO          187    .text.R_BSP_RegisterProtectDisable  bsp_register_protection.o
    0x00000200   0x00000200   0x00000048   Code   RO          185    .text.R_BSP_RegisterProtectEnable  bsp_register_protection.o
    0x00000248   0x00000248   0x00000048   Code   RO          141    .text.R_BSP_SoftwareDelay  bsp_delay.o
    0x00000290   0x00000290   0x00000018   Code   RO           39    .text.R_BSP_WarmStart  hal_entry.o
    0x000002a8   0x000002a8   0x00000008   Code   RO          239    .text.R_IOPORT_Close  r_ioport.o
    0x000002b0   0x000002b0   0x00000014   Code   RO          237    .text.R_IOPORT_Open  r_ioport.o
    0x000002c4   0x000002c4   0x00000030   Code   RO          243    .text.R_IOPORT_PinCfg  r_ioport.o
    0x000002f4   0x000002f4   0x00000024   Code   RO          245    .text.R_IOPORT_PinEventInputRead  r_ioport.o
    0x00000318   0x00000318   0x0000003c   Code   RO          247    .text.R_IOPORT_PinEventOutputWrite  r_ioport.o
    0x00000354   0x00000354   0x00000020   Code   RO          249    .text.R_IOPORT_PinRead  r_ioport.o
    0x00000374   0x00000374   0x00000028   Code   RO          251    .text.R_IOPORT_PinWrite  r_ioport.o
    0x0000039c   0x0000039c   0x0000000c   Code   RO          241    .text.R_IOPORT_PinsCfg  r_ioport.o
    0x000003a8   0x000003a8   0x00000024   Code   RO          253    .text.R_IOPORT_PortDirectionSet  r_ioport.o
    0x000003cc   0x000003cc   0x00000014   Code   RO          255    .text.R_IOPORT_PortEventInputRead  r_ioport.o
    0x000003e0   0x000003e0   0x00000020   Code   RO          257    .text.R_IOPORT_PortEventOutputWrite  r_ioport.o
    0x00000400   0x00000400   0x00000018   Code   RO          259    .text.R_IOPORT_PortRead  r_ioport.o
    0x00000418   0x00000418   0x00000020   Code   RO          261    .text.R_IOPORT_PortWrite  r_ioport.o
    0x00000438   0x00000438   0x0000000a   Code   RO           69  * .text.Reset_Handler  startup.o
    0x00000442   0x00000442   0x00000002   PAD
    0x00000444   0x00000444   0x00000020   Code   RO           99    .text.SystemCoreClockUpdate  bsp_clocks.o
    0x00000464   0x00000464   0x000000bc   Code   RO           82    .text.SystemInit    system.o
    0x00000520   0x00000520   0x000000d4   Code   RO          105    .text.bsp_clock_init  bsp_clocks.o
    0x000005f4   0x000005f4   0x00000002   Code   RO          124    .text.bsp_init_internal  bsp_common.o
    0x000005f6   0x000005f6   0x00000002   PAD
    0x000005f8   0x000005f8   0x0000008c   Code   RO          173    .text.bsp_irq_cfg   bsp_irq.o
    0x00000684   0x00000684   0x00000008   Code   RO          143    .text.bsp_prv_software_delay_loop  bsp_delay.o
    0x0000068c   0x0000068c   0x00000094   Code   RO          265    .text.bsp_vbatt_init  r_ioport.o
    0x00000720   0x00000720   0x00000038   Code   RO           37    .text.hal_entry     hal_entry.o
    0x00000758   0x00000758   0x0000000a   Code   RO          300    .text.main          main.o
    0x00000762   0x00000762   0x00000002   PAD
    0x00000764   0x00000764   0x00000038   Code   RO          269    .text.r_ioport_pfs_write  r_ioport.o
    0x0000079c   0x0000079c   0x00000030   Code   RO          263    .text.r_ioport_pins_config  r_ioport.o
    0x000007cc   0x000007cc   0x00000004   Data   RO          207    .option_setting_bps_sec3  bsp_rom_registers.o
    0x000007d0   0x000007d0   0x00000004   Data   RO          217    .option_setting_bps_sel3  bsp_rom_registers.o
    0x000007d4   0x000007d4   0x00000004   Data   RO          211    .option_setting_pbps_sec3  bsp_rom_registers.o
    0x000007d8   0x000007d8   0x00000008   Data   RO          190    .rodata.cst8        bsp_register_protection.o
    0x000007e0   0x000007e0   0x00000008   Data   RO          310    .rodata.g_bsp_pin_cfg  pin_data.o
    0x000007e8   0x000007e8   0x00000010   Data   RO          309    .rodata.g_bsp_pin_cfg_data  pin_data.o
    0x000007f8   0x000007f8   0x00000180   Data   RO          175    .rodata.g_interrupt_event_link_select  bsp_irq.o
    0x00000978   0x00000978   0x0000000c   Data   RO          285    .rodata.g_ioport    common_data.o
    0x00000984   0x00000984   0x00000034   Data   RO          273    .rodata.g_ioport_on_ioport  r_ioport.o
    0x000009b8   0x000009b8   0x00000004   Data   RO          130    .version            bsp_common.o
    0x000009bc   0x000009bc   0x00000006   Data   RO          131    .version            bsp_common.o
    0x000009c2   0x000009c2   0x00000044   Data   RO          132    .version            bsp_common.o


    Execution Region __tz_RAM_S (Exec base: 0x20000000, Load base: 0x00000a08, Size: 0x00000000, Max: 0x00000000, ABSOLUTE)

    Exec Addr    Load Addr    Size         Type   Attr      Idx    E Section Name        Object

    0x20000000        -       0x00000000   Zero   RW            2    __tz_RAM_S.bss      anon$$obj.o


    Execution Region DTC_VECTOR_TABLE (Exec base: 0x20000000, Load base: 0x00000a08, Size: 0x00000000, Max: 0x00080000, ABSOLUTE, UNINIT)

    **** No section assigned to this execution region ****


    Execution Region DATA (Exec base: 0x20000000, Load base: 0x00000a08, Size: 0x00000000, Max: 0xffffffff, ABSOLUTE)

    **** No section assigned to this execution region ****


    Execution Region BSS (Exec base: 0x20000000, Load base: 0x00000a08, Size: 0x00000058, Max: 0xffffffff, ABSOLUTE)

    Exec Addr    Load Addr    Size         Type   Attr      Idx    E Section Name        Object

    0x20000000        -       0x00000004   Zero   RW           86    .bss.SystemCoreClock  system.o
    0x20000004        -       0x00000040   Zero   RW          157    .bss.g_bsp_group_irq_sources  bsp_group_irq.o
    0x20000044        -       0x00000008   Zero   RW          284    .bss.g_ioport_ctrl  common_data.o
    0x2000004c        -       0x00000008   Zero   RW          189    .bss.g_protect_counters  bsp_register_protection.o
    0x20000054        -       0x00000004   Zero   RW          167    .bss.g_protect_pfswe_counter  bsp_io.o


    Execution Region NOINIT (Exec base: 0x20000058, Load base: 0x00000a08, Size: 0x0000001c, Max: 0xffffffff, ABSOLUTE, UNINIT)

    Exec Addr    Load Addr    Size         Type   Attr      Idx    E Section Name        Object

    0x20000058        -       0x0000001c   Zero   RW          115    .bss.noinit         bsp_clocks.o


    Execution Region ARM_LIB_HEAP (Exec base: 0x20000078, Load base: 0x00000a08, Size: 0x00000000, Max: 0xffffffff, ABSOLUTE, UNINIT)

    **** No section assigned to this execution region ****


    Execution Region ARM_LIB_STACK (Exec base: 0x20000078, Load base: 0x00000a08, Size: 0x00000000, Max: 0x00000000, ABSOLUTE, UNINIT)

    Exec Addr    Load Addr    Size         Type   Attr      Idx    E Section Name        Object

    0x20000078        -       0x00000000   Zero   RW            3    ARM_LIB_STACK.bss   anon$$obj.o


    Execution Region STACK (Exec base: 0x20000078, Load base: 0x00000a08, Size: 0x00000400, Max: 0xffffffff, ABSOLUTE, UNINIT)

    Exec Addr    Load Addr    Size         Type   Attr      Idx    E Section Name        Object

    0x20000078        -       0x00000400   Zero   RW           73    .bss.stack          startup.o


    Execution Region RAM_END (Exec base: 0x20000478, Load base: 0x00000a08, Size: 0x00000004, Max: 0x00000004, ABSOLUTE)

    Exec Addr    Load Addr    Size         Type   Attr      Idx    E Section Name        Object

    0x20000478        -       0x00000004   Zero   RW            4    RAM_END.bss         anon$$obj.o


    Execution Region __tz_RAM_C (Exec base: 0x20080000, Load base: 0x00000a08, Size: 0x00000000, Max: 0x00000000, ABSOLUTE)

    Exec Addr    Load Addr    Size         Type   Attr      Idx    E Section Name        Object

    0x20080000        -       0x00000000   Zero   RW            5    __tz_RAM_C.bss      anon$$obj.o


    Execution Region __tz_RAM_N (Exec base: 0x20080000, Load base: 0x00000a08, Size: 0x00000000, Max: 0x00000000, ABSOLUTE)

    Exec Addr    Load Addr    Size         Type   Attr      Idx    E Section Name        Object

    0x20080000        -       0x00000000   Zero   RW            6    __tz_RAM_N.bss      anon$$obj.o


    Execution Region RAM_LIMIT (Exec base: 0x20080000, Load base: 0x00000a08, Size: 0x00000004, Max: 0x00000004, ABSOLUTE)

    Exec Addr    Load Addr    Size         Type   Attr      Idx    E Section Name        Object

    0x20080000        -       0x00000004   Zero   RW            7    RAM_LIMIT.bss       anon$$obj.o


    Execution Region OSPI_DEVICE_0_NO_LOAD (Exec base: 0x68000000, Load base: 0x00000a08, Size: 0x00000000, Max: 0xffffffff, ABSOLUTE, UNINIT)

    **** No section assigned to this execution region ****


    Execution Region OSPI_DEVICE_1_NO_LOAD (Exec base: 0x70000000, Load base: 0x00000a08, Size: 0x00000000, Max: 0xffffffff, ABSOLUTE, UNINIT)

    **** No section assigned to this execution region ****



  Load Region LOAD_REGION_NSC_FLASH (Base: 0x00008000, Size: 0x00000000, Max: 0xffffffff, ABSOLUTE)

    Execution Region __tz_FLASH_C (Exec base: 0x00008000, Load base: 0x00008000, Size: 0x00000000, Max: 0x00000000, ABSOLUTE)

    Exec Addr    Load Addr    Size         Type   Attr      Idx    E Section Name        Object

    0x00008000        -       0x00000000   Zero   RW            8    __tz_FLASH_C.bss    anon$$obj.o


    Execution Region EXEC_NSCR (Exec base: 0x00008000, Load base: 0x00008000, Size: 0x00000000, Max: 0xffffffff, ABSOLUTE, FIXED)

    **** No section assigned to this execution region ****


    Execution Region __tz_FLASH_N (Exec base: 0x00008000, Load base: 0x00008000, Size: 0x00000000, Max: 0x00000000, ABSOLUTE)

    Exec Addr    Load Addr    Size         Type   Attr      Idx    E Section Name        Object

    0x00008000        -       0x00000000   Zero   RW            9    __tz_FLASH_N.bss    anon$$obj.o



  Load Region LOAD_REGION_ID_CODE (Base: 0x00000000, Size: 0x00000000, Max: 0x00000004, ABSOLUTE)

    Execution Region __tz_ID_CODE_S (Exec base: 0x00000000, Load base: 0x00000000, Size: 0x00000000, Max: 0x00000000, ABSOLUTE)

    Exec Addr    Load Addr    Size         Type   Attr      Idx    E Section Name        Object

    0x00000000        -       0x00000000   Zero   RW           10    __tz_ID_CODE_S.bss  anon$$obj.o


    Execution Region __tz_ID_CODE_N (Exec base: 0x00000000, Load base: 0x00000000, Size: 0x00000000, Max: 0x00000000, ABSOLUTE)

    Exec Addr    Load Addr    Size         Type   Attr      Idx    E Section Name        Object

    0x00000000        -       0x00000000   Zero   RW           11    __tz_ID_CODE_N.bss  anon$$obj.o



  Load Region LOAD_REGION_OPTION_SETTING (Base: 0x0100a100, Size: 0x00000080, Max: 0x00000100, ABSOLUTE)

    Execution Region __tz_OPTION_SETTING_S (Exec base: 0x0100a100, Load base: 0x0100a100, Size: 0x00000000, Max: 0x00000000, ABSOLUTE)

    Exec Addr    Load Addr    Size         Type   Attr      Idx    E Section Name        Object

    0x0100a100        -       0x00000000   Zero   RW           12    __tz_OPTION_SETTING_S.bss  anon$$obj.o


    Execution Region OFS0 (Exec base: 0x0100a100, Load base: 0x0100a100, Size: 0x00000004, Max: 0xffffffff, ABSOLUTE, FIXED)

    Exec Addr    Load Addr    Size         Type   Attr      Idx    E Section Name        Object

    0x0100a100   0x0100a100   0x00000004   Data   RO          199    .option_setting_ofs0  bsp_rom_registers.o


    Execution Region UNUSED_0 (Exec base: 0x0100a104, Load base: 0x0100a104, Size: 0x0000000c, Max: 0x0000000c, ABSOLUTE, FIXED)

    Exec Addr    Load Addr    Size         Type   Attr      Idx    E Section Name        Object

    0x0100a104        -       0x0000000c   Zero   RW           13    UNUSED_0.bss        anon$$obj.o


    Execution Region DUALSEL (Exec base: 0x0100a110, Load base: 0x0100a110, Size: 0x00000004, Max: 0xffffffff, ABSOLUTE, FIXED)

    Exec Addr    Load Addr    Size         Type   Attr      Idx    E Section Name        Object

    0x0100a110   0x0100a110   0x00000004   Data   RO          200    .option_setting_dualsel  bsp_rom_registers.o


    Execution Region UNUSED_1 (Exec base: 0x0100a114, Load base: 0x0100a114, Size: 0x00000020, Max: 0x00000020, ABSOLUTE, FIXED)

    Exec Addr    Load Addr    Size         Type   Attr      Idx    E Section Name        Object

    0x0100a114        -       0x00000020   Zero   RW           14    UNUSED_1.bss        anon$$obj.o


    Execution Region SAS (Exec base: 0x0100a134, Load base: 0x0100a134, Size: 0x00000004, Max: 0xffffffff, ABSOLUTE, FIXED)

    Exec Addr    Load Addr    Size         Type   Attr      Idx    E Section Name        Object

    0x0100a134   0x0100a134   0x00000004   Data   RO          201    .option_setting_sas  bsp_rom_registers.o


    Execution Region UNUSED_2 (Exec base: 0x0100a138, Load base: 0x0100a138, Size: 0x00000048, Max: 0x00000048, ABSOLUTE, FIXED)

    Exec Addr    Load Addr    Size         Type   Attr      Idx    E Section Name        Object

    0x0100a138        -       0x00000048   Zero   RW           15    UNUSED_2.bss        anon$$obj.o


    Execution Region __tz_OPTION_SETTING_N (Exec base: 0x0100a180, Load base: 0x0100a180, Size: 0x00000000, Max: 0x00000000, ABSOLUTE)

    Exec Addr    Load Addr    Size         Type   Attr      Idx    E Section Name        Object

    0x0100a180        -       0x00000000   Zero   RW           16    __tz_OPTION_SETTING_N.bss  anon$$obj.o



  Load Region LOAD_REGION_OPTION_SETTING_S (Base: 0x0100a200, Size: 0x00000100, Max: 0x00000100, ABSOLUTE)

    Execution Region __tz_OPTION_SETTING_S_S (Exec base: 0x0100a200, Load base: 0x0100a200, Size: 0x00000000, Max: 0x00000000, ABSOLUTE)

    Exec Addr    Load Addr    Size         Type   Attr      Idx    E Section Name        Object

    0x0100a200        -       0x00000000   Zero   RW           17    __tz_OPTION_SETTING_S_S.bss  anon$$obj.o


    Execution Region OFS1_SEC (Exec base: 0x0100a200, Load base: 0x0100a200, Size: 0x00000004, Max: 0xffffffff, ABSOLUTE, FIXED)

    Exec Addr    Load Addr    Size         Type   Attr      Idx    E Section Name        Object

    0x0100a200   0x0100a200   0x00000004   Data   RO          202    .option_setting_ofs1_sec  bsp_rom_registers.o


    Execution Region UNUSED_7 (Exec base: 0x0100a204, Load base: 0x0100a204, Size: 0x0000000c, Max: 0x0000000c, ABSOLUTE, FIXED)

    Exec Addr    Load Addr    Size         Type   Attr      Idx    E Section Name        Object

    0x0100a204        -       0x0000000c   Zero   RW           18    UNUSED_7.bss        anon$$obj.o


    Execution Region BANKSEL_SEC (Exec base: 0x0100a210, Load base: 0x0100a210, Size: 0x00000004, Max: 0xffffffff, ABSOLUTE, FIXED)

    Exec Addr    Load Addr    Size         Type   Attr      Idx    E Section Name        Object

    0x0100a210   0x0100a210   0x00000004   Data   RO          203    .option_setting_banksel_sec  bsp_rom_registers.o


    Execution Region UNUSED_8 (Exec base: 0x0100a214, Load base: 0x0100a214, Size: 0x0000002c, Max: 0x0000002c, ABSOLUTE, FIXED)

    Exec Addr    Load Addr    Size         Type   Attr      Idx    E Section Name        Object

    0x0100a214        -       0x0000002c   Zero   RW           19    UNUSED_8.bss        anon$$obj.o


    Execution Region BPS_SEC (Exec base: 0x0100a240, Load base: 0x0100a240, Size: 0x0000000c, Max: 0xffffffff, ABSOLUTE, FIXED)

    Exec Addr    Load Addr    Size         Type   Attr      Idx    E Section Name        Object

    0x0100a240   0x0100a240   0x00000004   Data   RO          204    .option_setting_bps_sec0  bsp_rom_registers.o
    0x0100a244   0x0100a244   0x00000004   Data   RO          205    .option_setting_bps_sec1  bsp_rom_registers.o
    0x0100a248   0x0100a248   0x00000004   Data   RO          206    .option_setting_bps_sec2  bsp_rom_registers.o


    Execution Region UNUSED_9 (Exec base: 0x0100a24c, Load base: 0x0100a24c, Size: 0x00000014, Max: 0x00000014, ABSOLUTE, FIXED)

    Exec Addr    Load Addr    Size         Type   Attr      Idx    E Section Name        Object

    0x0100a24c        -       0x00000014   Zero   RW           20    UNUSED_9.bss        anon$$obj.o


    Execution Region PBPS_SEC (Exec base: 0x0100a260, Load base: 0x0100a260, Size: 0x0000000c, Max: 0xffffffff, ABSOLUTE, FIXED)

    Exec Addr    Load Addr    Size         Type   Attr      Idx    E Section Name        Object

    0x0100a260   0x0100a260   0x00000004   Data   RO          208    .option_setting_pbps_sec0  bsp_rom_registers.o
    0x0100a264   0x0100a264   0x00000004   Data   RO          209    .option_setting_pbps_sec1  bsp_rom_registers.o
    0x0100a268   0x0100a268   0x00000004   Data   RO          210    .option_setting_pbps_sec2  bsp_rom_registers.o


    Execution Region UNUSED_10 (Exec base: 0x0100a26c, Load base: 0x0100a26c, Size: 0x00000014, Max: 0x00000014, ABSOLUTE, FIXED)

    Exec Addr    Load Addr    Size         Type   Attr      Idx    E Section Name        Object

    0x0100a26c        -       0x00000014   Zero   RW           21    UNUSED_10.bss       anon$$obj.o


    Execution Region OFS1_SEL (Exec base: 0x0100a280, Load base: 0x0100a280, Size: 0x00000004, Max: 0xffffffff, ABSOLUTE, FIXED)

    Exec Addr    Load Addr    Size         Type   Attr      Idx    E Section Name        Object

    0x0100a280   0x0100a280   0x00000004   Data   RO          212    .option_setting_ofs1_sel  bsp_rom_registers.o


    Execution Region UNUSED_11 (Exec base: 0x0100a284, Load base: 0x0100a284, Size: 0x0000000c, Max: 0x0000000c, ABSOLUTE, FIXED)

    Exec Addr    Load Addr    Size         Type   Attr      Idx    E Section Name        Object

    0x0100a284        -       0x0000000c   Zero   RW           22    UNUSED_11.bss       anon$$obj.o


    Execution Region BANKSEL_SEL (Exec base: 0x0100a290, Load base: 0x0100a290, Size: 0x00000004, Max: 0xffffffff, ABSOLUTE, FIXED)

    Exec Addr    Load Addr    Size         Type   Attr      Idx    E Section Name        Object

    0x0100a290   0x0100a290   0x00000004   Data   RO          213    .option_setting_banksel_sel  bsp_rom_registers.o


    Execution Region UNUSED_12 (Exec base: 0x0100a294, Load base: 0x0100a294, Size: 0x0000002c, Max: 0x0000002c, ABSOLUTE, FIXED)

    Exec Addr    Load Addr    Size         Type   Attr      Idx    E Section Name        Object

    0x0100a294        -       0x0000002c   Zero   RW           23    UNUSED_12.bss       anon$$obj.o


    Execution Region BPS_SEL (Exec base: 0x0100a2c0, Load base: 0x0100a2c0, Size: 0x0000000c, Max: 0xffffffff, ABSOLUTE, FIXED)

    Exec Addr    Load Addr    Size         Type   Attr      Idx    E Section Name        Object

    0x0100a2c0   0x0100a2c0   0x00000004   Data   RO          214    .option_setting_bps_sel0  bsp_rom_registers.o
    0x0100a2c4   0x0100a2c4   0x00000004   Data   RO          215    .option_setting_bps_sel1  bsp_rom_registers.o
    0x0100a2c8   0x0100a2c8   0x00000004   Data   RO          216    .option_setting_bps_sel2  bsp_rom_registers.o


    Execution Region UNUSED_13 (Exec base: 0x0100a2cc, Load base: 0x0100a2cc, Size: 0x00000034, Max: 0x00000034, ABSOLUTE, FIXED)

    Exec Addr    Load Addr    Size         Type   Attr      Idx    E Section Name        Object

    0x0100a2cc        -       0x00000034   Zero   RW           24    UNUSED_13.bss       anon$$obj.o


    Execution Region __tz_OPTION_SETTING_S_N (Exec base: 0x0100a300, Load base: 0x0100a300, Size: 0x00000000, Max: 0x00000000, ABSOLUTE)

    Exec Addr    Load Addr    Size         Type   Attr      Idx    E Section Name        Object

    0x0100a300        -       0x00000000   Zero   RW           25    __tz_OPTION_SETTING_S_N.bss  anon$$obj.o



  Load Region LOAD_REGION_DATA_FLASH (Base: 0x08000000, Size: 0x00000000, Max: 0x00002000, ABSOLUTE)

    Execution Region __tz_DATA_FLASH_S (Exec base: 0x08000000, Load base: 0x08000000, Size: 0x00000000, Max: 0x00000000, ABSOLUTE)

    Exec Addr    Load Addr    Size         Type   Attr      Idx    E Section Name        Object

    0x08000000        -       0x00000000   Zero   RW           26    __tz_DATA_FLASH_S.bss  anon$$obj.o


    Execution Region DATA_FLASH (Exec base: 0x08000000, Load base: 0x08000000, Size: 0x00000000, Max: 0xffffffff, ABSOLUTE, FIXED)

    **** No section assigned to this execution region ****


    Execution Region __tz_DATA_FLASH_N (Exec base: 0x08000000, Load base: 0x08000000, Size: 0x00000000, Max: 0x00000000, ABSOLUTE)

    Exec Addr    Load Addr    Size         Type   Attr      Idx    E Section Name        Object

    0x08000000        -       0x00000000   Zero   RW           27    __tz_DATA_FLASH_N.bss  anon$$obj.o



  Load Region LOAD_REGION_QSPI_FLASH (Base: 0x60000000, Size: 0x00000000, Max: 0x04000000, ABSOLUTE)

    Execution Region __tz_QSPI_FLASH_S (Exec base: 0x60000000, Load base: 0x60000000, Size: 0x00000000, Max: 0x00000000, ABSOLUTE)

    Exec Addr    Load Addr    Size         Type   Attr      Idx    E Section Name        Object

    0x60000000        -       0x00000000   Zero   RW           28    __tz_QSPI_FLASH_S.bss  anon$$obj.o


    Execution Region QSPI_FLASH (Exec base: 0x60000000, Load base: 0x60000000, Size: 0x00000000, Max: 0xffffffff, ABSOLUTE, FIXED)

    **** No section assigned to this execution region ****


    Execution Region __tz_QSPI_FLASH_N (Exec base: 0x60000000, Load base: 0x60000000, Size: 0x00000000, Max: 0x00000000, ABSOLUTE)

    Exec Addr    Load Addr    Size         Type   Attr      Idx    E Section Name        Object

    0x60000000        -       0x00000000   Zero   RW           29    __tz_QSPI_FLASH_N.bss  anon$$obj.o



  Load Region LOAD_REGION_OSPI_DEVICE_0 (Base: 0x68000000, Size: 0x00000000, Max: 0x08000000, ABSOLUTE)

    Execution Region __tz_OSPI_DEVICE_0_S (Exec base: 0x68000000, Load base: 0x68000000, Size: 0x00000000, Max: 0x00000000, ABSOLUTE)

    Exec Addr    Load Addr    Size         Type   Attr      Idx    E Section Name        Object

    0x68000000        -       0x00000000   Zero   RW           30    __tz_OSPI_DEVICE_0_S.bss  anon$$obj.o


    Execution Region OSPI_DEVICE_0 (Exec base: 0x68000000, Load base: 0x68000000, Size: 0x00000000, Max: 0xffffffff, ABSOLUTE, FIXED)

    **** No section assigned to this execution region ****


    Execution Region __tz_OSPI_DEVICE_0_N (Exec base: 0x68000000, Load base: 0x68000000, Size: 0x00000000, Max: 0x00000000, ABSOLUTE)

    Exec Addr    Load Addr    Size         Type   Attr      Idx    E Section Name        Object

    0x68000000        -       0x00000000   Zero   RW           31    __tz_OSPI_DEVICE_0_N.bss  anon$$obj.o



  Load Region LOAD_REGION_OSPI_DEVICE_1 (Base: 0x70000000, Size: 0x00000000, Max: 0x10000000, ABSOLUTE)

    Execution Region __tz_OSPI_DEVICE_1_S (Exec base: 0x70000000, Load base: 0x70000000, Size: 0x00000000, Max: 0x00000000, ABSOLUTE)

    Exec Addr    Load Addr    Size         Type   Attr      Idx    E Section Name        Object

    0x70000000        -       0x00000000   Zero   RW           32    __tz_OSPI_DEVICE_1_S.bss  anon$$obj.o


    Execution Region OSPI_DEVICE_1 (Exec base: 0x70000000, Load base: 0x70000000, Size: 0x00000000, Max: 0xffffffff, ABSOLUTE, FIXED)

    **** No section assigned to this execution region ****


    Execution Region __tz_OSPI_DEVICE_1_N (Exec base: 0x70000000, Load base: 0x70000000, Size: 0x00000000, Max: 0x00000000, ABSOLUTE)

    Exec Addr    Load Addr    Size         Type   Attr      Idx    E Section Name        Object

    0x70000000        -       0x00000000   Zero   RW           33    __tz_OSPI_DEVICE_1_N.bss  anon$$obj.o



  Load Region LOAD_REGION_SDRAM (Base: 0x80010000, Size: 0x00000000, Max: 0x00000000, ABSOLUTE)

    Execution Region __tz_SDRAM_S (Exec base: 0x80010000, Load base: 0x80010000, Size: 0x00000000, Max: 0x00000000, ABSOLUTE)

    Exec Addr    Load Addr    Size         Type   Attr      Idx    E Section Name        Object

    0x80010000        -       0x00000000   Zero   RW           34    __tz_SDRAM_S.bss    anon$$obj.o


    Execution Region SDRAM (Exec base: 0x80010000, Load base: 0x80010000, Size: 0x00000000, Max: 0xffffffff, ABSOLUTE, FIXED)

    **** No section assigned to this execution region ****


    Execution Region __tz_SDRAM_N (Exec base: 0x80010000, Load base: 0x80010000, Size: 0x00000000, Max: 0x00000000, ABSOLUTE)

    Exec Addr    Load Addr    Size         Type   Attr      Idx    E Section Name        Object

    0x80010000        -       0x00000000   Zero   RW           35    __tz_SDRAM_N.bss    anon$$obj.o


==============================================================================

Image component sizes


      Code (inc. data)   RO Data    RW Data    ZI Data      Debug   Object Name

       316         52          0          0         28      32150   bsp_clocks.o
         2          0         78          0          0       9640   bsp_common.o
        80          8          0          0          0       1701   bsp_delay.o
        48          8          0          0         64      13502   bsp_group_irq.o
         0          0          0          0          4        510   bsp_io.o
       140         16        384          0          0      17053   bsp_irq.o
       128         12          8          0          8      21253   bsp_register_protection.o
         0          0         76          0          0       1173   bsp_rom_registers.o
         0          0         12          0          8      17460   common_data.o
        80          8          0          0          0      17939   hal_entry.o
        10          0          0          0          0        432   main.o
         0          0         24          0          0       7983   pin_data.o
       744         56         52          0          0      50323   r_ioport.o
       104          0          0          0          0       5271   ra_io_portconfig.o
        14          0         64          0       1024        934   startup.o
       188         40          0          0          4       3843   system.o

    ----------------------------------------------------------------------
      1860        200        700          0       1468     201167   Object Totals
         0          0          0          0        328          0   (incl. Generated)
         6          0          2          0          0          0   (incl. Padding)

    ----------------------------------------------------------------------

      Code (inc. data)   RO Data    RW Data    ZI Data      Debug   Library Member Name

        36          0          0          0          0         68   memcpya.o
        36          0          0          0          0        108   memseta.o

    ----------------------------------------------------------------------
        72          0          0          0          0        176   Library Totals
         0          0          0          0          0          0   (incl. Padding)

    ----------------------------------------------------------------------

      Code (inc. data)   RO Data    RW Data    ZI Data      Debug   Library Name

        72          0          0          0          0        176   mc_w.l

    ----------------------------------------------------------------------
        72          0          0          0          0        176   Library Totals

    ----------------------------------------------------------------------

==============================================================================


      Code (inc. data)   RO Data    RW Data    ZI Data      Debug   

      1932        200        700          0       1468     201071   Grand Totals
      1932        200        700          0       1468     201071   ELF Image Totals
      1932        200        700          0          0          0   ROM Totals

==============================================================================

    Total RO  Size (Code + RO Data)                 2632 (   2.57kB)
    Total RW  Size (RW Data + ZI Data)              1468 (   1.43kB)
    Total ROM Size (Code + RO Data + RW Data)       2632 (   2.57kB)

==============================================================================

